Component: Arm Compiler for Embedded 6.19 Tool: armlink [5e73cb00]

==============================================================================

Section Cross References

    startup_stm32f407xx.o(RESET) refers to startup_stm32f407xx.o(STACK) for __initial_sp
    startup_stm32f407xx.o(RESET) refers to startup_stm32f407xx.o(.text) for Reset_Handler
    startup_stm32f407xx.o(RESET) refers to stm32f4xx_it.o(.text.NMI_Handler) for NMI_Handler
    startup_stm32f407xx.o(RESET) refers to stm32f4xx_it.o(.text.HardFault_Handler) for HardFault_Handler
    startup_stm32f407xx.o(RESET) refers to stm32f4xx_it.o(.text.MemManage_Handler) for MemManage_Handler
    startup_stm32f407xx.o(RESET) refers to stm32f4xx_it.o(.text.BusFault_Handler) for BusFault_Handler
    startup_stm32f407xx.o(RESET) refers to stm32f4xx_it.o(.text.UsageFault_Handler) for UsageFault_Handler
    startup_stm32f407xx.o(RESET) refers to port.o(.text.SVC_Handler) for SVC_Handler
    startup_stm32f407xx.o(RESET) refers to stm32f4xx_it.o(.text.DebugMon_Handler) for DebugMon_Handler
    startup_stm32f407xx.o(RESET) refers to port.o(.text.PendSV_Handler) for PendSV_Handler
    startup_stm32f407xx.o(RESET) refers to port.o(.text.SysTick_Handler) for SysTick_Handler
    startup_stm32f407xx.o(RESET) refers to stm32f4xx_it.o(.text.TIM8_UP_TIM13_IRQHandler) for TIM8_UP_TIM13_IRQHandler
    startup_stm32f407xx.o(.text) refers to system_stm32f4xx.o(.text.SystemInit) for SystemInit
    startup_stm32f407xx.o(.text) refers to entry.o(.ARM.Collect$$$$00000000) for __main
    main.o(.text.main) refers to stm32f4xx_hal.o(.text.HAL_Init) for HAL_Init
    main.o(.text.main) refers to main.o(.text.SystemClock_Config) for SystemClock_Config
    main.o(.text.main) refers to gpio.o(.text.MX_GPIO_Init) for MX_GPIO_Init
    main.o(.text.main) refers to usart.o(.text.MX_UART4_Init) for MX_UART4_Init
    main.o(.text.main) refers to tim.o(.text.MX_TIM14_Init) for MX_TIM14_Init
    main.o(.text.main) refers to i2c.o(.text.MX_I2C1_Init) for MX_I2C1_Init
    main.o(.text.main) refers to i2c.o(.text.MX_I2C2_Init) for MX_I2C2_Init
    main.o(.text.main) refers to i2c.o(.text.MX_I2C3_Init) for MX_I2C3_Init
    main.o(.text.main) refers to bmp280.o(.text.BMP280_Init) for BMP280_Init
    main.o(.text.main) refers to oled.o(.text.OLED_Init) for OLED_Init
    main.o(.text.main) refers to oled.o(.text.OLED_Display_On) for OLED_Display_On
    main.o(.text.main) refers to oled.o(.text.OLED_Clear) for OLED_Clear
    main.o(.text.main) refers to stm32f4xx_hal_gpio.o(.text.HAL_GPIO_WritePin) for HAL_GPIO_WritePin
    main.o(.text.main) refers to freertos.o(.text.MX_FREERTOS_Init) for MX_FREERTOS_Init
    main.o(.text.main) refers to cmsis_os.o(.text.osKernelStart) for osKernelStart
    main.o(.ARM.exidx.text.main) refers to main.o(.text.main) for [Anonymous Symbol]
    main.o(.text.SystemClock_Config) refers to stm32f4xx_hal_rcc.o(.text.HAL_RCC_OscConfig) for HAL_RCC_OscConfig
    main.o(.text.SystemClock_Config) refers to stm32f4xx_hal_rcc.o(.text.HAL_RCC_ClockConfig) for HAL_RCC_ClockConfig
    main.o(.ARM.exidx.text.SystemClock_Config) refers to main.o(.text.SystemClock_Config) for [Anonymous Symbol]
    main.o(.ARM.exidx.text.Error_Handler) refers to main.o(.text.Error_Handler) for [Anonymous Symbol]
    main.o(.text.HAL_TIM_PeriodElapsedCallback) refers to stm32f4xx_hal.o(.text.HAL_IncTick) for HAL_IncTick
    main.o(.ARM.exidx.text.HAL_TIM_PeriodElapsedCallback) refers to main.o(.text.HAL_TIM_PeriodElapsedCallback) for [Anonymous Symbol]
    gpio.o(.text.MX_GPIO_Init) refers to stm32f4xx_hal_gpio.o(.text.HAL_GPIO_WritePin) for HAL_GPIO_WritePin
    gpio.o(.text.MX_GPIO_Init) refers to stm32f4xx_hal_gpio.o(.text.HAL_GPIO_Init) for HAL_GPIO_Init
    gpio.o(.ARM.exidx.text.MX_GPIO_Init) refers to gpio.o(.text.MX_GPIO_Init) for [Anonymous Symbol]
    freertos.o(.text.vApplicationGetIdleTaskMemory) refers to freertos.o(.bss.xIdleTaskTCBBuffer) for xIdleTaskTCBBuffer
    freertos.o(.text.vApplicationGetIdleTaskMemory) refers to freertos.o(.bss.xIdleStack) for xIdleStack
    freertos.o(.ARM.exidx.text.vApplicationGetIdleTaskMemory) refers to freertos.o(.text.vApplicationGetIdleTaskMemory) for [Anonymous Symbol]
    freertos.o(.text.MX_FREERTOS_Init) refers to cmsis_os.o(.text.osThreadCreate) for osThreadCreate
    freertos.o(.text.MX_FREERTOS_Init) refers to freertos.o(.bss..L_MergedGlobals) for .L_MergedGlobals
    freertos.o(.text.MX_FREERTOS_Init) refers to freertos.o(.rodata.str1.1) for [Anonymous Symbol]
    freertos.o(.text.MX_FREERTOS_Init) refers to freertos.o(.text.MPU6050_Task) for MPU6050_Task
    freertos.o(.text.MX_FREERTOS_Init) refers to freertos.o(.text.BMP280_Task) for BMP280_Task
    freertos.o(.text.MX_FREERTOS_Init) refers to freertos.o(.text.OLED_Task) for OLED_Task
    freertos.o(.ARM.exidx.text.MX_FREERTOS_Init) refers to freertos.o(.text.MX_FREERTOS_Init) for [Anonymous Symbol]
[...]
    get_st_biases                            0x08005235   Thumb Code  1084  inv_mpu.o(.text.get_st_biases)
    [Anonymous Symbol]                       0x08005234   Section        0  inv_mpu.o(.text.get_st_biases)
    inv_orientation_matrix_to_scalar         0x08005671   Thumb Code     4  mpu6050.o(.text.inv_orientation_matrix_to_scalar)
    [Anonymous Symbol]                       0x08005670   Section        0  mpu6050.o(.text.inv_orientation_matrix_to_scalar)
    [Anonymous Symbol]                       0x08005674   Section        0  main.o(.text.main)
    [Anonymous Symbol]                       0x080056c4   Section        0  inv_mpu.o(.text.mpu_configure_fifo)
    [Anonymous Symbol]                       0x08005798   Section        0  inv_mpu.o(.text.mpu_get_accel_fsr)
    [Anonymous Symbol]                       0x080057d4   Section        0  inv_mpu.o(.text.mpu_get_accel_sens)
    [Anonymous Symbol]                       0x08005818   Section        0  inv_mpu.o(.text.mpu_get_gyro_sens)
    [Anonymous Symbol]                       0x08005848   Section        0  inv_mpu.o(.text.mpu_init)
    [Anonymous Symbol]                       0x08005a60   Section        0  inv_mpu.o(.text.mpu_load_firmware)
    [Anonymous Symbol]                       0x08005c04   Section        0  inv_mpu.o(.text.mpu_lp_accel_mode)
    [Anonymous Symbol]                       0x08005e94   Section        0  inv_mpu.o(.text.mpu_read_fifo_stream)
    [Anonymous Symbol]                       0x08005f88   Section        0  inv_mpu.o(.text.mpu_reset_fifo)
    [Anonymous Symbol]                       0x0800619c   Section        0  inv_mpu.o(.text.mpu_run_self_test)
    __arm_cp.31_17                           0x08006688   Number         4  inv_mpu.o(.text.mpu_run_self_test)
    __arm_cp.31_19                           0x08006690   Number         4  inv_mpu.o(.text.mpu_run_self_test)
    __arm_cp.31_20                           0x08006704   Number         4  inv_mpu.o(.text.mpu_run_self_test)
    __arm_cp.31_21                           0x08006708   Number         4  inv_mpu.o(.text.mpu_run_self_test)
    __arm_cp.31_22                           0x0800670c   Number         4  inv_mpu.o(.text.mpu_run_self_test)
    __arm_cp.31_25                           0x080067e8   Number         4  inv_mpu.o(.text.mpu_run_self_test)
    [Anonymous Symbol]                       0x08006a90   Section        0  inv_mpu.o(.text.mpu_set_accel_fsr)
    [Anonymous Symbol]                       0x08006b40   Section        0  inv_mpu.o(.text.mpu_set_bypass)
    [Anonymous Symbol]                       0x08006c78   Section        0  inv_mpu.o(.text.mpu_set_dmp_state)
    [Anonymous Symbol]                       0x08006db0   Section        0  inv_mpu.o(.text.mpu_set_lpf)
    [Anonymous Symbol]                       0x08006e60   Section        0  inv_mpu.o(.text.mpu_set_sample_rate)
    [Anonymous Symbol]                       0x08006f5c   Section        0  inv_mpu.o(.text.mpu_set_sensors)
    [Anonymous Symbol]                       0x0800707c   Section        0  inv_mpu.o(.text.mpu_write_mem)
    [Anonymous Symbol]                       0x08007100   Section        0  cmsis_os.o(.text.osDelay)
    [Anonymous Symbol]                       0x08007110   Section        0  cmsis_os.o(.text.osKernelStart)
    [Anonymous Symbol]                       0x0800711c   Section        0  cmsis_os.o(.text.osThreadCreate)
    prvAddNewTaskToReadyList                 0x08007179   Thumb Code   252  tasks.o(.text.prvAddNewTaskToReadyList)
    [Anonymous Symbol]                       0x08007178   Section        0  tasks.o(.text.prvAddNewTaskToReadyList)
    prvIdleTask                              0x08007275   Thumb Code   134  tasks.o(.text.prvIdleTask)
    [Anonymous Symbol]                       0x08007274   Section        0  tasks.o(.text.prvIdleTask)
    prvInitialiseNewTask                     0x080072fd   Thumb Code   280  tasks.o(.text.prvInitialiseNewTask)
    [Anonymous Symbol]                       0x080072fc   Section        0  tasks.o(.text.prvInitialiseNewTask)
    prvPortStartFirstTask                    0x08007415   Thumb Code    34  port.o(.text.prvPortStartFirstTask)
    [Anonymous Symbol]                       0x08007414   Section        0  port.o(.text.prvPortStartFirstTask)
    prvTaskExitError                         0x0800743d   Thumb Code    62  port.o(.text.prvTaskExitError)
    [Anonymous Symbol]                       0x0800743c   Section        0  port.o(.text.prvTaskExitError)
    [Anonymous Symbol]                       0x0800747c   Section        0  heap_4.o(.text.pvPortMalloc)
    [Anonymous Symbol]                       0x08007688   Section        0  port.o(.text.pxPortInitialiseStack)
    run_self_test                            0x080076b1   Thumb Code   144  mpu6050.o(.text.run_self_test)
    [Anonymous Symbol]                       0x080076b0   Section        0  mpu6050.o(.text.run_self_test)
    [Anonymous Symbol]                       0x08007740   Section        0  list.o(.text.uxListRemove)
    [Anonymous Symbol]                       0x08007764   Section        0  freertos.o(.text.vApplicationGetIdleTaskMemory)
    [Anonymous Symbol]                       0x08007780   Section        0  list.o(.text.vListInitialise)
    [Anonymous Symbol]                       0x08007798   Section        0  list.o(.text.vListInitialiseItem)
    [Anonymous Symbol]                       0x080077a0   Section        0  list.o(.text.vListInsert)
    [Anonymous Symbol]                       0x08007804   Section        0  list.o(.text.vListInsertEnd)
    vPortEnableVFP                           0x08007821   Thumb Code    14  port.o(.text.vPortEnableVFP)
    [Anonymous Symbol]                       0x08007820   Section        0  port.o(.text.vPortEnableVFP)
    [Anonymous Symbol]                       0x08007834   Section        0  port.o(.text.vPortEnterCritical)
    [Anonymous Symbol]                       0x0800787c   Section        0  port.o(.text.vPortExitCritical)
    [Anonymous Symbol]                       0x080078ac   Section        0  heap_4.o(.text.vPortFree)
    [Anonymous Symbol]                       0x08007980   Section        0  port.o(.text.vPortSetupTimerInterrupt)
    [Anonymous Symbol]                       0x080079b4   Section        0  tasks.o(.text.vTaskDelay)
    [Anonymous Symbol]                       0x08007a54   Section        0  tasks.o(.text.vTaskStartScheduler)
    [Anonymous Symbol]                       0x08007b20   Section        0  tasks.o(.text.vTaskSuspendAll)
    [Anonymous Symbol]                       0x08007b30   Section        0  tasks.o(.text.vTaskSwitchContext)
    [Anonymous Symbol]                       0x08007ba0   Section        0  port.o(.text.xPortStartScheduler)
    [Anonymous Symbol]                       0x08007d24   Section        0  tasks.o(.text.xTaskCreate)
    [Anonymous Symbol]                       0x08007d84   Section        0  tasks.o(.text.xTaskCreateStatic)
    [Anonymous Symbol]                       0x08007dfc   Section        0  tasks.o(.text.xTaskIncrementTick)
    [Anonymous Symbol]                       0x08007f04   Section        0  tasks.o(.text.xTaskResumeAll)
    i.__0printf                              0x08007ff0   Section        0  printfa.o(i.__0printf)
    i.__ARM_fpclassify                       0x08008010   Section        0  fpclassify.o(i.__ARM_fpclassify)
    i.__hardfp_asin                          0x08008040   Section        0  asin.o(i.__hardfp_asin)
    i.__hardfp_atan                          0x080083a0   Section        0  atan.o(i.__hardfp_atan)
    i.__hardfp_atan2                         0x08008678   Section        0  atan2.o(i.__hardfp_atan2)
    i.__kernel_poly                          0x08008878   Section        0  poly.o(i.__kernel_poly)
    i.__mathlib_dbl_infnan                   0x08008970   Section        0  dunder.o(i.__mathlib_dbl_infnan)
    i.__mathlib_dbl_infnan2                  0x08008984   Section        0  dunder.o(i.__mathlib_dbl_infnan2)
    i.__mathlib_dbl_invalid                  0x08008998   Section        0  dunder.o(i.__mathlib_dbl_invalid)
    i.__mathlib_dbl_underflow                0x080089b8   Section        0  dunder.o(i.__mathlib_dbl_underflow)
    i.__scatterload_copy                     0x080089d8   Section       14  handlers.o(i.__scatterload_copy)
    i.__scatterload_null                     0x080089e6   Section        2  handlers.o(i.__scatterload_null)
    i.__scatterload_zeroinit                 0x080089e8   Section       14  handlers.o(i.__scatterload_zeroinit)
    i.__set_errno                            0x080089f8   Section        0  errno.o(i.__set_errno)
    _fp_digits                               0x08008a05   Thumb Code   366  printfa.o(i._fp_digits)
    i._fp_digits                             0x08008a04   Section        0  printfa.o(i._fp_digits)
    _printf_core                             0x08008b89   Thumb Code  1744  printfa.o(i._printf_core)
    i._printf_core                           0x08008b88   Section        0  printfa.o(i._printf_core)
    _printf_post_padding                     0x08009265   Thumb Code    36  printfa.o(i._printf_post_padding)
    i._printf_post_padding                   0x08009264   Section        0  printfa.o(i._printf_post_padding)
    _printf_pre_padding                      0x08009289   Thumb Code    46  printfa.o(i._printf_pre_padding)
    i._printf_pre_padding                    0x08009288   Section        0  printfa.o(i._printf_pre_padding)
    i.atan                                   0x080092b6   Section        0  atan.o(i.atan)
    i.fabs                                   0x080092c6   Section        0  fabs.o(i.fabs)
    i.puts                                   0x080092e0   Section        0  puts.o(i.puts)
    i.sqrt                                   0x08009304   Section        0  sqrt.o(i.sqrt)
    pS                                       0x08009378   Data          48  asin.o(.constdata)
    .constdata                               0x08009378   Section       80  asin.o(.constdata)
    qS                                       0x080093a8   Data          32  asin.o(.constdata)
    atanhi                                   0x080093c8   Data          32  atan.o(.constdata)
    .constdata                               0x080093c8   Section      152  atan.o(.constdata)
    atanlo                                   0x080093e8   Data          32  atan.o(.constdata)
    aTodd                                    0x08009408   Data          40  atan.o(.constdata)
    aTeven                                   0x08009430   Data          48  atan.o(.constdata)
    .constdata                               0x08009460   Section        8  qnan.o(.constdata)
    .L__const.dmp_set_orientation.accel_axes 0x08009468   Data           3  inv_mpu_dmp_motion_driver.o(.rodata..L__const.dmp_set_orientation.accel_axes)
    .L__const.dmp_set_orientation.gyro_axes  0x0800946b   Data           3  inv_mpu_dmp_motion_driver.o(.rodata..L__const.dmp_set_orientation.gyro_axes)
    dmp_memory                               0x08009c9e   Data        3062  inv_mpu_dmp_motion_driver.o(.rodata.dmp_memory)
    [Anonymous Symbol]                       0x08009c9e   Section        0  inv_mpu_dmp_motion_driver.o(.rodata.dmp_memory)
    [Anonymous Symbol]                       0x0800a8be   Section        0  freertos.o(.rodata.str1.1)
    .Lstr                                    0x0800a8dc   Data          76  inv_mpu.o(.rodata.str1.1)
    [Anonymous Symbol]                       0x0800a8dc   Section        0  inv_mpu.o(.rodata.str1.1)
    .data                                    0x20000000   Section        4  stdout.o(.data)
    _errno                                   0x20000004   Data           4  errno.o(.data)
    .data                                    0x20000004   Section        4  errno.o(.data)
    .L_MergedGlobals                         0x20000008   Data           8  stm32f4xx_hal.o(.data..L_MergedGlobals)
    [Anonymous Symbol]                       0x20000008   Section        0  stm32f4xx_hal.o(.data..L_MergedGlobals)
    st                                       0x20000014   Data          44  inv_mpu.o(.data.st)
    [Anonymous Symbol]                       0x20000014   Section        0  inv_mpu.o(.data.st)
    uxCriticalNesting                        0x20000040   Data           4  port.o(.data.uxCriticalNesting)
    [Anonymous Symbol]                       0x20000040   Section        0  port.o(.data.uxCriticalNesting)
    .L_MergedGlobals                         0x20000048   Data          12  freertos.o(.bss..L_MergedGlobals)
    [Anonymous Symbol]                       0x20000048   Section        0  freertos.o(.bss..L_MergedGlobals)
    .L_MergedGlobals                         0x20000054   Data         120  tasks.o(.bss..L_MergedGlobals)
    [Anonymous Symbol]                       0x20000054   Section        0  tasks.o(.bss..L_MergedGlobals)
    uxTopReadyPriority                       0x20000058   Data           4  tasks.o(.bss..L_MergedGlobals)
    uxTaskNumber                             0x2000005c   Data           4  tasks.o(.bss..L_MergedGlobals)
    uxDeletedTasksWaitingCleanUp             0x20000060   Data           4  tasks.o(.bss..L_MergedGlobals)
    uxCurrentNumberOfTasks                   0x20000064   Data           4  tasks.o(.bss..L_MergedGlobals)
    xSchedulerRunning                        0x20000068   Data           4  tasks.o(.bss..L_MergedGlobals)
    uxSchedulerSuspended                     0x2000006c   Data           4  tasks.o(.bss..L_MergedGlobals)
    xIdleTaskHandle                          0x20000070   Data           4  tasks.o(.bss..L_MergedGlobals)
    xNextTaskUnblockTime                     0x20000074   Data           4  tasks.o(.bss..L_MergedGlobals)
    xTickCount                               0x20000078   Data           4  tasks.o(.bss..L_MergedGlobals)
    xYieldPending                            0x2000007c   Data           4  tasks.o(.bss..L_MergedGlobals)
    xPendedTicks                             0x20000080   Data           4  tasks.o(.bss..L_MergedGlobals)
    pxDelayedTaskList                        0x20000084   Data           4  tasks.o(.bss..L_MergedGlobals)
    pxOverflowDelayedTaskList                0x20000088   Data           4  tasks.o(.bss..L_MergedGlobals)
    xNumOfOverflows                          0x2000008c   Data           4  tasks.o(.bss..L_MergedGlobals)
    xTasksWaitingTermination                 0x20000090   Data          20  tasks.o(.bss..L_MergedGlobals)
    xSuspendedTaskList                       0x200000a4   Data          20  tasks.o(.bss..L_MergedGlobals)
    xPendingReadyList                        0x200000b8   Data          20  tasks.o(.bss..L_MergedGlobals)
    .L_MergedGlobals                         0x200000cc   Data          32  heap_4.o(.bss..L_MergedGlobals)
    xBlockAllocatedBit                       0x200000cc   Data           1  heap_4.o(.bss..L_MergedGlobals)
    [Anonymous Symbol]                       0x200000cc   Section        0  heap_4.o(.bss..L_MergedGlobals)
    pxEnd                                    0x200000d0   Data           4  heap_4.o(.bss..L_MergedGlobals)
    xFreeBytesRemaining                      0x200000d4   Data           4  heap_4.o(.bss..L_MergedGlobals)
    xMinimumEverFreeBytesRemaining           0x200000d8   Data           4  heap_4.o(.bss..L_MergedGlobals)
    xNumberOfSuccessfulAllocations           0x200000dc   Data           4  heap_4.o(.bss..L_MergedGlobals)
    xNumberOfSuccessfulFrees                 0x200000e0   Data           4  heap_4.o(.bss..L_MergedGlobals)
    xStart                                   0x200000e4   Data           8  heap_4.o(.bss..L_MergedGlobals)
    .L_MergedGlobals                         0x200000ec   Data           8  port.o(.bss..L_MergedGlobals)
    ucMaxSysCallPriority                     0x200000ec   Data           1  port.o(.bss..L_MergedGlobals)
    [Anonymous Symbol]                       0x200000ec   Section        0  port.o(.bss..L_MergedGlobals)
    ulMaxPRIGROUPValue                       0x200000f0   Data           4  port.o(.bss..L_MergedGlobals)
    .L_MergedGlobals                         0x200000f4   Data          16  inv_mpu_dmp_motion_driver.o(.bss..L_MergedGlobals)
    dmp.5                                    0x200000f4   Data           1  inv_mpu_dmp_motion_driver.o(.bss..L_MergedGlobals)
    [Anonymous Symbol]                       0x200000f4   Section        0  inv_mpu_dmp_motion_driver.o(.bss..L_MergedGlobals)
    dmp.3                                    0x200000f8   Data           2  inv_mpu_dmp_motion_driver.o(.bss..L_MergedGlobals)
    dmp.0                                    0x200000fc   Data           4  inv_mpu_dmp_motion_driver.o(.bss..L_MergedGlobals)
    dmp.1                                    0x20000100   Data           4  inv_mpu_dmp_motion_driver.o(.bss..L_MergedGlobals)
    .L_MergedGlobals.1                       0x20000104   Data          40  tasks.o(.bss..L_MergedGlobals.1)
    xDelayedTaskList1                        0x20000104   Data          20  tasks.o(.bss..L_MergedGlobals.1)
    [Anonymous Symbol]                       0x20000104   Section        0  tasks.o(.bss..L_MergedGlobals.1)
    xDelayedTaskList2                        0x20000118   Data          20  tasks.o(.bss..L_MergedGlobals.1)
    dmp.2                                    0x20000164   Data           2  inv_mpu_dmp_motion_driver.o(.bss.dmp.2)
    [Anonymous Symbol]                       0x20000164   Section        0  inv_mpu_dmp_motion_driver.o(.bss.dmp.2)
    dmp.4                                    0x20000168   Data           2  inv_mpu_dmp_motion_driver.o(.bss.dmp.4)
    [Anonymous Symbol]                       0x20000168   Section        0  inv_mpu_dmp_motion_driver.o(.bss.dmp.4)
    pxReadyTasksLists                        0x2000033c   Data         140  tasks.o(.bss.pxReadyTasksLists)
    [Anonymous Symbol]                       0x2000033c   Section        0  tasks.o(.bss.pxReadyTasksLists)
    ucHeap                                   0x200003c8   Data       15360  heap_4.o(.bss.ucHeap)
    [Anonymous Symbol]                       0x200003c8   Section        0  heap_4.o(.bss.ucHeap)
    xIdleStack                               0x20003fcc   Data         512  freertos.o(.bss.xIdleStack)
    [Anonymous Symbol]                       0x20003fcc   Section        0  freertos.o(.bss.xIdleStack)
    xIdleTaskTCBBuffer                       0x200041cc   Data          84  freertos.o(.bss.xIdleTaskTCBBuffer)
    [Anonymous Symbol]                       0x200041cc   Section        0  freertos.o(.bss.xIdleTaskTCBBuffer)
    STACK                                    0x20004220   Section     1024  startup_stm32f407xx.o(STACK)

    Global Symbols

    Symbol Name                              Value     Ov Type        Size  Object(Section)

    BuildAttributes$$THM_ISAv4$E$P$D$K$B$S$7EM$VFPi3$EXTD16$VFPS$VFMA$PE$A:L22UL41UL21$X:L11$S22US41US21$IEEE1$IW$~IW$USESV6$~STKCKD$USESV7$~SHL$OTIME$ROPI$IEEEX$EBA8$MICROLIB$REQ8$PRES8$EABIv2 0x00000000   Number         0  anon$$obj.o ABSOLUTE
    _printf_a                                0x00000000   Number         0  printfstubs.o ABSOLUTE
    _printf_c                                0x00000000   Number         0  printfstubs.o ABSOLUTE
    _printf_charcount                        0x00000000   Number         0  printfstubs.o ABSOLUTE
    _printf_d                                0x00000000   Number         0  printfstubs.o ABSOLUTE
    _printf_e                                0x00000000   Number         0  printfstubs.o ABSOLUTE
    _printf_f                                0x00000000   Number         0  printfstubs.o ABSOLUTE
    _printf_flags                            0x00000000   Number         0  printfstubs.o ABSOLUTE
    _printf_fp_dec                           0x00000000   Number         0  printfstubs.o ABSOLUTE
    _printf_fp_hex                           0x00000000   Number         0  printfstubs.o ABSOLUTE
    _printf_g                                0x00000000   Number         0  printfstubs.o ABSOLUTE
    _printf_i                                0x00000000   Number         0  printfstubs.o ABSOLUTE
    _printf_int_dec                          0x00000000   Number         0  printfstubs.o ABSOLUTE
    _printf_l                                0x00000000   Number         0  printfstubs.o ABSOLUTE
    _printf_lc                               0x00000000   Number         0  printfstubs.o ABSOLUTE
    _printf_ll                               0x00000000   Number         0  printfstubs.o ABSOLUTE
    _printf_lld                              0x00000000   Number         0  printfstubs.o ABSOLUTE
    _printf_lli                              0x00000000   Number         0  printfstubs.o ABSOLUTE
    _printf_llo                              0x00000000   Number         0  printfstubs.o ABSOLUTE
    _printf_llu                              0x00000000   Number         0  printfstubs.o ABSOLUTE
    _printf_llx                              0x00000000   Number         0  printfstubs.o ABSOLUTE
    _printf_longlong_dec                     0x00000000   Number         0  printfstubs.o ABSOLUTE
    _printf_longlong_hex                     0x00000000   Number         0  printfstubs.o ABSOLUTE
    _printf_longlong_oct                     0x00000000   Number         0  printfstubs.o ABSOLUTE
    _printf_ls                               0x00000000   Number         0  printfstubs.o ABSOLUTE
    _printf_mbtowc                           0x00000000   Number         0  printfstubs.o ABSOLUTE
    _printf_n                                0x00000000   Number         0  printfstubs.o ABSOLUTE
    _printf_o                                0x00000000   Number         0  printfstubs.o ABSOLUTE
    _printf_p                                0x00000000   Number         0  printfstubs.o ABSOLUTE
    _printf_percent                          0x00000000   Number         0  printfstubs.o ABSOLUTE
    _printf_pre_padding                      0x00000000   Number         0  printfstubs.o ABSOLUTE
    _printf_return_value                     0x00000000   Number         0  printfstubs.o ABSOLUTE
    _printf_s                                0x00000000   Number         0  printfstubs.o ABSOLUTE
    _printf_sizespec                         0x00000000   Number         0  printfstubs.o ABSOLUTE
    _printf_str                              0x00000000   Number         0  printfstubs.o ABSOLUTE
    _printf_truncate_signed                  0x00000000   Number         0  printfstubs.o ABSOLUTE
    _printf_truncate_unsigned                0x00000000   Number         0  printfstubs.o ABSOLUTE
    _printf_u                                0x00000000   Number         0  printfstubs.o ABSOLUTE
    _printf_wc                               0x00000000   Number         0  printfstubs.o ABSOLUTE
    _printf_wctomb                           0x00000000   Number         0  printfstubs.o ABSOLUTE
    _printf_widthprec                        0x00000000   Number         0  printfstubs.o ABSOLUTE
    _printf_x                                0x00000000   Number         0  printfstubs.o ABSOLUTE
    __cpp_initialize__aeabi_                  - Undefined Weak Reference
    __cxa_finalize                            - Undefined Weak Reference
    __decompress                              - Undefined Weak Reference
    _clock_init                               - Undefined Weak Reference
    _microlib_exit                            - Undefined Weak Reference
    __Vectors_Size                           0x00000188   Number         0  startup_stm32f407xx.o ABSOLUTE
    __Vectors                                0x08000000   Data           4  startup_stm32f407xx.o(RESET)
    __Vectors_End                            0x08000188   Data           0  startup_stm32f407xx.o(RESET)
    __main                                   0x08000189   Thumb Code     0  entry.o(.ARM.Collect$$$$00000000)
    _main_stk                                0x08000189   Thumb Code     0  entry2.o(.ARM.Collect$$$$00000001)
    _main_scatterload                        0x0800018d   Thumb Code     0  entry5.o(.ARM.Collect$$$$00000004)
    __main_after_scatterload                 0x08000191   Thumb Code     0  entry5.o(.ARM.Collect$$$$00000004)
    _main_clock                              0x08000191   Thumb Code     0  entry7b.o(.ARM.Collect$$$$00000008)
    _main_cpp_init                           0x08000191   Thumb Code     0  entry8b.o(.ARM.Collect$$$$0000000A)
    _main_init                               0x08000191   Thumb Code     0  entry9a.o(.ARM.Collect$$$$0000000B)
    __rt_final_cpp                           0x08000199   Thumb Code     0  entry10a.o(.ARM.Collect$$$$0000000D)
    __rt_final_exit                          0x08000199   Thumb Code     0  entry11a.o(.ARM.Collect$$$$0000000F)
    Reset_Handler                            0x0800019d   Thumb Code     8  startup_stm32f407xx.o(.text)
    ADC_IRQHandler                           0x080001b7   Thumb Code     0  startup_stm32f407xx.o(.text)
    CAN1_RX0_IRQHandler                      0x080001b7   Thumb Code     0  startup_stm32f407xx.o(.text)
    CAN1_RX1_IRQHandler                      0x080001b7   Thumb Code     0  startup_stm32f407xx.o(.text)
    CAN1_SCE_IRQHandler                      0x080001b7   Thumb Code     0  startup_stm32f407xx.o(.text)
    CAN1_TX_IRQHandler                       0x080001b7   Thumb Code     0  startup_stm32f407xx.o(.text)
    CAN2_RX0_IRQHandler                      0x080001b7   Thumb Code     0  startup_stm32f407xx.o(.text)
    CAN2_RX1_IRQHandler                      0x080001b7   Thumb Code     0  startup_stm32f407xx.o(.text)
    CAN2_SCE_IRQHandler                      0x080001b7   Thumb Code     0  startup_stm32f407xx.o(.text)
    CAN2_TX_IRQHandler                       0x080001b7   Thumb Code     0  startup_stm32f407xx.o(.text)
    DCMI_IRQHandler                          0x080001b7   Thumb Code     0  startup_stm32f407xx.o(.text)
    DMA1_Stream0_IRQHandler                  0x080001b7   Thumb Code     0  startup_stm32f407xx.o(.text)
    DMA1_Stream1_IRQHandler                  0x080001b7   Thumb Code     0  startup_stm32f407xx.o(.text)
    DMA1_Stream2_IRQHandler                  0x080001b7   Thumb Code     0  startup_stm32f407xx.o(.text)
    DMA1_Stream3_IRQHandler                  0x080001b7   Thumb Code     0  startup_stm32f407xx.o(.text)
    DMA1_Stream4_IRQHandler                  0x080001b7   Thumb Code     0  startup_stm32f407xx.o(.text)
    DMA1_Stream5_IRQHandler                  0x080001b7   Thumb Code     0  startup_stm32f407xx.o(.text)
    DMA1_Stream6_IRQHandler                  0x080001b7   Thumb Code     0  startup_stm32f407xx.o(.text)
    DMA1_Stream7_IRQHandler                  0x080001b7   Thumb Code     0  startup_stm32f407xx.o(.text)
    DMA2_Stream0_IRQHandler                  0x080001b7   Thumb Code     0  startup_stm32f407xx.o(.text)
    DMA2_Stream1_IRQHandler                  0x080001b7   Thumb Code     0  startup_stm32f407xx.o(.text)
    DMA2_Stream2_IRQHandler                  0x080001b7   Thumb Code     0  startup_stm32f407xx.o(.text)
    DMA2_Stream3_IRQHandler                  0x080001b7   Thumb Code     0  startup_stm32f407xx.o(.text)
    DMA2_Stream4_IRQHandler                  0x080001b7   Thumb Code     0  startup_stm32f407xx.o(.text)
    DMA2_Stream5_IRQHandler                  0x080001b7   Thumb Code     0  startup_stm32f407xx.o(.text)
    DMA2_Stream6_IRQHandler                  0x080001b7   Thumb Code     0  startup_stm32f407xx.o(.text)
    DMA2_Stream7_IRQHandler                  0x080001b7   Thumb Code     0  startup_stm32f407xx.o(.text)
    ETH_IRQHandler                           0x080001b7   Thumb Code     0  startup_stm32f407xx.o(.text)
    ETH_WKUP_IRQHandler                      0x080001b7   Thumb Code     0  startup_stm32f407xx.o(.text)
    EXTI0_IRQHandler                         0x080001b7   Thumb Code     0  startup_stm32f407xx.o(.text)
    EXTI15_10_IRQHandler                     0x080001b7   Thumb Code     0  startup_stm32f407xx.o(.text)
    EXTI1_IRQHandler                         0x080001b7   Thumb Code     0  startup_stm32f407xx.o(.text)
    EXTI2_IRQHandler                         0x080001b7   Thumb Code     0  startup_stm32f407xx.o(.text)
    EXTI3_IRQHandler                         0x080001b7   Thumb Code     0  startup_stm32f407xx.o(.text)
    EXTI4_IRQHandler                         0x080001b7   Thumb Code     0  startup_stm32f407xx.o(.text)
    EXTI9_5_IRQHandler                       0x080001b7   Thumb Code     0  startup_stm32f407xx.o(.text)
    FLASH_IRQHandler                         0x080001b7   Thumb Code     0  startup_stm32f407xx.o(.text)
    FMC_IRQHandler                           0x080001b7   Thumb Code     0  startup_stm32f407xx.o(.text)
    FPU_IRQHandler                           0x080001b7   Thumb Code     0  startup_stm32f407xx.o(.text)
    HASH_RNG_IRQHandler                      0x080001b7   Thumb Code     0  startup_stm32f407xx.o(.text)
    I2C1_ER_IRQHandler                       0x080001b7   Thumb Code     0  startup_stm32f407xx.o(.text)
    I2C1_EV_IRQHandler                       0x080001b7   Thumb Code     0  startup_stm32f407xx.o(.text)
    I2C2_ER_IRQHandler                       0x080001b7   Thumb Code     0  startup_stm32f407xx.o(.text)
    I2C2_EV_IRQHandler                       0x080001b7   Thumb Code     0  startup_stm32f407xx.o(.text)
    I2C3_ER_IRQHandler                       0x080001b7   Thumb Code     0  startup_stm32f407xx.o(.text)
    I2C3_EV_IRQHandler                       0x080001b7   Thumb Code     0  startup_stm32f407xx.o(.text)
    OTG_FS_IRQHandler                        0x080001b7   Thumb Code     0  startup_stm32f407xx.o(.text)
    OTG_FS_WKUP_IRQHandler                   0x080001b7   Thumb Code     0  startup_stm32f407xx.o(.text)
    OTG_HS_EP1_IN_IRQHandler                 0x080001b7   Thumb Code     0  startup_stm32f407xx.o(.text)
    OTG_HS_EP1_OUT_IRQHandler                0x080001b7   Thumb Code     0  startup_stm32f407xx.o(.text)
    OTG_HS_IRQHandler                        0x080001b7   Thumb Code     0  startup_stm32f407xx.o(.text)
    OTG_HS_WKUP_IRQHandler                   0x080001b7   Thumb Code     0  startup_stm32f407xx.o(.text)
    PVD_IRQHandler                           0x080001b7   Thumb Code     0  startup_stm32f407xx.o(.text)
    RCC_IRQHandler                           0x080001b7   Thumb Code     0  startup_stm32f407xx.o(.text)
    RTC_Alarm_IRQHandler                     0x080001b7   Thumb Code     0  startup_stm32f407xx.o(.text)
    RTC_WKUP_IRQHandler                      0x080001b7   Thumb Code     0  startup_stm32f407xx.o(.text)
    SDIO_IRQHandler                          0x080001b7   Thumb Code     0  startup_stm32f407xx.o(.text)
    SPI1_IRQHandler                          0x080001b7   Thumb Code     0  startup_stm32f407xx.o(.text)
    SPI2_IRQHandler                          0x080001b7   Thumb Code     0  startup_stm32f407xx.o(.text)
    SPI3_IRQHandler                          0x080001b7   Thumb Code     0  startup_stm32f407xx.o(.text)
    TAMP_STAMP_IRQHandler                    0x080001b7   Thumb Code     0  startup_stm32f407xx.o(.text)
    TIM1_BRK_TIM9_IRQHandler                 0x080001b7   Thumb Code     0  startup_stm32f407xx.o(.text)
    TIM1_CC_IRQHandler                       0x080001b7   Thumb Code     0  startup_stm32f407xx.o(.text)
    TIM1_TRG_COM_TIM11_IRQHandler            0x080001b7   Thumb Code     0  startup_stm32f407xx.o(.text)
    TIM1_UP_TIM10_IRQHandler                 0x080001b7   Thumb Code     0  startup_stm32f407xx.o(.text)
    TIM2_IRQHandler                          0x080001b7   Thumb Code     0  startup_stm32f407xx.o(.text)
    TIM3_IRQHandler                          0x080001b7   Thumb Code     0  startup_stm32f407xx.o(.text)
    TIM4_IRQHandler                          0x080001b7   Thumb Code     0  startup_stm32f407xx.o(.text)
    TIM5_IRQHandler                          0x080001b7   Thumb Code     0  startup_stm32f407xx.o(.text)
    TIM6_DAC_IRQHandler                      0x080001b7   Thumb Code     0  startup_stm32f407xx.o(.text)
    TIM7_IRQHandler                          0x080001b7   Thumb Code     0  startup_stm32f407xx.o(.text)
    TIM8_BRK_TIM12_IRQHandler                0x080001b7   Thumb Code     0  startup_stm32f407xx.o(.text)
    TIM8_CC_IRQHandler                       0x080001b7   Thumb Code     0  startup_stm32f407xx.o(.text)
    TIM8_TRG_COM_TIM14_IRQHandler            0x080001b7   Thumb Code     0  startup_stm32f407xx.o(.text)
    UART4_IRQHandler                         0x080001b7   Thumb Code     0  startup_stm32f407xx.o(.text)
    UART5_IRQHandler                         0x080001b7   Thumb Code     0  startup_stm32f407xx.o(.text)
    USART1_IRQHandler                        0x080001b7   Thumb Code     0  startup_stm32f407xx.o(.text)
    USART2_IRQHandler                        0x080001b7   Thumb Code     0  startup_stm32f407xx.o(.text)
    USART3_IRQHandler                        0x080001b7   Thumb Code     0  startup_stm32f407xx.o(.text)
    USART6_IRQHandler                        0x080001b7   Thumb Code     0  startup_stm32f407xx.o(.text)
    WWDG_IRQHandler                          0x080001b7   Thumb Code     0  startup_stm32f407xx.o(.text)
    __aeabi_uldivmod                         0x080001c1   Thumb Code    98  uldiv.o(.text)
    __aeabi_ldivmod                          0x08000223   Thumb Code    98  ldiv.o(.text)
    memcmp                                   0x08000285   Thumb Code    26  memcmp.o(.text)
    __aeabi_dmul                             0x0800029f   Thumb Code   228  dmul.o(.text)
    __aeabi_l2f                              0x08000383   Thumb Code    44  ffltl.o(.text)
    __aeabi_f2d                              0x080003af   Thumb Code    38  f2d.o(.text)
    __aeabi_d2f                              0x080003d5   Thumb Code    56  d2f.o(.text)
    __aeabi_uidiv                            0x0800040d   Thumb Code     0  uidiv.o(.text)
    __aeabi_uidivmod                         0x0800040d   Thumb Code    44  uidiv.o(.text)
    __aeabi_llsl                             0x08000439   Thumb Code    30  llshl.o(.text)
    _ll_shift_l                              0x08000439   Thumb Code     0  llshl.o(.text)
    __aeabi_llsr                             0x08000457   Thumb Code    32  llushr.o(.text)
    _ll_ushift_r                             0x08000457   Thumb Code     0  llushr.o(.text)
    __I$use$fp                               0x08000477   Thumb Code     0  iusefp.o(.text)
    _float_round                             0x08000477   Thumb Code    18  fepilogue.o(.text)
    _float_epilogue                          0x08000489   Thumb Code    92  fepilogue.o(.text)
    _double_round                            0x080004e5   Thumb Code    30  depilogue.o(.text)
    _double_epilogue                         0x08000503   Thumb Code   156  depilogue.o(.text)
    __aeabi_dadd                             0x0800059f   Thumb Code   322  dadd.o(.text)
    __aeabi_dsub                             0x080006e1   Thumb Code     6  dadd.o(.text)
    __aeabi_drsub                            0x080006e7   Thumb Code     6  dadd.o(.text)
    __aeabi_ddiv                             0x080006ed   Thumb Code   222  ddiv.o(.text)
    __aeabi_d2ulz                            0x080007cb   Thumb Code    48  dfixul.o(.text)
    __aeabi_cdcmpeq                          0x080007fd   Thumb Code     0  cdcmple.o(.text)
    __aeabi_cdcmple                          0x080007fd   Thumb Code    48  cdcmple.o(.text)
    __aeabi_cdrcmple                         0x0800082d   Thumb Code    48  cdrcmple.o(.text)
    __scatterload                            0x0800085d   Thumb Code    28  init.o(.text)
    __scatterload_rt2                        0x0800085d   Thumb Code     0  init.o(.text)
    __aeabi_lasr                             0x08000881   Thumb Code    36  llsshr.o(.text)
    _ll_sshift_r                             0x08000881   Thumb Code     0  llsshr.o(.text)
    _dsqrt                                   0x080008a5   Thumb Code   162  dsqrt.o(.text)
    BMP280_Calculate_Press                   0x08000949   Thumb Code   384  bmp280.o(.text.BMP280_Calculate_Press)
    BMP280_Calculate_Temp                    0x08000ac9   Thumb Code    88  bmp280.o(.text.BMP280_Calculate_Temp)
    BMP280_Init                              0x08000b21   Thumb Code   116  bmp280.o(.text.BMP280_Init)
    BMP280_Measure_Cmd                       0x08000b95   Thumb Code    50  bmp280.o(.text.BMP280_Measure_Cmd)
    BMP280_ReadData                          0x08000bc9   Thumb Code   100  bmp280.o(.text.BMP280_ReadData)
    BMP280_ReadParameter                     0x08000c2d   Thumb Code   350  bmp280.o(.text.BMP280_ReadParameter)
    BMP280_Task                              0x08000d8d   Thumb Code    84  freertos.o(.text.BMP280_Task)
    BusFault_Handler                         0x08000df5   Thumb Code     2  stm32f4xx_it.o(.text.BusFault_Handler)
    DebugMon_Handler                         0x08000df9   Thumb Code     2  stm32f4xx_it.o(.text.DebugMon_Handler)
    Error_Handler                            0x08000dfd   Thumb Code    10  main.o(.text.Error_Handler)
    HAL_Delay                                0x08000e09   Thumb Code    40  stm32f4xx_hal.o(.text.HAL_Delay)
    HAL_GPIO_Init                            0x08000e31   Thumb Code   422  stm32f4xx_hal_gpio.o(.text.HAL_GPIO_Init)
    HAL_GPIO_WritePin                        0x08000fd9   Thumb Code    10  stm32f4xx_hal_gpio.o(.text.HAL_GPIO_WritePin)
    HAL_GetTick                              0x08000fe5   Thumb Code    12  stm32f4xx_hal.o(.text.HAL_GetTick)
    HAL_I2C_Init                             0x08000ff1   Thumb Code   374  stm32f4xx_hal_i2c.o(.text.HAL_I2C_Init)
    HAL_I2C_Master_Transmit                  0x08001169   Thumb Code  1144  stm32f4xx_hal_i2c.o(.text.HAL_I2C_Master_Transmit)
    HAL_I2C_Mem_Read                         0x080015e1   Thumb Code   878  stm32f4xx_hal_i2c.o(.text.HAL_I2C_Mem_Read)
    HAL_I2C_Mem_Write                        0x08001951   Thumb Code   474  stm32f4xx_hal_i2c.o(.text.HAL_I2C_Mem_Write)
    HAL_I2C_MspInit                          0x08001b2d   Thumb Code   380  i2c.o(.text.HAL_I2C_MspInit)
    HAL_IncTick                              0x08001ca9   Thumb Code    26  stm32f4xx_hal.o(.text.HAL_IncTick)
    HAL_Init                                 0x08001cc5   Thumb Code    54  stm32f4xx_hal.o(.text.HAL_Init)
    HAL_InitTick                             0x08001cfd   Thumb Code   188  stm32f4xx_hal_timebase_tim.o(.text.HAL_InitTick)
    HAL_MspInit                              0x08001db9   Thumb Code    66  stm32f4xx_hal_msp.o(.text.HAL_MspInit)
    HAL_NVIC_EnableIRQ                       0x08001dfd   Thumb Code    38  stm32f4xx_hal_cortex.o(.text.HAL_NVIC_EnableIRQ)
    HAL_NVIC_SetPriority                     0x08001e25   Thumb Code    86  stm32f4xx_hal_cortex.o(.text.HAL_NVIC_SetPriority)
    HAL_NVIC_SetPriorityGrouping             0x08001e7d   Thumb Code    32  stm32f4xx_hal_cortex.o(.text.HAL_NVIC_SetPriorityGrouping)
    HAL_RCC_ClockConfig                      0x08001e9d   Thumb Code   352  stm32f4xx_hal_rcc.o(.text.HAL_RCC_ClockConfig)
    HAL_RCC_GetClockConfig                   0x08001ffd   Thumb Code    62  stm32f4xx_hal_rcc.o(.text.HAL_RCC_GetClockConfig)
    HAL_RCC_GetPCLK1Freq                     0x0800203d   Thumb Code    38  stm32f4xx_hal_rcc.o(.text.HAL_RCC_GetPCLK1Freq)
    HAL_RCC_GetPCLK2Freq                     0x08002065   Thumb Code    38  stm32f4xx_hal_rcc.o(.text.HAL_RCC_GetPCLK2Freq)
    HAL_RCC_GetSysClockFreq                  0x0800208d   Thumb Code   108  stm32f4xx_hal_rcc.o(.text.HAL_RCC_GetSysClockFreq)
    HAL_RCC_OscConfig                        0x080020f9   Thumb Code   884  stm32f4xx_hal_rcc.o(.text.HAL_RCC_OscConfig)
    HAL_TIMEx_BreakCallback                  0x0800246d   Thumb Code     2  stm32f4xx_hal_tim_ex.o(.text.HAL_TIMEx_BreakCallback)
    HAL_TIMEx_CommutCallback                 0x08002471   Thumb Code     2  stm32f4xx_hal_tim_ex.o(.text.HAL_TIMEx_CommutCallback)
    HAL_TIM_Base_Init                        0x08002475   Thumb Code    90  stm32f4xx_hal_tim.o(.text.HAL_TIM_Base_Init)
    HAL_TIM_Base_MspInit                     0x080024d1   Thumb Code    54  tim.o(.text.HAL_TIM_Base_MspInit)
    HAL_TIM_Base_Start_IT                    0x08002509   Thumb Code   170  stm32f4xx_hal_tim.o(.text.HAL_TIM_Base_Start_IT)
    HAL_TIM_IC_CaptureCallback               0x080025b5   Thumb Code     2  stm32f4xx_hal_tim.o(.text.HAL_TIM_IC_CaptureCallback)
    HAL_TIM_IRQHandler                       0x080025b9   Thumb Code   368  stm32f4xx_hal_tim.o(.text.HAL_TIM_IRQHandler)
    HAL_TIM_OC_DelayElapsedCallback          0x08002729   Thumb Code     2  stm32f4xx_hal_tim.o(.text.HAL_TIM_OC_DelayElapsedCallback)
    HAL_TIM_PWM_ConfigChannel                0x0800272d   Thumb Code   546  stm32f4xx_hal_tim.o(.text.HAL_TIM_PWM_ConfigChannel)
    HAL_TIM_PWM_Init                         0x08002951   Thumb Code    90  stm32f4xx_hal_tim.o(.text.HAL_TIM_PWM_Init)
    HAL_TIM_PWM_MspInit                      0x080029ad   Thumb Code     2  stm32f4xx_hal_tim.o(.text.HAL_TIM_PWM_MspInit)
    HAL_TIM_PWM_PulseFinishedCallback        0x080029b1   Thumb Code     2  stm32f4xx_hal_tim.o(.text.HAL_TIM_PWM_PulseFinishedCallback)
    HAL_TIM_PeriodElapsedCallback            0x080029b5   Thumb Code    20  main.o(.text.HAL_TIM_PeriodElapsedCallback)
    HAL_TIM_TriggerCallback                  0x080029c9   Thumb Code     2  stm32f4xx_hal_tim.o(.text.HAL_TIM_TriggerCallback)
    HAL_UART_Init                            0x080029cd   Thumb Code    94  stm32f4xx_hal_uart.o(.text.HAL_UART_Init)
    HAL_UART_MspInit                         0x08002a2d   Thumb Code   104  usart.o(.text.HAL_UART_MspInit)
    HAL_UART_Transmit                        0x08002a95   Thumb Code   646  stm32f4xx_hal_uart.o(.text.HAL_UART_Transmit)
    HardFault_Handler                        0x08002d1d   Thumb Code     2  stm32f4xx_it.o(.text.HardFault_Handler)
    MPU6050_DMP_GetData                      0x08003569   Thumb Code   420  mpu6050.o(.text.MPU6050_DMP_GetData)
    MPU6050_DMP_Init                         0x0800370d   Thumb Code   174  mpu6050.o(.text.MPU6050_DMP_Init)
    MPU6050_Task                             0x080037bd   Thumb Code   120  freertos.o(.text.MPU6050_Task)
    MX_FREERTOS_Init                         0x0800385d   Thumb Code   204  freertos.o(.text.MX_FREERTOS_Init)
    MX_GPIO_Init                             0x08003929   Thumb Code   162  gpio.o(.text.MX_GPIO_Init)
    MX_I2C1_Init                             0x080039cd   Thumb Code    66  i2c.o(.text.MX_I2C1_Init)
    MX_I2C2_Init                             0x08003a11   Thumb Code    66  i2c.o(.text.MX_I2C2_Init)
    MX_I2C3_Init                             0x08003a55   Thumb Code    66  i2c.o(.text.MX_I2C3_Init)
    MX_TIM14_Init                            0x08003a99   Thumb Code   190  tim.o(.text.MX_TIM14_Init)
    MX_UART4_Init                            0x08003b59   Thumb Code    60  usart.o(.text.MX_UART4_Init)
    MemManage_Handler                        0x08003b95   Thumb Code     2  stm32f4xx_it.o(.text.MemManage_Handler)
    NMI_Handler                              0x08003b99   Thumb Code     2  stm32f4xx_it.o(.text.NMI_Handler)
    OLED_Clear                               0x08003b9d   Thumb Code   160  oled.o(.text.OLED_Clear)
    OLED_Display_On                          0x08003c3d   Thumb Code    90  oled.o(.text.OLED_Display_On)
    OLED_Init                                0x08003c99   Thumb Code   692  oled.o(.text.OLED_Init)
    OLED_ShowChar_EN                         0x08003f4d   Thumb Code   964  oled.o(.text.OLED_ShowChar_EN)
    OLED_ShowNum                             0x08004311   Thumb Code   398  oled.o(.text.OLED_ShowNum)
    OLED_ShowString                          0x080044a1   Thumb Code    64  oled.o(.text.OLED_ShowString)
    OLED_Task                                0x080044e1   Thumb Code   152  freertos.o(.text.OLED_Task)
    PendSV_Handler                           0x08004581   Thumb Code   100  port.o(.text.PendSV_Handler)
    SVC_Handler                              0x080045f1   Thumb Code    36  port.o(.text.SVC_Handler)
    SysTick_Handler                          0x08004615   Thumb Code    46  port.o(.text.SysTick_Handler)
    SystemClock_Config                       0x08004645   Thumb Code   176  main.o(.text.SystemClock_Config)
    SystemInit                               0x080046f5   Thumb Code    18  system_stm32f4xx.o(.text.SystemInit)
    TIM8_UP_TIM13_IRQHandler                 0x08004709   Thumb Code    12  stm32f4xx_it.o(.text.TIM8_UP_TIM13_IRQHandler)
    TIM_Base_SetConfig                       0x08004715   Thumb Code   316  stm32f4xx_hal_tim.o(.text.TIM_Base_SetConfig)
    UsageFault_Handler                       0x08004941   Thumb Code     2  stm32f4xx_it.o(.text.UsageFault_Handler)
    dmp_enable_feature                       0x08004945   Thumb Code   670  inv_mpu_dmp_motion_driver.o(.text.dmp_enable_feature)
    dmp_load_motion_driver_firmware          0x08004be5   Thumb Code    22  inv_mpu_dmp_motion_driver.o(.text.dmp_load_motion_driver_firmware)
    dmp_read_fifo                            0x08004bfd   Thumb Code   464  inv_mpu_dmp_motion_driver.o(.text.dmp_read_fifo)
    dmp_set_accel_bias                       0x08004dcd   Thumb Code   194  inv_mpu_dmp_motion_driver.o(.text.dmp_set_accel_bias)
    dmp_set_fifo_rate                        0x08004e91   Thumb Code   112  inv_mpu_dmp_motion_driver.o(.text.dmp_set_fifo_rate)
    dmp_set_gyro_bias                        0x08004f01   Thumb Code   224  inv_mpu_dmp_motion_driver.o(.text.dmp_set_gyro_bias)
    dmp_set_orientation                      0x08004fe1   Thumb Code   232  inv_mpu_dmp_motion_driver.o(.text.dmp_set_orientation)
    dmp_set_tap_thresh                       0x080050c9   Thumb Code   332  inv_mpu_dmp_motion_driver.o(.text.dmp_set_tap_thresh)
    fputc                                    0x08005215   Thumb Code    32  usart.o(.text.fputc)
    main                                     0x08005675   Thumb Code    78  main.o(.text.main)
    mpu_configure_fifo                       0x080056c5   Thumb Code   210  inv_mpu.o(.text.mpu_configure_fifo)
    mpu_get_accel_fsr                        0x08005799   Thumb Code    60  inv_mpu.o(.text.mpu_get_accel_fsr)
    mpu_get_accel_sens                       0x080057d5   Thumb Code    52  inv_mpu.o(.text.mpu_get_accel_sens)
    mpu_get_gyro_sens                        0x08005819   Thumb Code    48  inv_mpu.o(.text.mpu_get_gyro_sens)
    mpu_init                                 0x08005849   Thumb Code   464  inv_mpu.o(.text.mpu_init)
    mpu_load_firmware                        0x08005a61   Thumb Code   418  inv_mpu.o(.text.mpu_load_firmware)
    mpu_lp_accel_mode                        0x08005c05   Thumb Code   654  inv_mpu.o(.text.mpu_lp_accel_mode)
    mpu_read_fifo_stream                     0x08005e95   Thumb Code   242  inv_mpu.o(.text.mpu_read_fifo_stream)
    mpu_reset_fifo                           0x08005f89   Thumb Code   530  inv_mpu.o(.text.mpu_reset_fifo)
    mpu_run_self_test                        0x0800619d   Thumb Code  2292  inv_mpu.o(.text.mpu_run_self_test)
    mpu_set_accel_fsr                        0x08006a91   Thumb Code   174  inv_mpu.o(.text.mpu_set_accel_fsr)
    mpu_set_bypass                           0x08006b41   Thumb Code   310  inv_mpu.o(.text.mpu_set_bypass)
    mpu_set_dmp_state                        0x08006c79   Thumb Code   312  inv_mpu.o(.text.mpu_set_dmp_state)
    mpu_set_lpf                              0x08006db1   Thumb Code   176  inv_mpu.o(.text.mpu_set_lpf)
    mpu_set_sample_rate                      0x08006e61   Thumb Code   252  inv_mpu.o(.text.mpu_set_sample_rate)
    mpu_set_sensors                          0x08006f5d   Thumb Code   288  inv_mpu.o(.text.mpu_set_sensors)
    mpu_write_mem                            0x0800707d   Thumb Code   132  inv_mpu.o(.text.mpu_write_mem)
    osDelay                                  0x08007101   Thumb Code    16  cmsis_os.o(.text.osDelay)
    osKernelStart                            0x08007111   Thumb Code    10  cmsis_os.o(.text.osKernelStart)
    osThreadCreate                           0x0800711d   Thumb Code    92  cmsis_os.o(.text.osThreadCreate)
    pvPortMalloc                             0x0800747d   Thumb Code   522  heap_4.o(.text.pvPortMalloc)
    pxPortInitialiseStack                    0x08007689   Thumb Code    40  port.o(.text.pxPortInitialiseStack)
    uxListRemove                             0x08007741   Thumb Code    36  list.o(.text.uxListRemove)
    vApplicationGetIdleTaskMemory            0x08007765   Thumb Code    26  freertos.o(.text.vApplicationGetIdleTaskMemory)
    vListInitialise                          0x08007781   Thumb Code    22  list.o(.text.vListInitialise)
    vListInitialiseItem                      0x08007799   Thumb Code     6  list.o(.text.vListInitialiseItem)
    vListInsert                              0x080077a1   Thumb Code    98  list.o(.text.vListInsert)
    vListInsertEnd                           0x08007805   Thumb Code    28  list.o(.text.vListInsertEnd)
    vPortEnterCritical                       0x08007835   Thumb Code    70  port.o(.text.vPortEnterCritical)
    vPortExitCritical                        0x0800787d   Thumb Code    46  port.o(.text.vPortExitCritical)
    vPortFree                                0x080078ad   Thumb Code   212  heap_4.o(.text.vPortFree)
    vPortSetupTimerInterrupt                 0x08007981   Thumb Code    52  port.o(.text.vPortSetupTimerInterrupt)
    vTaskDelay                               0x080079b5   Thumb Code   158  tasks.o(.text.vTaskDelay)
    vTaskStartScheduler                      0x08007a55   Thumb Code   196  tasks.o(.text.vTaskStartScheduler)
    vTaskSuspendAll                          0x08007b21   Thumb Code    16  tasks.o(.text.vTaskSuspendAll)
    vTaskSwitchContext                       0x08007b31   Thumb Code   110  tasks.o(.text.vTaskSwitchContext)
    xPortStartScheduler                      0x08007ba1   Thumb Code   388  port.o(.text.xPortStartScheduler)
    xTaskCreate                              0x08007d25   Thumb Code    96  tasks.o(.text.xTaskCreate)
    xTaskCreateStatic                        0x08007d85   Thumb Code   118  tasks.o(.text.xTaskCreateStatic)
    xTaskIncrementTick                       0x08007dfd   Thumb Code   262  tasks.o(.text.xTaskIncrementTick)
    xTaskResumeAll                           0x08007f05   Thumb Code   234  tasks.o(.text.xTaskResumeAll)
    __0printf                                0x08007ff1   Thumb Code    22  printfa.o(i.__0printf)
    __1printf                                0x08007ff1   Thumb Code     0  printfa.o(i.__0printf)
    __2printf                                0x08007ff1   Thumb Code     0  printfa.o(i.__0printf)
    __c89printf                              0x08007ff1   Thumb Code     0  printfa.o(i.__0printf)
    printf                                   0x08007ff1   Thumb Code     0  printfa.o(i.__0printf)
    __ARM_fpclassify                         0x08008011   Thumb Code    48  fpclassify.o(i.__ARM_fpclassify)
    __hardfp_asin                            0x08008041   Thumb Code   770  asin.o(i.__hardfp_asin)
    __hardfp_atan                            0x080083a1   Thumb Code   622  atan.o(i.__hardfp_atan)
    __hardfp_atan2                           0x08008679   Thumb Code   448  atan2.o(i.__hardfp_atan2)
    __kernel_poly                            0x08008879   Thumb Code   248  poly.o(i.__kernel_poly)
    __mathlib_dbl_infnan                     0x08008971   Thumb Code    20  dunder.o(i.__mathlib_dbl_infnan)
    __mathlib_dbl_infnan2                    0x08008985   Thumb Code    20  dunder.o(i.__mathlib_dbl_infnan2)
    __mathlib_dbl_invalid                    0x08008999   Thumb Code    24  dunder.o(i.__mathlib_dbl_invalid)
    __mathlib_dbl_underflow                  0x080089b9   Thumb Code    24  dunder.o(i.__mathlib_dbl_underflow)
    __scatterload_copy                       0x080089d9   Thumb Code    14  handlers.o(i.__scatterload_copy)
    __scatterload_null                       0x080089e7   Thumb Code     2  handlers.o(i.__scatterload_null)
    __scatterload_zeroinit                   0x080089e9   Thumb Code    14  handlers.o(i.__scatterload_zeroinit)
    __set_errno                              0x080089f9   Thumb Code     6  errno.o(i.__set_errno)
    atan                                     0x080092b7   Thumb Code    16  atan.o(i.atan)
    fabs                                     0x080092c7   Thumb Code    24  fabs.o(i.fabs)
    puts                                     0x080092e1   Thumb Code    30  puts.o(i.puts)
    sqrt                                     0x08009305   Thumb Code   110  sqrt.o(i.sqrt)
    __mathlib_zero                           0x08009460   Data           8  qnan.o(.constdata)
    AHBPrescTable                            0x0800946e   Data          16  system_stm32f4xx.o(.rodata.AHBPrescTable)
    APBPrescTable                            0x0800947e   Data           8  system_stm32f4xx.o(.rodata.APBPrescTable)
    F6x8                                     0x08009486   Data         552  oled.o(.rodata.F6x8)
    F8X16                                    0x080096ae   Data        1520  oled.o(.rodata.F8X16)
    hw                                       0x0800a894   Data          12  inv_mpu.o(.rodata.hw)
    reg                                      0x0800a8a0   Data          30  inv_mpu.o(.rodata.reg)
    test                                     0x0800a928   Data          40  inv_mpu.o(.rodata.test)
    Region$$Table$$Base                      0x0800a950   Number         0  anon$$obj.o(Region$$Table)
    Region$$Table$$Limit                     0x0800a970   Number         0  anon$$obj.o(Region$$Table)
    __stdout                                 0x20000000   Data           4  stdout.o(.data)
    uwTickFreq                               0x20000008   Data           1  stm32f4xx_hal.o(.data..L_MergedGlobals)
    uwTickPrio                               0x2000000c   Data           4  stm32f4xx_hal.o(.data..L_MergedGlobals)
    SystemCoreClock                          0x20000010   Data           4  system_stm32f4xx.o(.data.SystemCoreClock)
    defaultTaskHandle                        0x20000048   Data           4  freertos.o(.bss..L_MergedGlobals)
    myTask02Handle                           0x2000004c   Data           4  freertos.o(.bss..L_MergedGlobals)
    myTask03Handle                           0x20000050   Data           4  freertos.o(.bss..L_MergedGlobals)
    pxCurrentTCB                             0x20000054   Data           4  tasks.o(.bss..L_MergedGlobals)
    Angle                                    0x2000012c   Data          12  freertos.o(.bss.Angle)
    BMP280                                   0x20000138   Data          36  bmp280.o(.bss.BMP280)
    BMP280Sensor                             0x2000015c   Data           8  freertos.o(.bss.BMP280Sensor)
    hi2c1                                    0x2000016c   Data          84  i2c.o(.bss.hi2c1)
    hi2c2                                    0x200001c0   Data          84  i2c.o(.bss.hi2c2)
    hi2c3                                    0x20000214   Data          84  i2c.o(.bss.hi2c3)
    htim13                                   0x20000268   Data          72  stm32f4xx_hal_timebase_tim.o(.bss.htim13)
    htim14                                   0x200002b0   Data          72  tim.o(.bss.htim14)
    huart4                                   0x200002f8   Data          68  usart.o(.bss.huart4)
    uwTick                                   0x20003fc8   Data           4  stm32f4xx_hal.o(.bss.uwTick)
    __initial_sp                             0x20004620   Data           0  startup_stm32f407xx.o(STACK)



==============================================================================

Memory Map of the image

  Image Entry point : 0x08000189

  Load Region LR_IROM1 (Base: 0x08000000, Size: 0x0000a9b8, Max: 0x00080000, ABSOLUTE)

    Execution Region ER_IROM1 (Exec base: 0x08000000, Load base: 0x08000000, Size: 0x0000a970, Max: 0x00080000, ABSOLUTE)

    Exec Addr    Load Addr    Size         Type   Attr      Idx    E Section Name        Object

    0x08000000   0x08000000   0x00000188   Data   RO            3    RESET               startup_stm32f407xx.o
    0x08000188   0x08000188   0x00000000   Code   RO         1813  * .ARM.Collect$$$$00000000  mc_w.l(entry.o)
    0x08000188   0x08000188   0x00000004   Code   RO         2139    .ARM.Collect$$$$00000001  mc_w.l(entry2.o)
    0x0800018c   0x0800018c   0x00000004   Code   RO         2142    .ARM.Collect$$$$00000004  mc_w.l(entry5.o)
    0x08000190   0x08000190   0x00000000   Code   RO         2144    .ARM.Collect$$$$00000008  mc_w.l(entry7b.o)
    0x08000190   0x08000190   0x00000000   Code   RO         2146    .ARM.Collect$$$$0000000A  mc_w.l(entry8b.o)
    0x08000190   0x08000190   0x00000008   Code   RO         2147    .ARM.Collect$$$$0000000B  mc_w.l(entry9a.o)
    0x08000198   0x08000198   0x00000000   Code   RO         2149    .ARM.Collect$$$$0000000D  mc_w.l(entry10a.o)
    0x08000198   0x08000198   0x00000000   Code   RO         2151    .ARM.Collect$$$$0000000F  mc_w.l(entry11a.o)
    0x08000198   0x08000198   0x00000004   Code   RO         2140    .ARM.Collect$$$$00002712  mc_w.l(entry2.o)
    0x0800019c   0x0800019c   0x00000024   Code   RO            4    .text               startup_stm32f407xx.o
    0x080001c0   0x080001c0   0x00000062   Code   RO         1820    .text               mc_w.l(uldiv.o)
    0x08000222   0x08000222   0x00000062   Code   RO         1822    .text               mc_w.l(ldiv.o)
    0x08000284   0x08000284   0x0000001a   Code   RO         1828    .text               mc_w.l(memcmp.o)
    0x0800029e   0x0800029e   0x000000e4   Code   RO         2093    .text               mf_w.l(dmul.o)
    0x08000382   0x08000382   0x0000002c   Code   RO         2095    .text               mf_w.l(ffltl.o)
    0x080003ae   0x080003ae   0x00000026   Code   RO         2097    .text               mf_w.l(f2d.o)
    0x080003d4   0x080003d4   0x00000038   Code   RO         2099    .text               mf_w.l(d2f.o)
    0x0800040c   0x0800040c   0x0000002c   Code   RO         2163    .text               mc_w.l(uidiv.o)
    0x08000438   0x08000438   0x0000001e   Code   RO         2165    .text               mc_w.l(llshl.o)
    0x08000456   0x08000456   0x00000020   Code   RO         2167    .text               mc_w.l(llushr.o)
    0x08000476   0x08000476   0x00000000   Code   RO         2176    .text               mc_w.l(iusefp.o)
    0x08000476   0x08000476   0x0000006e   Code   RO         2177    .text               mf_w.l(fepilogue.o)
    0x080004e4   0x080004e4   0x000000ba   Code   RO         2179    .text               mf_w.l(depilogue.o)
    0x0800059e   0x0800059e   0x0000014e   Code   RO         2181    .text               mf_w.l(dadd.o)
    0x080006ec   0x080006ec   0x000000de   Code   RO         2183    .text               mf_w.l(ddiv.o)
    0x080007ca   0x080007ca   0x00000030   Code   RO         2187    .text               mf_w.l(dfixul.o)
    0x080007fa   0x080007fa   0x00000002   PAD
    0x080007fc   0x080007fc   0x00000030   Code   RO         2189    .text               mf_w.l(cdcmple.o)
    0x0800082c   0x0800082c   0x00000030   Code   RO         2191    .text               mf_w.l(cdrcmple.o)
    0x0800085c   0x0800085c   0x00000024   Code   RO         2193    .text               mc_w.l(init.o)
    0x08000880   0x08000880   0x00000024   Code   RO         2195    .text               mc_w.l(llsshr.o)
    0x080008a4   0x080008a4   0x000000a2   Code   RO         2197    .text               mf_w.l(dsqrt.o)
    0x08000946   0x08000946   0x00000002   PAD
    0x08000948   0x08000948   0x00000180   Code   RO         1762    .text.BMP280_Calculate_Press  bmp280.o
    0x08000ac8   0x08000ac8   0x00000058   Code   RO         1760    .text.BMP280_Calculate_Temp  bmp280.o
    0x08000b20   0x08000b20   0x00000074   Code   RO         1754    .text.BMP280_Init   bmp280.o
    0x08000b94   0x08000b94   0x00000032   Code   RO         1756    .text.BMP280_Measure_Cmd  bmp280.o
    0x08000bc6   0x08000bc6   0x00000002   PAD
    0x08000bc8   0x08000bc8   0x00000064   Code   RO         1758    .text.BMP280_ReadData  bmp280.o
    0x08000c2c   0x08000c2c   0x0000015e   Code   RO         1752    .text.BMP280_ReadParameter  bmp280.o
    0x08000d8a   0x08000d8a   0x00000002   PAD
    0x08000d8c   0x08000d8c   0x00000068   Code   RO           43    .text.BMP280_Task   freertos.o
    0x08000df4   0x08000df4   0x00000002   Code   RO          122    .text.BusFault_Handler  stm32f4xx_it.o
    0x08000df6   0x08000df6   0x00000002   PAD
    0x08000df8   0x08000df8   0x00000002   Code   RO          126    .text.DebugMon_Handler  stm32f4xx_it.o
    0x08000dfa   0x08000dfa   0x00000002   PAD
    0x08000dfc   0x08000dfc   0x0000000a   Code   RO           15    .text.Error_Handler  main.o
    0x08000e06   0x08000e06   0x00000002   PAD
    0x08000e08   0x08000e08   0x00000028   Code   RO          470    .text.HAL_Delay     stm32f4xx_hal.o
    0x08000e30   0x08000e30   0x000001a6   Code   RO          271    .text.HAL_GPIO_Init  stm32f4xx_hal_gpio.o
    0x08000fd6   0x08000fd6   0x00000002   PAD
    0x08000fd8   0x08000fd8   0x0000000a   Code   RO          277    .text.HAL_GPIO_WritePin  stm32f4xx_hal_gpio.o
    0x08000fe2   0x08000fe2   0x00000002   PAD
    0x08000fe4   0x08000fe4   0x0000000c   Code   RO          462    .text.HAL_GetTick   stm32f4xx_hal.o
    0x08000ff0   0x08000ff0   0x00000176   Code   RO          540    .text.HAL_I2C_Init  stm32f4xx_hal_i2c.o
    0x08001166   0x08001166   0x00000002   PAD
    0x08001168   0x08001168   0x00000478   Code   RO          548    .text.HAL_I2C_Master_Transmit  stm32f4xx_hal_i2c.o
    0x080015e0   0x080015e0   0x0000036e   Code   RO          584    .text.HAL_I2C_Mem_Read  stm32f4xx_hal_i2c.o
    0x0800194e   0x0800194e   0x00000002   PAD
    0x08001950   0x08001950   0x000001da   Code   RO          580    .text.HAL_I2C_Mem_Write  stm32f4xx_hal_i2c.o
    0x08001b2a   0x08001b2a   0x00000002   PAD
    0x08001b2c   0x08001b2c   0x0000017c   Code   RO           67    .text.HAL_I2C_MspInit  i2c.o
    0x08001ca8   0x08001ca8   0x0000001a   Code   RO          460    .text.HAL_IncTick   stm32f4xx_hal.o
    0x08001cc2   0x08001cc2   0x00000002   PAD
    0x08001cc4   0x08001cc4   0x00000036   Code   RO          450    .text.HAL_Init      stm32f4xx_hal.o
    0x08001cfa   0x08001cfa   0x00000002   PAD
    0x08001cfc   0x08001cfc   0x000000bc   Code   RO          146    .text.HAL_InitTick  stm32f4xx_hal_timebase_tim.o
    0x08001db8   0x08001db8   0x00000042   Code   RO          137    .text.HAL_MspInit   stm32f4xx_hal_msp.o
    0x08001dfa   0x08001dfa   0x00000002   PAD
    0x08001dfc   0x08001dfc   0x00000026   Code   RO          408    .text.HAL_NVIC_EnableIRQ  stm32f4xx_hal_cortex.o
    0x08001e22   0x08001e22   0x00000002   PAD
    0x08001e24   0x08001e24   0x00000056   Code   RO          406    .text.HAL_NVIC_SetPriority  stm32f4xx_hal_cortex.o
    0x08001e7a   0x08001e7a   0x00000002   PAD
    0x08001e7c   0x08001e7c   0x00000020   Code   RO          404    .text.HAL_NVIC_SetPriorityGrouping  stm32f4xx_hal_cortex.o
    0x08001e9c   0x08001e9c   0x00000160   Code   RO          165    .text.HAL_RCC_ClockConfig  stm32f4xx_hal_rcc.o
    0x08001ffc   0x08001ffc   0x0000003e   Code   RO          183    .text.HAL_RCC_GetClockConfig  stm32f4xx_hal_rcc.o
    0x0800203a   0x0800203a   0x00000002   PAD
    0x0800203c   0x0800203c   0x00000026   Code   RO          177    .text.HAL_RCC_GetPCLK1Freq  stm32f4xx_hal_rcc.o
    0x08002062   0x08002062   0x00000002   PAD
    0x08002064   0x08002064   0x00000026   Code   RO          179    .text.HAL_RCC_GetPCLK2Freq  stm32f4xx_hal_rcc.o
    0x0800208a   0x0800208a   0x00000002   PAD
    0x0800208c   0x0800208c   0x0000006c   Code   RO          167    .text.HAL_RCC_GetSysClockFreq  stm32f4xx_hal_rcc.o
    0x080020f8   0x080020f8   0x00000374   Code   RO          163    .text.HAL_RCC_OscConfig  stm32f4xx_hal_rcc.o
    0x0800246c   0x0800246c   0x00000002   Code   RO          980    .text.HAL_TIMEx_BreakCallback  stm32f4xx_hal_tim_ex.o
    0x0800246e   0x0800246e   0x00000002   PAD
    0x08002470   0x08002470   0x00000002   Code   RO          976    .text.HAL_TIMEx_CommutCallback  stm32f4xx_hal_tim_ex.o
    0x08002472   0x08002472   0x00000002   PAD
    0x08002474   0x08002474   0x0000005a   Code   RO          675    .text.HAL_TIM_Base_Init  stm32f4xx_hal_tim.o
    0x080024ce   0x080024ce   0x00000002   PAD
    0x080024d0   0x080024d0   0x00000036   Code   RO           86    .text.HAL_TIM_Base_MspInit  tim.o
    0x08002506   0x08002506   0x00000002   PAD
    0x08002508   0x08002508   0x000000aa   Code   RO          689    .text.HAL_TIM_Base_Start_IT  stm32f4xx_hal_tim.o
    0x080025b2   0x080025b2   0x00000002   PAD
    0x080025b4   0x080025b4   0x00000002   Code   RO          811    .text.HAL_TIM_IC_CaptureCallback  stm32f4xx_hal_tim.o
    0x080025b6   0x080025b6   0x00000002   PAD
    0x080025b8   0x080025b8   0x00000170   Code   RO          809    .text.HAL_TIM_IRQHandler  stm32f4xx_hal_tim.o
    0x08002728   0x08002728   0x00000002   Code   RO          813    .text.HAL_TIM_OC_DelayElapsedCallback  stm32f4xx_hal_tim.o
    0x0800272a   0x0800272a   0x00000002   PAD
    0x0800272c   0x0800272c   0x00000222   Code   RO          829    .text.HAL_TIM_PWM_ConfigChannel  stm32f4xx_hal_tim.o
    0x0800294e   0x0800294e   0x00000002   PAD
    0x08002950   0x08002950   0x0000005a   Code   RO          729    .text.HAL_TIM_PWM_Init  stm32f4xx_hal_tim.o
    0x080029aa   0x080029aa   0x00000002   PAD
    0x080029ac   0x080029ac   0x00000002   Code   RO          731    .text.HAL_TIM_PWM_MspInit  stm32f4xx_hal_tim.o
    0x080029ae   0x080029ae   0x00000002   PAD
    0x080029b0   0x080029b0   0x00000002   Code   RO          815    .text.HAL_TIM_PWM_PulseFinishedCallback  stm32f4xx_hal_tim.o
    0x080029b2   0x080029b2   0x00000002   PAD
    0x080029b4   0x080029b4   0x00000014   Code   RO           17    .text.HAL_TIM_PeriodElapsedCallback  main.o
    0x080029c8   0x080029c8   0x00000002   Code   RO          819    .text.HAL_TIM_TriggerCallback  stm32f4xx_hal_tim.o
    0x080029ca   0x080029ca   0x00000002   PAD
    0x080029cc   0x080029cc   0x0000005e   Code   RO          994    .text.HAL_UART_Init  stm32f4xx_hal_uart.o
    0x08002a2a   0x08002a2a   0x00000002   PAD
    0x08002a2c   0x08002a2c   0x00000068   Code   RO          101    .text.HAL_UART_MspInit  usart.o
    0x08002a94   0x08002a94   0x00000286   Code   RO         1010    .text.HAL_UART_Transmit  stm32f4xx_hal_uart.o
    0x08002d1a   0x08002d1a   0x00000002   PAD
    0x08002d1c   0x08002d1c   0x00000002   Code   RO          118    .text.HardFault_Handler  stm32f4xx_it.o
    0x08002d1e   0x08002d1e   0x00000002   PAD
    0x08002d20   0x08002d20   0x0000031e   Code   RO          586    .text.I2C_RequestMemoryRead  stm32f4xx_hal_i2c.o
    0x0800303e   0x0800303e   0x00000002   PAD
    0x08003040   0x08003040   0x00000272   Code   RO          582    .text.I2C_RequestMemoryWrite  stm32f4xx_hal_i2c.o
    0x080032b2   0x080032b2   0x00000002   PAD
    0x080032b4   0x080032b4   0x000000a8   Code   RO          552    .text.I2C_WaitOnBTFFlagUntilTimeout  stm32f4xx_hal_i2c.o
    0x0800335c   0x0800335c   0x00000150   Code   RO          550    .text.I2C_WaitOnFlagUntilTimeout  stm32f4xx_hal_i2c.o
    0x080034ac   0x080034ac   0x000000b8   Code   RO          664    .text.I2C_WaitOnMasterAddressFlagUntilTimeout  stm32f4xx_hal_i2c.o
    0x08003564   0x08003564   0x00000004   PAD
    0x08003568   0x08003568   0x000001a4   Code   RO         1740    .text.MPU6050_DMP_GetData  mpu6050.o
    0x0800370c   0x0800370c   0x000000ae   Code   RO         1734    .text.MPU6050_DMP_Init  mpu6050.o
    0x080037ba   0x080037ba   0x00000002   PAD
    0x080037bc   0x080037bc   0x000000a0   Code   RO           41    .text.MPU6050_Task  freertos.o
    0x0800385c   0x0800385c   0x000000cc   Code   RO           39    .text.MX_FREERTOS_Init  freertos.o
    0x08003928   0x08003928   0x000000a2   Code   RO           28    .text.MX_GPIO_Init  gpio.o
    0x080039ca   0x080039ca   0x00000002   PAD
    0x080039cc   0x080039cc   0x00000042   Code   RO           61    .text.MX_I2C1_Init  i2c.o
    0x08003a0e   0x08003a0e   0x00000002   PAD
    0x08003a10   0x08003a10   0x00000042   Code   RO           63    .text.MX_I2C2_Init  i2c.o
    0x08003a52   0x08003a52   0x00000002   PAD
    0x08003a54   0x08003a54   0x00000042   Code   RO           65    .text.MX_I2C3_Init  i2c.o
    0x08003a96   0x08003a96   0x00000002   PAD
    0x08003a98   0x08003a98   0x000000be   Code   RO           82    .text.MX_TIM14_Init  tim.o
    0x08003b56   0x08003b56   0x00000002   PAD
    0x08003b58   0x08003b58   0x0000003c   Code   RO           99    .text.MX_UART4_Init  usart.o
    0x08003b94   0x08003b94   0x00000002   Code   RO          120    .text.MemManage_Handler  stm32f4xx_it.o
    0x08003b96   0x08003b96   0x00000002   PAD
    0x08003b98   0x08003b98   0x00000002   Code   RO          116    .text.NMI_Handler   stm32f4xx_it.o
    0x08003b9a   0x08003b9a   0x00000002   PAD
    0x08003b9c   0x08003b9c   0x000000a0   Code   RO         1773    .text.OLED_Clear    oled.o
    0x08003c3c   0x08003c3c   0x0000005a   Code   RO         1779    .text.OLED_Display_On  oled.o
    0x08003c96   0x08003c96   0x00000002   PAD
    0x08003c98   0x08003c98   0x000002b4   Code   RO         1775    .text.OLED_Init     oled.o
    0x08003f4c   0x08003f4c   0x000003c4   Code   RO         1783    .text.OLED_ShowChar_EN  oled.o
    0x08004310   0x08004310   0x0000018e   Code   RO         1785    .text.OLED_ShowNum  oled.o
    0x0800449e   0x0800449e   0x00000002   PAD
    0x080044a0   0x080044a0   0x00000040   Code   RO         1787    .text.OLED_ShowString  oled.o
    0x080044e0   0x080044e0   0x00000098   Code   RO           45    .text.OLED_Task     freertos.o
    0x08004578   0x08004578   0x00000008   PAD
    0x08004580   0x08004580   0x00000064   Code   RO         1537    .text.PendSV_Handler  port.o
    0x080045e4   0x080045e4   0x0000000c   PAD
    0x080045f0   0x080045f0   0x00000024   Code   RO         1521    .text.SVC_Handler   port.o
    0x08004614   0x08004614   0x0000002e   Code   RO         1539    .text.SysTick_Handler  port.o
    0x08004642   0x08004642   0x00000002   PAD
    0x08004644   0x08004644   0x000000b0   Code   RO           13    .text.SystemClock_Config  main.o
    0x080046f4   0x080046f4   0x00000012   Code   RO         1114    .text.SystemInit    system_stm32f4xx.o
    0x08004706   0x08004706   0x00000002   PAD
    0x08004708   0x08004708   0x0000000c   Code   RO          128    .text.TIM8_UP_TIM13_IRQHandler  stm32f4xx_it.o
    0x08004714   0x08004714   0x0000013c   Code   RO          679    .text.TIM_Base_SetConfig  stm32f4xx_hal_tim.o
    0x08004850   0x08004850   0x000000ee   Code   RO          998    .text.UART_SetConfig  stm32f4xx_hal_uart.o
    0x0800493e   0x0800493e   0x00000002   PAD
    0x08004940   0x08004940   0x00000002   Code   RO          124    .text.UsageFault_Handler  stm32f4xx_it.o
    0x08004942   0x08004942   0x00000002   PAD
    0x08004944   0x08004944   0x0000029e   Code   RO         1698    .text.dmp_enable_feature  inv_mpu_dmp_motion_driver.o
    0x08004be2   0x08004be2   0x00000002   PAD
    0x08004be4   0x08004be4   0x00000016   Code   RO         1662    .text.dmp_load_motion_driver_firmware  inv_mpu_dmp_motion_driver.o
    0x08004bfa   0x08004bfa   0x00000002   PAD
    0x08004bfc   0x08004bfc   0x000001d0   Code   RO         1710    .text.dmp_read_fifo  inv_mpu_dmp_motion_driver.o
    0x08004dcc   0x08004dcc   0x000000c2   Code   RO         1668    .text.dmp_set_accel_bias  inv_mpu_dmp_motion_driver.o
    0x08004e8e   0x08004e8e   0x00000002   PAD
    0x08004e90   0x08004e90   0x00000070   Code   RO         1670    .text.dmp_set_fifo_rate  inv_mpu_dmp_motion_driver.o
    0x08004f00   0x08004f00   0x000000e0   Code   RO         1666    .text.dmp_set_gyro_bias  inv_mpu_dmp_motion_driver.o
    0x08004fe0   0x08004fe0   0x000000e8   Code   RO         1664    .text.dmp_set_orientation  inv_mpu_dmp_motion_driver.o
    0x080050c8   0x080050c8   0x0000014c   Code   RO         1674    .text.dmp_set_tap_thresh  inv_mpu_dmp_motion_driver.o
    0x08005214   0x08005214   0x00000020   Code   RO          105    .text.fputc         usart.o
    0x08005234   0x08005234   0x0000043c   Code   RO         1631    .text.get_st_biases  inv_mpu.o
    0x08005670   0x08005670   0x00000004   Code   RO         1736    .text.inv_orientation_matrix_to_scalar  mpu6050.o
    0x08005674   0x08005674   0x0000004e   Code   RO           11    .text.main          main.o
    0x080056c2   0x080056c2   0x00000002   PAD
    0x080056c4   0x080056c4   0x000000d2   Code   RO         1579    .text.mpu_configure_fifo  inv_mpu.o
    0x08005796   0x08005796   0x00000002   PAD
    0x08005798   0x08005798   0x0000003c   Code   RO         1601    .text.mpu_get_accel_fsr  inv_mpu.o
    0x080057d4   0x080057d4   0x00000044   Code   RO         1613    .text.mpu_get_accel_sens  inv_mpu.o
    0x08005818   0x08005818   0x00000030   Code   RO         1611    .text.mpu_get_gyro_sens  inv_mpu.o
    0x08005848   0x08005848   0x00000218   Code   RO         1569    .text.mpu_init      inv_mpu.o
    0x08005a60   0x08005a60   0x000001a2   Code   RO         1637    .text.mpu_load_firmware  inv_mpu.o
    0x08005c02   0x08005c02   0x00000002   PAD
    0x08005c04   0x08005c04   0x0000028e   Code   RO         1585    .text.mpu_lp_accel_mode  inv_mpu.o
    0x08005e92   0x08005e92   0x00000002   PAD
    0x08005e94   0x08005e94   0x000000f2   Code   RO         1623    .text.mpu_read_fifo_stream  inv_mpu.o
    0x08005f86   0x08005f86   0x00000002   PAD
    0x08005f88   0x08005f88   0x00000212   Code   RO         1597    .text.mpu_reset_fifo  inv_mpu.o
    0x0800619a   0x0800619a   0x00000002   PAD
    0x0800619c   0x0800619c   0x000008f4   Code   RO         1627    .text.mpu_run_self_test  inv_mpu.o
    0x08006a90   0x08006a90   0x000000ae   Code   RO         1573    .text.mpu_set_accel_fsr  inv_mpu.o
    0x08006b3e   0x08006b3e   0x00000002   PAD
    0x08006b40   0x08006b40   0x00000136   Code   RO         1581    .text.mpu_set_bypass  inv_mpu.o
    0x08006c76   0x08006c76   0x00000002   PAD
    0x08006c78   0x08006c78   0x00000138   Code   RO         1629    .text.mpu_set_dmp_state  inv_mpu.o
    0x08006db0   0x08006db0   0x000000b0   Code   RO         1575    .text.mpu_set_lpf   inv_mpu.o
    0x08006e60   0x08006e60   0x000000fc   Code   RO         1577    .text.mpu_set_sample_rate  inv_mpu.o
    0x08006f5c   0x08006f5c   0x00000120   Code   RO         1583    .text.mpu_set_sensors  inv_mpu.o
    0x0800707c   0x0800707c   0x00000084   Code   RO         1633    .text.mpu_write_mem  inv_mpu.o
    0x08007100   0x08007100   0x00000010   Code   RO         1399    .text.osDelay       cmsis_os.o
    0x08007110   0x08007110   0x0000000a   Code   RO         1381    .text.osKernelStart  cmsis_os.o
    0x0800711a   0x0800711a   0x00000002   PAD
    0x0800711c   0x0800711c   0x0000005c   Code   RO         1387    .text.osThreadCreate  cmsis_os.o
    0x08007178   0x08007178   0x000000fc   Code   RO         1279    .text.prvAddNewTaskToReadyList  tasks.o
    0x08007274   0x08007274   0x00000086   Code   RO         1309    .text.prvIdleTask   tasks.o
    0x080072fa   0x080072fa   0x00000002   PAD
    0x080072fc   0x080072fc   0x00000118   Code   RO         1277    .text.prvInitialiseNewTask  tasks.o
    0x08007414   0x08007414   0x00000028   Code   RO         1529    .text.prvPortStartFirstTask  port.o
    0x0800743c   0x0800743c   0x0000003e   Code   RO         1519    .text.prvTaskExitError  port.o
    0x0800747a   0x0800747a   0x00000002   PAD
    0x0800747c   0x0800747c   0x0000020a   Code   RO         1495    .text.pvPortMalloc  heap_4.o
    0x08007686   0x08007686   0x00000002   PAD
    0x08007688   0x08007688   0x00000028   Code   RO         1517    .text.pxPortInitialiseStack  port.o
    0x080076b0   0x080076b0   0x00000090   Code   RO         1738    .text.run_self_test  mpu6050.o
    0x08007740   0x08007740   0x00000024   Code   RO         1166    .text.uxListRemove  list.o
    0x08007764   0x08007764   0x0000001a   Code   RO           37    .text.vApplicationGetIdleTaskMemory  freertos.o
    0x0800777e   0x0800777e   0x00000002   PAD
    0x08007780   0x08007780   0x00000016   Code   RO         1158    .text.vListInitialise  list.o
    0x08007796   0x08007796   0x00000002   PAD
    0x08007798   0x08007798   0x00000006   Code   RO         1160    .text.vListInitialiseItem  list.o
    0x0800779e   0x0800779e   0x00000002   PAD
    0x080077a0   0x080077a0   0x00000062   Code   RO         1164    .text.vListInsert   list.o
    0x08007802   0x08007802   0x00000002   PAD
    0x08007804   0x08007804   0x0000001c   Code   RO         1162    .text.vListInsertEnd  list.o
    0x08007820   0x08007820   0x00000014   Code   RO         1527    .text.vPortEnableVFP  port.o
    0x08007834   0x08007834   0x00000046   Code   RO         1533    .text.vPortEnterCritical  port.o
    0x0800787a   0x0800787a   0x00000002   PAD
    0x0800787c   0x0800787c   0x0000002e   Code   RO         1535    .text.vPortExitCritical  port.o
    0x080078aa   0x080078aa   0x00000002   PAD
    0x080078ac   0x080078ac   0x000000d4   Code   RO         1497    .text.vPortFree     heap_4.o
    0x08007980   0x08007980   0x00000034   Code   RO         1525    .text.vPortSetupTimerInterrupt  port.o
    0x080079b4   0x080079b4   0x0000009e   Code   RO         1285    .text.vTaskDelay    tasks.o
    0x08007a52   0x08007a52   0x00000002   PAD
    0x08007a54   0x08007a54   0x000000cc   Code   RO         1307    .text.vTaskStartScheduler  tasks.o
    0x08007b20   0x08007b20   0x00000010   Code   RO         1287    .text.vTaskSuspendAll  tasks.o
    0x08007b30   0x08007b30   0x0000006e   Code   RO         1301    .text.vTaskSwitchContext  tasks.o
    0x08007b9e   0x08007b9e   0x00000002   PAD
    0x08007ba0   0x08007ba0   0x00000184   Code   RO         1523    .text.xPortStartScheduler  port.o
    0x08007d24   0x08007d24   0x00000060   Code   RO         1281    .text.xTaskCreate   tasks.o
    0x08007d84   0x08007d84   0x00000076   Code   RO         1275    .text.xTaskCreateStatic  tasks.o
    0x08007dfa   0x08007dfa   0x00000002   PAD
    0x08007dfc   0x08007dfc   0x00000106   Code   RO         1313    .text.xTaskIncrementTick  tasks.o
    0x08007f02   0x08007f02   0x00000002   PAD
    0x08007f04   0x08007f04   0x000000ea   Code   RO         1291    .text.xTaskResumeAll  tasks.o
    0x08007fee   0x08007fee   0x00000002   PAD
    0x08007ff0   0x08007ff0   0x00000020   Code   RO         2065    i.__0printf         mc_w.l(printfa.o)
    0x08008010   0x08008010   0x00000030   Code   RO         2128    i.__ARM_fpclassify  m_wm.l(fpclassify.o)
    0x08008040   0x08008040   0x00000360   Code   RO         1800    i.__hardfp_asin     m_wm.l(asin.o)
    0x080083a0   0x080083a0   0x000002d8   Code   RO         2101    i.__hardfp_atan     m_wm.l(atan.o)
    0x08008678   0x08008678   0x00000200   Code   RO         1807    i.__hardfp_atan2    m_wm.l(atan2.o)
    0x08008878   0x08008878   0x000000f8   Code   RO         2130    i.__kernel_poly     m_wm.l(poly.o)
    0x08008970   0x08008970   0x00000014   Code   RO         2109    i.__mathlib_dbl_infnan  m_wm.l(dunder.o)
    0x08008984   0x08008984   0x00000014   Code   RO         2110    i.__mathlib_dbl_infnan2  m_wm.l(dunder.o)
    0x08008998   0x08008998   0x00000020   Code   RO         2111    i.__mathlib_dbl_invalid  m_wm.l(dunder.o)
    0x080089b8   0x080089b8   0x00000020   Code   RO         2114    i.__mathlib_dbl_underflow  m_wm.l(dunder.o)
    0x080089d8   0x080089d8   0x0000000e   Code   RO         2201    i.__scatterload_copy  mc_w.l(handlers.o)
    0x080089e6   0x080089e6   0x00000002   Code   RO         2202    i.__scatterload_null  mc_w.l(handlers.o)
    0x080089e8   0x080089e8   0x0000000e   Code   RO         2203    i.__scatterload_zeroinit  mc_w.l(handlers.o)
    0x080089f6   0x080089f6   0x00000002   PAD
    0x080089f8   0x080089f8   0x0000000c   Code   RO         2171    i.__set_errno       mc_w.l(errno.o)
    0x08008a04   0x08008a04   0x00000184   Code   RO         2072    i._fp_digits        mc_w.l(printfa.o)
    0x08008b88   0x08008b88   0x000006dc   Code   RO         2073    i._printf_core      mc_w.l(printfa.o)
    0x08009264   0x08009264   0x00000024   Code   RO         2074    i._printf_post_padding  mc_w.l(printfa.o)
    0x08009288   0x08009288   0x0000002e   Code   RO         2075    i._printf_pre_padding  mc_w.l(printfa.o)
    0x080092b6   0x080092b6   0x00000010   Code   RO         2103    i.atan              m_wm.l(atan.o)
    0x080092c6   0x080092c6   0x00000018   Code   RO         2124    i.fabs              m_wm.l(fabs.o)
    0x080092de   0x080092de   0x00000002   PAD
    0x080092e0   0x080092e0   0x00000024   Code   RO         1816    i.puts              mc_w.l(puts.o)
    0x08009304   0x08009304   0x0000006e   Code   RO         2135    i.sqrt              m_wm.l(sqrt.o)
    0x08009372   0x08009372   0x00000006   PAD
    0x08009378   0x08009378   0x00000050   Data   RO         1803    .constdata          m_wm.l(asin.o)
    0x080093c8   0x080093c8   0x00000098   Data   RO         2104    .constdata          m_wm.l(atan.o)
    0x08009460   0x08009460   0x00000008   Data   RO         2132    .constdata          m_wm.l(qnan.o)
    0x08009468   0x08009468   0x00000003   Data   RO         1718    .rodata..L__const.dmp_set_orientation.accel_axes  inv_mpu_dmp_motion_driver.o
    0x0800946b   0x0800946b   0x00000003   Data   RO         1717    .rodata..L__const.dmp_set_orientation.gyro_axes  inv_mpu_dmp_motion_driver.o
    0x0800946e   0x0800946e   0x00000010   Data   RO         1119    .rodata.AHBPrescTable  system_stm32f4xx.o
    0x0800947e   0x0800947e   0x00000008   Data   RO         1120    .rodata.APBPrescTable  system_stm32f4xx.o
    0x08009486   0x08009486   0x00000228   Data   RO         1791    .rodata.F6x8        oled.o
    0x080096ae   0x080096ae   0x000005f0   Data   RO         1792    .rodata.F8X16       oled.o
    0x08009c9e   0x08009c9e   0x00000bf6   Data   RO         1716    .rodata.dmp_memory  inv_mpu_dmp_motion_driver.o
    0x0800a894   0x0800a894   0x0000000c   Data   RO         1648    .rodata.hw          inv_mpu.o
    0x0800a8a0   0x0800a8a0   0x0000001e   Data   RO         1647    .rodata.reg         inv_mpu.o
    0x0800a8be   0x0800a8be   0x0000001e   Data   RO           49    .rodata.str1.1      freertos.o
    0x0800a8dc   0x0800a8dc   0x0000004c   Data   RO         1651    .rodata.str1.1      inv_mpu.o
    0x0800a928   0x0800a928   0x00000028   Data   RO         1649    .rodata.test        inv_mpu.o
    0x0800a950   0x0800a950   0x00000020   Data   RO         2200    Region$$Table       anon$$obj.o


    Execution Region RW_IRAM1 (Exec base: 0x20000000, Load base: 0x0800a970, Size: 0x00004620, Max: 0x0001c000, ABSOLUTE)

    Exec Addr    Load Addr    Size         Type   Attr      Idx    E Section Name        Object

    0x20000000   0x0800a970   0x00000004   Data   RW         2153    .data               mc_w.l(stdout.o)
    0x20000004   0x0800a974   0x00000004   Data   RW         2172    .data               mc_w.l(errno.o)
    0x20000008   0x0800a978   0x00000008   Data   RW          505    .data..L_MergedGlobals  stm32f4xx_hal.o
    0x20000010   0x0800a980   0x00000004   Data   RW         1118    .data.SystemCoreClock  system_stm32f4xx.o
    0x20000014   0x0800a984   0x0000002c   Data   RW         1650    .data.st            inv_mpu.o
    0x20000040   0x0800a9b0   0x00000004   Data   RW         1543    .data.uxCriticalNesting  port.o
    0x20000044   0x0800a9b4   0x00000004   PAD
    0x20000048        -       0x0000000c   Zero   RW           52    .bss..L_MergedGlobals  freertos.o
    0x20000054        -       0x00000078   Zero   RW         1370    .bss..L_MergedGlobals  tasks.o
    0x200000cc        -       0x00000020   Zero   RW         1508    .bss..L_MergedGlobals  heap_4.o
    0x200000ec        -       0x00000008   Zero   RW         1544    .bss..L_MergedGlobals  port.o
    0x200000f4        -       0x00000010   Zero   RW         1725    .bss..L_MergedGlobals  inv_mpu_dmp_motion_driver.o
    0x20000104        -       0x00000028   Zero   RW         1371    .bss..L_MergedGlobals.1  tasks.o
    0x2000012c        -       0x0000000c   Zero   RW           50    .bss.Angle          freertos.o
    0x20000138        -       0x00000024   Zero   RW         1764    .bss.BMP280         bmp280.o
    0x2000015c        -       0x00000008   Zero   RW           51    .bss.BMP280Sensor   freertos.o
    0x20000164        -       0x00000002   Zero   RW         1719    .bss.dmp.2          inv_mpu_dmp_motion_driver.o
    0x20000166   0x0800a9b4   0x00000002   PAD
    0x20000168        -       0x00000002   Zero   RW         1720    .bss.dmp.4          inv_mpu_dmp_motion_driver.o
    0x2000016a   0x0800a9b4   0x00000002   PAD
    0x2000016c        -       0x00000054   Zero   RW           71    .bss.hi2c1          i2c.o
    0x200001c0        -       0x00000054   Zero   RW           72    .bss.hi2c2          i2c.o
    0x20000214        -       0x00000054   Zero   RW           73    .bss.hi2c3          i2c.o
    0x20000268        -       0x00000048   Zero   RW          152    .bss.htim13         stm32f4xx_hal_timebase_tim.o
    0x200002b0        -       0x00000048   Zero   RW           90    .bss.htim14         tim.o
    0x200002f8        -       0x00000044   Zero   RW          107    .bss.huart4         usart.o
    0x2000033c        -       0x0000008c   Zero   RW         1369    .bss.pxReadyTasksLists  tasks.o
    0x200003c8        -       0x00003c00   Zero   RW         1507    .bss.ucHeap         heap_4.o
    0x20003fc8        -       0x00000004   Zero   RW          504    .bss.uwTick         stm32f4xx_hal.o
    0x20003fcc        -       0x00000200   Zero   RW           48    .bss.xIdleStack     freertos.o
    0x200041cc        -       0x00000054   Zero   RW           47    .bss.xIdleTaskTCBBuffer  freertos.o
    0x20004220        -       0x00000400   Zero   RW            1    STACK               startup_stm32f407xx.o


    Execution Region RW_IRAM2 (Exec base: 0x2001c000, Load base: 0x0800a9b8, Size: 0x00000000, Max: 0x00004000, ABSOLUTE)

    **** No section assigned to this execution region ****


==============================================================================

Image component sizes


      Code (inc. data)   RO Data    RW Data    ZI Data      Debug   Object Name

      1088         12          0          0         36       4333   bmp280.o
       118          0          0          0          0      25749   cmsis_os.o
       646        144         30          0        628       4022   freertos.o
       162          0          0          0          0       2197   gpio.o
       734          0          0          0      15392       5620   heap_4.o
       578          0          0          0        252       5833   i2c.o
      7786        238        158         44          0      29653   inv_mpu.o
      2250         68       3068          0         20      10787   inv_mpu_dmp_motion_driver.o
       190          0          0          0          0       2346   list.o
       284          0          0          0          0       6509   main.o
       742         12          0          0          0       2874   mpu6050.o
      2368          0       2072          0          0      10467   oled.o
       900         16          0          4          8       4189   port.o
        36          8        392          0       1024        856   startup_stm32f407xx.o
       132          0          0          8          4       7311   stm32f4xx_hal.o
       156          0          0          0          0      10541   stm32f4xx_hal_cortex.o
       432          0          0          0          0       5274   stm32f4xx_hal_gpio.o
      4982          0          0          0          0      53711   stm32f4xx_hal_i2c.o
        66          0          0          0          0       3547   stm32f4xx_hal_msp.o
      1482          0          0          0          0       7439   stm32f4xx_hal_rcc.o
      1590          4          0          0          0      55052   stm32f4xx_hal_tim.o
         4          0          0          0          0      21257   stm32f4xx_hal_tim_ex.o
       188          0          0          0         72       7280   stm32f4xx_hal_timebase_tim.o
       978          0          0          0          0      31734   stm32f4xx_hal_uart.o
        24          0          0          0          0       4184   stm32f4xx_it.o
        18          0         24          4          0       2664   system_stm32f4xx.o
      1864          8          0          0        300      28382   tasks.o
       244          0          0          0         72       6104   tim.o
       196          0          0          0         68       5455   usart.o

    ----------------------------------------------------------------------
     30412        522       5776         60      17884     365370   Object Totals
         0          0         32          0          0          0   (incl. Generated)
       174         12          0          0          8          0   (incl. Padding)

    ----------------------------------------------------------------------

      Code (inc. data)   RO Data    RW Data    ZI Data      Debug   Library Member Name

       864         94         80          0          0        280   asin.o
       744        106        152          0          0        352   atan.o
       512         64          0          0          0        208   atan2.o
       104         16          0          0          0        496   dunder.o
        24          0          0          0          0        124   fabs.o
        48          0          0          0          0        124   fpclassify.o
       248          0          0          0          0        152   poly.o
         0          0          8          0          0          0   qnan.o
       110          0          0          0          0        148   sqrt.o
         0          0          0          0          0          0   entry.o
         0          0          0          0          0          0   entry10a.o
         0          0          0          0          0          0   entry11a.o
         8          4          0          0          0          0   entry2.o
         4          0          0          0          0          0   entry5.o
         0          0          0          0          0          0   entry7b.o
         0          0          0          0          0          0   entry8b.o
         8          4          0          0          0          0   entry9a.o
        12          6          0          4          0         68   errno.o
        30          0          0          0          0          0   handlers.o
        36          8          0          0          0         68   init.o
         0          0          0          0          0          0   iusefp.o
        98          0          0          0          0         84   ldiv.o
        30          0          0          0          0         68   llshl.o
        36          0          0          0          0         68   llsshr.o
        32          0          0          0          0         68   llushr.o
        26          0          0          0          0         80   memcmp.o
      2258         90          0          0          0        452   printfa.o
        36          6          0          0          0         80   puts.o
         0          0          0          4          0          0   stdout.o
        44          0          0          0          0         80   uidiv.o
        98          0          0          0          0         92   uldiv.o
        48          0          0          0          0         68   cdcmple.o
        48          0          0          0          0         68   cdrcmple.o
        56          0          0          0          0         88   d2f.o
       334          0          0          0          0        148   dadd.o
       222          0          0          0          0        100   ddiv.o
       186          0          0          0          0        176   depilogue.o
        48          0          0          0          0         68   dfixul.o
       228          0          0          0          0         96   dmul.o
       162          0          0          0          0        100   dsqrt.o
        38          0          0          0          0         68   f2d.o
       110          0          0          0          0        168   fepilogue.o
        44          0          0          0          0         92   ffltl.o

    ----------------------------------------------------------------------
      6948        398        240          8          0       4332   Library Totals
        14          0          0          0          0          0   (incl. Padding)

    ----------------------------------------------------------------------

      Code (inc. data)   RO Data    RW Data    ZI Data      Debug   Library Name

      2654        280        240          0          0       1884   m_wm.l
      2756        118          0          8          0       1208   mc_w.l
      1524          0          0          0          0       1240   mf_w.l

    ----------------------------------------------------------------------
      6948        398        240          8          0       4332   Library Totals

    ----------------------------------------------------------------------

==============================================================================


      Code (inc. data)   RO Data    RW Data    ZI Data      Debug   

     37360        920       6016         68      17884     367018   Grand Totals
     37360        920       6016         68      17884     367018   ELF Image Totals
     37360        920       6016         68          0          0   ROM Totals

==============================================================================

    Total RO  Size (Code + RO Data)                43376 (  42.36kB)
    Total RW  Size (RW Data + ZI Data)             17952 (  17.53kB)
    Total ROM Size (Code + RO Data + RW Data)      43444 (  42.43kB)

==============================================================================

