Component: Arm Compiler for Embedded 6.19 Tool: armlink [5e73cb00]

==============================================================================

Section Cross References

    startup_stm32f407xx.o(RESET) refers to startup_stm32f407xx.o(STACK) for __initial_sp
    startup_stm32f407xx.o(RESET) refers to startup_stm32f407xx.o(.text) for Reset_Handler
    startup_stm32f407xx.o(RESET) refers to stm32f4xx_it.o(.text.NMI_Handler) for NMI_Handler
    startup_stm32f407xx.o(RESET) refers to stm32f4xx_it.o(.text.HardFault_Handler) for HardFault_Handler
    startup_stm32f407xx.o(RESET) refers to stm32f4xx_it.o(.text.MemManage_Handler) for MemManage_Handler
    startup_stm32f407xx.o(RESET) refers to stm32f4xx_it.o(.text.BusFault_Handler) for BusFault_Handler
    startup_stm32f407xx.o(RESET) refers to stm32f4xx_it.o(.text.UsageFault_Handler) for UsageFault_Handler
    startup_stm32f407xx.o(RESET) refers to stm32f4xx_it.o(.text.SVC_Handler) for SVC_Handler
    startup_stm32f407xx.o(RESET) refers to stm32f4xx_it.o(.text.DebugMon_Handler) for DebugMon_Handler
    startup_stm32f407xx.o(RESET) refers to stm32f4xx_it.o(.text.PendSV_Handler) for PendSV_Handler
    startup_stm32f407xx.o(RESET) refers to stm32f4xx_it.o(.text.SysTick_Handler) for SysTick_Handler
    startup_stm32f407xx.o(.text) refers to system_stm32f4xx.o(.text.SystemInit) for SystemInit
    startup_stm32f407xx.o(.text) refers to entry.o(.ARM.Collect$$$$00000000) for __main
    main.o(.text.main) refers to stm32f4xx_hal.o(.text.HAL_Init) for HAL_Init
    main.o(.text.main) refers to main.o(.text.SystemClock_Config) for SystemClock_Config
    main.o(.text.main) refers to gpio.o(.text.MX_GPIO_Init) for MX_GPIO_Init
    main.o(.text.main) refers to usart.o(.text.MX_UART4_Init) for MX_UART4_Init
    main.o(.text.main) refers to tim.o(.text.MX_TIM14_Init) for MX_TIM14_Init
    main.o(.text.main) refers to tim.o(.bss.htim14) for htim14
    main.o(.text.main) refers to stm32f4xx_hal_tim.o(.text.HAL_TIM_PWM_Start) for HAL_TIM_PWM_Start
    main.o(.text.main) refers to bldc.o(.text.Motor_Init) for Motor_Init
    main.o(.text.main) refers to mpu6050.o(.text.MPU_Init) for MPU_Init
    main.o(.text.main) refers to inv_mpu.o(.text.mpu_dmp_init) for mpu_dmp_init
    main.o(.text.main) refers to stm32f4xx_hal_gpio.o(.text.HAL_GPIO_WritePin) for HAL_GPIO_WritePin
    main.o(.text.main) refers to inv_mpu.o(.text.mpu_dmp_get_data) for mpu_dmp_get_data
    main.o(.text.main) refers to mpu6050.o(.text.MPU_Get_Accelerometer) for MPU_Get_Accelerometer
    main.o(.text.main) refers to mpu6050.o(.text.MPU_Get_Gyroscope) for MPU_Get_Gyroscope
    main.o(.text.main) refers to mpu6050.o(.text.MPU_Get_Temperature) for MPU_Get_Temperature
    main.o(.text.main) refers to f2d.o(.text) for __aeabi_f2d
    main.o(.text.main) refers to printfa.o(i.__0printf) for __2printf
    main.o(.text.main) refers to stm32f4xx_hal.o(.text.HAL_Delay) for HAL_Delay
    main.o(.ARM.exidx.text.main) refers to main.o(.text.main) for [Anonymous Symbol]
    main.o(.text.SystemClock_Config) refers to stm32f4xx_hal_rcc.o(.text.HAL_RCC_OscConfig) for HAL_RCC_OscConfig
    main.o(.text.SystemClock_Config) refers to stm32f4xx_hal_rcc.o(.text.HAL_RCC_ClockConfig) for HAL_RCC_ClockConfig
    main.o(.ARM.exidx.text.SystemClock_Config) refers to main.o(.text.SystemClock_Config) for [Anonymous Symbol]
    main.o(.ARM.exidx.text.Error_Handler) refers to main.o(.text.Error_Handler) for [Anonymous Symbol]
    gpio.o(.text.MX_GPIO_Init) refers to stm32f4xx_hal_gpio.o(.text.HAL_GPIO_WritePin) for HAL_GPIO_WritePin
    gpio.o(.text.MX_GPIO_Init) refers to stm32f4xx_hal_gpio.o(.text.HAL_GPIO_Init) for HAL_GPIO_Init
    gpio.o(.ARM.exidx.text.MX_GPIO_Init) refers to gpio.o(.text.MX_GPIO_Init) for [Anonymous Symbol]
    tim.o(.text.MX_TIM14_Init) refers to tim.o(.bss.htim14) for htim14
    tim.o(.text.MX_TIM14_Init) refers to stm32f4xx_hal_tim.o(.text.HAL_TIM_Base_Init) for HAL_TIM_Base_Init
    tim.o(.text.MX_TIM14_Init) refers to main.o(.text.Error_Handler) for Error_Handler
    tim.o(.text.MX_TIM14_Init) refers to stm32f4xx_hal_tim.o(.text.HAL_TIM_PWM_Init) for HAL_TIM_PWM_Init
    tim.o(.text.MX_TIM14_Init) refers to stm32f4xx_hal_tim.o(.text.HAL_TIM_PWM_ConfigChannel) for HAL_TIM_PWM_ConfigChannel
    tim.o(.text.MX_TIM14_Init) refers to stm32f4xx_hal_gpio.o(.text.HAL_GPIO_Init) for HAL_GPIO_Init
    tim.o(.ARM.exidx.text.MX_TIM14_Init) refers to tim.o(.text.MX_TIM14_Init) for [Anonymous Symbol]
    tim.o(.text.HAL_TIM_MspPostInit) refers to stm32f4xx_hal_gpio.o(.text.HAL_GPIO_Init) for HAL_GPIO_Init
    tim.o(.ARM.exidx.text.HAL_TIM_MspPostInit) refers to tim.o(.text.HAL_TIM_MspPostInit) for [Anonymous Symbol]
    tim.o(.ARM.exidx.text.HAL_TIM_Base_MspInit) refers to tim.o(.text.HAL_TIM_Base_MspInit) for [Anonymous Symbol]
    tim.o(.ARM.exidx.text.HAL_TIM_Base_MspDeInit) refers to tim.o(.text.HAL_TIM_Base_MspDeInit) for [Anonymous Symbol]
    usart.o(.text.MX_UART4_Init) refers to usart.o(.bss.huart4) for huart4
[...]
    Removing stm32f4xx_hal_uart.o(.ARM.exidx.text.UART_DMATxAbortCallback), (8 bytes).
    Removing stm32f4xx_hal_uart.o(.text.UART_DMARxAbortCallback), (42 bytes).
    Removing stm32f4xx_hal_uart.o(.ARM.exidx.text.UART_DMARxAbortCallback), (8 bytes).
    Removing stm32f4xx_hal_uart.o(.text.HAL_UART_AbortCpltCallback), (2 bytes).
    Removing stm32f4xx_hal_uart.o(.ARM.exidx.text.HAL_UART_AbortCpltCallback), (8 bytes).
    Removing stm32f4xx_hal_uart.o(.text.HAL_UART_AbortTransmit_IT), (236 bytes).
    Removing stm32f4xx_hal_uart.o(.ARM.exidx.text.HAL_UART_AbortTransmit_IT), (8 bytes).
    Removing stm32f4xx_hal_uart.o(.text.UART_DMATxOnlyAbortCallback), (16 bytes).
    Removing stm32f4xx_hal_uart.o(.ARM.exidx.text.UART_DMATxOnlyAbortCallback), (8 bytes).
    Removing stm32f4xx_hal_uart.o(.text.HAL_UART_AbortTransmitCpltCallback), (2 bytes).
    Removing stm32f4xx_hal_uart.o(.ARM.exidx.text.HAL_UART_AbortTransmitCpltCallback), (8 bytes).
    Removing stm32f4xx_hal_uart.o(.text.HAL_UART_AbortReceive_IT), (394 bytes).
    Removing stm32f4xx_hal_uart.o(.ARM.exidx.text.HAL_UART_AbortReceive_IT), (8 bytes).
    Removing stm32f4xx_hal_uart.o(.text.UART_DMARxOnlyAbortCallback), (18 bytes).
    Removing stm32f4xx_hal_uart.o(.ARM.exidx.text.UART_DMARxOnlyAbortCallback), (8 bytes).
    Removing stm32f4xx_hal_uart.o(.text.HAL_UART_AbortReceiveCpltCallback), (2 bytes).
    Removing stm32f4xx_hal_uart.o(.ARM.exidx.text.HAL_UART_AbortReceiveCpltCallback), (8 bytes).
    Removing stm32f4xx_hal_uart.o(.text.HAL_UART_IRQHandler), (1380 bytes).
    Removing stm32f4xx_hal_uart.o(.ARM.exidx.text.HAL_UART_IRQHandler), (8 bytes).
    Removing stm32f4xx_hal_uart.o(.text.UART_Receive_IT), (254 bytes).
    Removing stm32f4xx_hal_uart.o(.ARM.exidx.text.UART_Receive_IT), (8 bytes).
    Removing stm32f4xx_hal_uart.o(.text.UART_DMAAbortOnError), (12 bytes).
    Removing stm32f4xx_hal_uart.o(.ARM.exidx.text.UART_DMAAbortOnError), (8 bytes).
    Removing stm32f4xx_hal_uart.o(.text.HAL_UART_ErrorCallback), (2 bytes).
    Removing stm32f4xx_hal_uart.o(.ARM.exidx.text.HAL_UART_ErrorCallback), (8 bytes).
    Removing stm32f4xx_hal_uart.o(.text.HAL_UARTEx_RxEventCallback), (2 bytes).
    Removing stm32f4xx_hal_uart.o(.ARM.exidx.text.HAL_UARTEx_RxEventCallback), (8 bytes).
    Removing stm32f4xx_hal_uart.o(.text.HAL_UART_TxCpltCallback), (2 bytes).
    Removing stm32f4xx_hal_uart.o(.ARM.exidx.text.HAL_UART_TxCpltCallback), (8 bytes).
    Removing stm32f4xx_hal_uart.o(.text.HAL_UART_TxHalfCpltCallback), (2 bytes).
    Removing stm32f4xx_hal_uart.o(.ARM.exidx.text.HAL_UART_TxHalfCpltCallback), (8 bytes).
    Removing stm32f4xx_hal_uart.o(.text.HAL_UART_RxCpltCallback), (2 bytes).
    Removing stm32f4xx_hal_uart.o(.ARM.exidx.text.HAL_UART_RxCpltCallback), (8 bytes).
    Removing stm32f4xx_hal_uart.o(.text.HAL_UART_RxHalfCpltCallback), (2 bytes).
    Removing stm32f4xx_hal_uart.o(.ARM.exidx.text.HAL_UART_RxHalfCpltCallback), (8 bytes).
    Removing stm32f4xx_hal_uart.o(.text.HAL_LIN_SendBreak), (114 bytes).
    Removing stm32f4xx_hal_uart.o(.ARM.exidx.text.HAL_LIN_SendBreak), (8 bytes).
    Removing stm32f4xx_hal_uart.o(.text.HAL_MultiProcessor_EnterMuteMode), (114 bytes).
    Removing stm32f4xx_hal_uart.o(.ARM.exidx.text.HAL_MultiProcessor_EnterMuteMode), (8 bytes).
    Removing stm32f4xx_hal_uart.o(.text.HAL_MultiProcessor_ExitMuteMode), (114 bytes).
    Removing stm32f4xx_hal_uart.o(.ARM.exidx.text.HAL_MultiProcessor_ExitMuteMode), (8 bytes).
    Removing stm32f4xx_hal_uart.o(.text.HAL_HalfDuplex_EnableTransmitter), (44 bytes).
    Removing stm32f4xx_hal_uart.o(.ARM.exidx.text.HAL_HalfDuplex_EnableTransmitter), (8 bytes).
    Removing stm32f4xx_hal_uart.o(.text.HAL_HalfDuplex_EnableReceiver), (46 bytes).
    Removing stm32f4xx_hal_uart.o(.ARM.exidx.text.HAL_HalfDuplex_EnableReceiver), (8 bytes).
    Removing stm32f4xx_hal_uart.o(.text.HAL_UART_GetState), (14 bytes).
    Removing stm32f4xx_hal_uart.o(.ARM.exidx.text.HAL_UART_GetState), (8 bytes).
    Removing stm32f4xx_hal_uart.o(.text.HAL_UART_GetError), (4 bytes).
    Removing stm32f4xx_hal_uart.o(.ARM.exidx.text.HAL_UART_GetError), (8 bytes).
    Removing stm32f4xx_hal_uart.o(.text.UART_DMAReceiveCplt), (346 bytes).
    Removing stm32f4xx_hal_uart.o(.ARM.exidx.text.UART_DMAReceiveCplt), (8 bytes).
    Removing stm32f4xx_hal_uart.o(.text.UART_DMARxHalfCplt), (20 bytes).
    Removing stm32f4xx_hal_uart.o(.ARM.exidx.text.UART_DMARxHalfCplt), (8 bytes).
    Removing system_stm32f4xx.o(.text), (0 bytes).
    Removing system_stm32f4xx.o(.ARM.exidx.text.SystemInit), (8 bytes).
    Removing system_stm32f4xx.o(.text.SystemCoreClockUpdate), (134 bytes).
    Removing system_stm32f4xx.o(.ARM.exidx.text.SystemCoreClockUpdate), (8 bytes).
    Removing dneg.o(.text), (6 bytes).

887 unused section(s) (total 48920 bytes) removed from the image.

==============================================================================

Image Symbol Table

    Local Symbols

    Symbol Name                              Value     Ov Type        Size  Object(Section)

    ../clib/division.s                       0x00000000   Number         0  aeabi_sdiv.o ABSOLUTE
    ../clib/microlib/division.c              0x00000000   Number         0  uldiv.o ABSOLUTE
    ../clib/microlib/division.c              0x00000000   Number         0  ldiv.o ABSOLUTE
    ../clib/microlib/division.c              0x00000000   Number         0  uidiv.o ABSOLUTE
    ../clib/microlib/errno.c                 0x00000000   Number         0  errno.o ABSOLUTE
    ../clib/microlib/init/entry.s            0x00000000   Number         0  entry.o ABSOLUTE
    ../clib/microlib/init/entry.s            0x00000000   Number         0  entry2.o ABSOLUTE
    ../clib/microlib/init/entry.s            0x00000000   Number         0  entry5.o ABSOLUTE
    ../clib/microlib/init/entry.s            0x00000000   Number         0  entry7a.o ABSOLUTE
    ../clib/microlib/init/entry.s            0x00000000   Number         0  entry7b.o ABSOLUTE
    ../clib/microlib/init/entry.s            0x00000000   Number         0  entry8a.o ABSOLUTE
    ../clib/microlib/init/entry.s            0x00000000   Number         0  entry8b.o ABSOLUTE
    ../clib/microlib/init/entry.s            0x00000000   Number         0  entry9a.o ABSOLUTE
    ../clib/microlib/init/entry.s            0x00000000   Number         0  entry9b.o ABSOLUTE
    ../clib/microlib/init/entry.s            0x00000000   Number         0  entry10a.o ABSOLUTE
    ../clib/microlib/init/entry.s            0x00000000   Number         0  entry10b.o ABSOLUTE
    ../clib/microlib/init/entry.s            0x00000000   Number         0  entry11a.o ABSOLUTE
    ../clib/microlib/init/entry.s            0x00000000   Number         0  entry11b.o ABSOLUTE
    ../clib/microlib/longlong.c              0x00000000   Number         0  llshl.o ABSOLUTE
    ../clib/microlib/longlong.c              0x00000000   Number         0  llushr.o ABSOLUTE
    ../clib/microlib/longlong.c              0x00000000   Number         0  llsshr.o ABSOLUTE
    ../clib/microlib/printf/printf.c         0x00000000   Number         0  printfb.o ABSOLUTE
    ../clib/microlib/printf/printf.c         0x00000000   Number         0  printf0.o ABSOLUTE
    ../clib/microlib/printf/printf.c         0x00000000   Number         0  printf1.o ABSOLUTE
    ../clib/microlib/printf/printf.c         0x00000000   Number         0  printf2.o ABSOLUTE
    ../clib/microlib/printf/printf.c         0x00000000   Number         0  printf3.o ABSOLUTE
    ../clib/microlib/printf/printf.c         0x00000000   Number         0  printf4.o ABSOLUTE
    ../clib/microlib/printf/printf.c         0x00000000   Number         0  printf5.o ABSOLUTE
    ../clib/microlib/printf/printf.c         0x00000000   Number         0  printf6.o ABSOLUTE
    ../clib/microlib/printf/printf.c         0x00000000   Number         0  printf7.o ABSOLUTE
    ../clib/microlib/printf/printf.c         0x00000000   Number         0  printf8.o ABSOLUTE
    ../clib/microlib/printf/printf.c         0x00000000   Number         0  printfa.o ABSOLUTE
    ../clib/microlib/printf/stubs.s          0x00000000   Number         0  printfstubs.o ABSOLUTE
    ../clib/microlib/stdio/puts.c            0x00000000   Number         0  puts.o ABSOLUTE
    ../clib/microlib/stdio/puts.c            0x00000000   Number         0  puts_e.o ABSOLUTE
    ../clib/microlib/stdio/streams.c         0x00000000   Number         0  stdout.o ABSOLUTE
    ../clib/microlib/string/memcmp.c         0x00000000   Number         0  memcmp.o ABSOLUTE
    ../clib/microlib/stubs.s                 0x00000000   Number         0  iusefp.o ABSOLUTE
    ../fplib/microlib/d2f.c                  0x00000000   Number         0  d2f.o ABSOLUTE
    ../fplib/microlib/f2d.c                  0x00000000   Number         0  f2d.o ABSOLUTE
    ../fplib/microlib/fpadd.c                0x00000000   Number         0  dadd.o ABSOLUTE
    ../fplib/microlib/fpdiv.c                0x00000000   Number         0  ddiv.o ABSOLUTE
    ../fplib/microlib/fpepilogue.c           0x00000000   Number         0  fepilogue.o ABSOLUTE
    ../fplib/microlib/fpepilogue.c           0x00000000   Number         0  depilogue.o ABSOLUTE
    ../fplib/microlib/fpfix.c                0x00000000   Number         0  dfixul.o ABSOLUTE
    ../fplib/microlib/fpflt.c                0x00000000   Number         0  dflti.o ABSOLUTE
    ../fplib/microlib/fpmul.c                0x00000000   Number         0  dmul.o ABSOLUTE
    ../fplib/microlib/fpneg.c                0x00000000   Number         0  dneg.o ABSOLUTE
    ../fplib/microlib/fpsqrt.c               0x00000000   Number         0  dsqrt.o ABSOLUTE
    ../mathlib/asin.c                        0x00000000   Number         0  asin.o ABSOLUTE
    ../mathlib/atan.c                        0x00000000   Number         0  atan.o ABSOLUTE
    ../mathlib/atan2.c                       0x00000000   Number         0  atan2.o ABSOLUTE
    ../mathlib/dunder.c                      0x00000000   Number         0  dunder.o ABSOLUTE
    ../mathlib/fabs.c                        0x00000000   Number         0  fabs.o ABSOLUTE
    ../mathlib/fpclassify.c                  0x00000000   Number         0  fpclassify.o ABSOLUTE
    ../mathlib/poly.c                        0x00000000   Number         0  poly.o ABSOLUTE
    ../mathlib/qnan.c                        0x00000000   Number         0  qnan.o ABSOLUTE
    ../mathlib/sqrt.c                        0x00000000   Number         0  sqrt.o ABSOLUTE
    bldc.c                                   0x00000000   Number         0  bldc.o ABSOLUTE
    cdcmple.s                                0x00000000   Number         0  cdcmple.o ABSOLUTE
    cdrcmple.s                               0x00000000   Number         0  cdrcmple.o ABSOLUTE
    dc.s                                     0x00000000   Number         0  dc.o ABSOLUTE
    gpio.c                                   0x00000000   Number         0  gpio.o ABSOLUTE
    handlers.s                               0x00000000   Number         0  handlers.o ABSOLUTE
    init.s                                   0x00000000   Number         0  init.o ABSOLUTE
    inv_mpu.c                                0x00000000   Number         0  inv_mpu.o ABSOLUTE
    inv_mpu_dmp_motion_driver.c              0x00000000   Number         0  inv_mpu_dmp_motion_driver.o ABSOLUTE
    main.c                                   0x00000000   Number         0  main.o ABSOLUTE
    mpu6050.c                                0x00000000   Number         0  mpu6050.o ABSOLUTE
    mpu6050_i2c.c                            0x00000000   Number         0  mpu6050_i2c.o ABSOLUTE
    startup_stm32f407xx.s                    0x00000000   Number         0  startup_stm32f407xx.o ABSOLUTE
    stm32f4xx_hal.c                          0x00000000   Number         0  stm32f4xx_hal.o ABSOLUTE
    stm32f4xx_hal_cortex.c                   0x00000000   Number         0  stm32f4xx_hal_cortex.o ABSOLUTE
    stm32f4xx_hal_dma.c                      0x00000000   Number         0  stm32f4xx_hal_dma.o ABSOLUTE
    stm32f4xx_hal_dma_ex.c                   0x00000000   Number         0  stm32f4xx_hal_dma_ex.o ABSOLUTE
    stm32f4xx_hal_exti.c                     0x00000000   Number         0  stm32f4xx_hal_exti.o ABSOLUTE
    stm32f4xx_hal_flash.c                    0x00000000   Number         0  stm32f4xx_hal_flash.o ABSOLUTE
    stm32f4xx_hal_flash_ex.c                 0x00000000   Number         0  stm32f4xx_hal_flash_ex.o ABSOLUTE
    stm32f4xx_hal_flash_ramfunc.c            0x00000000   Number         0  stm32f4xx_hal_flash_ramfunc.o ABSOLUTE
    stm32f4xx_hal_gpio.c                     0x00000000   Number         0  stm32f4xx_hal_gpio.o ABSOLUTE
    stm32f4xx_hal_msp.c                      0x00000000   Number         0  stm32f4xx_hal_msp.o ABSOLUTE
    stm32f4xx_hal_pwr.c                      0x00000000   Number         0  stm32f4xx_hal_pwr.o ABSOLUTE
    stm32f4xx_hal_pwr_ex.c                   0x00000000   Number         0  stm32f4xx_hal_pwr_ex.o ABSOLUTE
    stm32f4xx_hal_rcc.c                      0x00000000   Number         0  stm32f4xx_hal_rcc.o ABSOLUTE
    stm32f4xx_hal_rcc_ex.c                   0x00000000   Number         0  stm32f4xx_hal_rcc_ex.o ABSOLUTE
    stm32f4xx_hal_tim.c                      0x00000000   Number         0  stm32f4xx_hal_tim.o ABSOLUTE
    stm32f4xx_hal_tim_ex.c                   0x00000000   Number         0  stm32f4xx_hal_tim_ex.o ABSOLUTE
    stm32f4xx_hal_uart.c                     0x00000000   Number         0  stm32f4xx_hal_uart.o ABSOLUTE
    stm32f4xx_it.c                           0x00000000   Number         0  stm32f4xx_it.o ABSOLUTE
    system_stm32f4xx.c                       0x00000000   Number         0  system_stm32f4xx.o ABSOLUTE
    tim.c                                    0x00000000   Number         0  tim.o ABSOLUTE
    usart.c                                  0x00000000   Number         0  usart.o ABSOLUTE
    RESET                                    0x08000000   Section      392  startup_stm32f407xx.o(RESET)
    .ARM.Collect$$$$00000000                 0x08000188   Section        0  entry.o(.ARM.Collect$$$$00000000)
    .ARM.Collect$$$$00000001                 0x08000188   Section        4  entry2.o(.ARM.Collect$$$$00000001)
    .ARM.Collect$$$$00000004                 0x0800018c   Section        4  entry5.o(.ARM.Collect$$$$00000004)
    .ARM.Collect$$$$00000008                 0x08000190   Section        0  entry7b.o(.ARM.Collect$$$$00000008)
    .ARM.Collect$$$$0000000A                 0x08000190   Section        0  entry8b.o(.ARM.Collect$$$$0000000A)
    .ARM.Collect$$$$0000000B                 0x08000190   Section        8  entry9a.o(.ARM.Collect$$$$0000000B)
    __lit__00000000                          0x08000198   Data           4  entry2.o(.ARM.Collect$$$$00002712)
    .ARM.Collect$$$$0000000D                 0x08000198   Section        0  entry10a.o(.ARM.Collect$$$$0000000D)
    .ARM.Collect$$$$0000000F                 0x08000198   Section        0  entry11a.o(.ARM.Collect$$$$0000000F)
    .ARM.Collect$$$$00002712                 0x08000198   Section        4  entry2.o(.ARM.Collect$$$$00002712)
    $v0                                      0x0800019c   Number         0  startup_stm32f407xx.o(.text)
    .text                                    0x0800019c   Section       36  startup_stm32f407xx.o(.text)
    .text                                    0x080001c0   Section        0  uldiv.o(.text)
    .text                                    0x08000222   Section        0  ldiv.o(.text)
    .text                                    0x08000284   Section        0  memcmp.o(.text)
    .text                                    0x0800029e   Section        0  dadd.o(.text)
    .text                                    0x080003ec   Section        0  dmul.o(.text)
    .text                                    0x080004d0   Section        0  ddiv.o(.text)
    .text                                    0x080005ae   Section        0  dflti.o(.text)
    .text                                    0x080005d0   Section        0  f2d.o(.text)
    .text                                    0x080005f6   Section        0  d2f.o(.text)
    .text                                    0x0800062e   Section        0  uidiv.o(.text)
    .text                                    0x0800065a   Section        0  llshl.o(.text)
    .text                                    0x08000678   Section        0  llushr.o(.text)
    .text                                    0x08000698   Section        0  llsshr.o(.text)
    .text                                    0x080006bc   Section        0  iusefp.o(.text)
    .text                                    0x080006bc   Section        0  fepilogue.o(.text)
    .text                                    0x0800072a   Section        0  depilogue.o(.text)
    .text                                    0x080007e4   Section        0  dfixul.o(.text)
    .text                                    0x08000814   Section       48  cdcmple.o(.text)
    .text                                    0x08000844   Section       48  cdrcmple.o(.text)
    .text                                    0x08000874   Section       36  init.o(.text)
    .text                                    0x08000898   Section        0  dsqrt.o(.text)
    [Anonymous Symbol]                       0x0800093c   Section        0  stm32f4xx_it.o(.text.BusFault_Handler)
    [Anonymous Symbol]                       0x08000940   Section        0  stm32f4xx_it.o(.text.DebugMon_Handler)
    [Anonymous Symbol]                       0x08000944   Section        0  main.o(.text.Error_Handler)
    [Anonymous Symbol]                       0x08000950   Section        0  stm32f4xx_hal.o(.text.HAL_Delay)
    [Anonymous Symbol]                       0x08000978   Section        0  stm32f4xx_hal_gpio.o(.text.HAL_GPIO_Init)
    [Anonymous Symbol]                       0x08000b20   Section        0  stm32f4xx_hal_gpio.o(.text.HAL_GPIO_ReadPin)
    [Anonymous Symbol]                       0x08000b2c   Section        0  stm32f4xx_hal_gpio.o(.text.HAL_GPIO_WritePin)
    [Anonymous Symbol]                       0x08000b38   Section        0  stm32f4xx_hal.o(.text.HAL_GetTick)
    [Anonymous Symbol]                       0x08000b44   Section        0  stm32f4xx_hal.o(.text.HAL_IncTick)
    [Anonymous Symbol]                       0x08000b60   Section        0  stm32f4xx_hal.o(.text.HAL_Init)
    [Anonymous Symbol]                       0x08000b98   Section        0  stm32f4xx_hal.o(.text.HAL_InitTick)
    [Anonymous Symbol]                       0x08000be0   Section        0  stm32f4xx_hal_msp.o(.text.HAL_MspInit)
    [Anonymous Symbol]                       0x08000c18   Section        0  stm32f4xx_hal_cortex.o(.text.HAL_NVIC_SetPriority)
    [Anonymous Symbol]                       0x08000c70   Section        0  stm32f4xx_hal_cortex.o(.text.HAL_NVIC_SetPriorityGrouping)
    [Anonymous Symbol]                       0x08000c90   Section        0  stm32f4xx_hal_rcc.o(.text.HAL_RCC_ClockConfig)
    [Anonymous Symbol]                       0x08000df0   Section        0  stm32f4xx_hal_rcc.o(.text.HAL_RCC_GetPCLK1Freq)
    [Anonymous Symbol]                       0x08000e18   Section        0  stm32f4xx_hal_rcc.o(.text.HAL_RCC_GetPCLK2Freq)
    [Anonymous Symbol]                       0x08000e40   Section        0  stm32f4xx_hal_rcc.o(.text.HAL_RCC_GetSysClockFreq)
    [Anonymous Symbol]                       0x08000eac   Section        0  stm32f4xx_hal_rcc.o(.text.HAL_RCC_OscConfig)
    [Anonymous Symbol]                       0x08001220   Section        0  stm32f4xx_hal_cortex.o(.text.HAL_SYSTICK_Config)
    [Anonymous Symbol]                       0x0800124c   Section        0  stm32f4xx_hal_tim.o(.text.HAL_TIM_Base_Init)
    [Anonymous Symbol]                       0x080012a8   Section        0  tim.o(.text.HAL_TIM_Base_MspInit)
    [Anonymous Symbol]                       0x080012e0   Section        0  stm32f4xx_hal_tim.o(.text.HAL_TIM_PWM_ConfigChannel)
    [Anonymous Symbol]                       0x08001504   Section        0  stm32f4xx_hal_tim.o(.text.HAL_TIM_PWM_Init)
    [Anonymous Symbol]                       0x08001560   Section        0  stm32f4xx_hal_tim.o(.text.HAL_TIM_PWM_MspInit)
    [Anonymous Symbol]                       0x08001564   Section        0  stm32f4xx_hal_tim.o(.text.HAL_TIM_PWM_Start)
    [Anonymous Symbol]                       0x08001678   Section        0  stm32f4xx_hal_uart.o(.text.HAL_UART_Init)
    [Anonymous Symbol]                       0x080016d8   Section        0  usart.o(.text.HAL_UART_MspInit)
    [Anonymous Symbol]                       0x08001740   Section        0  stm32f4xx_hal_uart.o(.text.HAL_UART_Transmit)
    [Anonymous Symbol]                       0x080019c8   Section        0  stm32f4xx_it.o(.text.HardFault_Handler)
    [Anonymous Symbol]                       0x080019cc   Section        0  mpu6050_i2c.o(.text.I2CGPIO_Init)
    [Anonymous Symbol]                       0x08001a00   Section        0  mpu6050_i2c.o(.text.I2CRead_Byte)
    [Anonymous Symbol]                       0x08001bf4   Section        0  mpu6050_i2c.o(.text.I2CSend_Byte)
    [Anonymous Symbol]                       0x08001d40   Section        0  mpu6050_i2c.o(.text.I2CStart)
    [Anonymous Symbol]                       0x08001d80   Section        0  mpu6050_i2c.o(.text.I2CStop)
    [Anonymous Symbol]                       0x08001db4   Section        0  mpu6050_i2c.o(.text.I2CWait_Ack)
    [Anonymous Symbol]                       0x08001dfc   Section        0  mpu6050.o(.text.MPU_Get_Accelerometer)
    [Anonymous Symbol]                       0x08001e40   Section        0  mpu6050.o(.text.MPU_Get_Gyroscope)
    [Anonymous Symbol]                       0x08001e88   Section        0  mpu6050.o(.text.MPU_Get_Temperature)
    [Anonymous Symbol]                       0x08001eec   Section        0  mpu6050.o(.text.MPU_Init)
    [Anonymous Symbol]                       0x08001fa8   Section        0  mpu6050.o(.text.MPU_Read_Len)
    [Anonymous Symbol]                       0x08002018   Section        0  mpu6050.o(.text.MPU_Write_Byte)
    [Anonymous Symbol]                       0x0800205c   Section        0  mpu6050.o(.text.MPU_Write_Len)
    [Anonymous Symbol]                       0x080020b8   Section        0  gpio.o(.text.MX_GPIO_Init)
    [Anonymous Symbol]                       0x08002188   Section        0  tim.o(.text.MX_TIM14_Init)
    [Anonymous Symbol]                       0x08002248   Section        0  usart.o(.text.MX_UART4_Init)
    [Anonymous Symbol]                       0x08002284   Section        0  stm32f4xx_it.o(.text.MemManage_Handler)
    [Anonymous Symbol]                       0x08002288   Section        0  bldc.o(.text.Motor_Init)
    [Anonymous Symbol]                       0x08002308   Section        0  stm32f4xx_it.o(.text.NMI_Handler)
    [Anonymous Symbol]                       0x0800230c   Section        0  stm32f4xx_it.o(.text.PendSV_Handler)
    [Anonymous Symbol]                       0x08002310   Section        0  stm32f4xx_it.o(.text.SVC_Handler)
    [Anonymous Symbol]                       0x08002314   Section        0  stm32f4xx_it.o(.text.SysTick_Handler)
    [Anonymous Symbol]                       0x08002318   Section        0  main.o(.text.SystemClock_Config)
    [Anonymous Symbol]                       0x080023c4   Section        0  system_stm32f4xx.o(.text.SystemInit)
    [Anonymous Symbol]                       0x080023d8   Section        0  stm32f4xx_hal_tim.o(.text.TIM_Base_SetConfig)
    UART_SetConfig                           0x08002515   Thumb Code   238  stm32f4xx_hal_uart.o(.text.UART_SetConfig)
    [Anonymous Symbol]                       0x08002514   Section        0  stm32f4xx_hal_uart.o(.text.UART_SetConfig)
    [Anonymous Symbol]                       0x08002604   Section        0  stm32f4xx_it.o(.text.UsageFault_Handler)
    [Anonymous Symbol]                       0x08002608   Section        0  inv_mpu_dmp_motion_driver.o(.text.dmp_enable_feature)
    [Anonymous Symbol]                       0x080028a8   Section        0  inv_mpu_dmp_motion_driver.o(.text.dmp_load_motion_driver_firmware)
    [Anonymous Symbol]                       0x080028c0   Section        0  inv_mpu_dmp_motion_driver.o(.text.dmp_read_fifo)
    [Anonymous Symbol]                       0x08002a90   Section        0  inv_mpu_dmp_motion_driver.o(.text.dmp_set_accel_bias)
    [Anonymous Symbol]                       0x08002b50   Section        0  inv_mpu_dmp_motion_driver.o(.text.dmp_set_fifo_rate)
    [Anonymous Symbol]                       0x08002bc0   Section        0  inv_mpu_dmp_motion_driver.o(.text.dmp_set_gyro_bias)
    [Anonymous Symbol]                       0x08002ca0   Section        0  inv_mpu_dmp_motion_driver.o(.text.dmp_set_orientation)
    [Anonymous Symbol]                       0x08002d88   Section        0  inv_mpu_dmp_motion_driver.o(.text.dmp_set_tap_thresh)
    [Anonymous Symbol]                       0x08002ed4   Section        0  usart.o(.text.fputc)
    get_st_biases                            0x08002ef5   Thumb Code   820  inv_mpu.o(.text.get_st_biases)
    [Anonymous Symbol]                       0x08002ef4   Section        0  inv_mpu.o(.text.get_st_biases)
    [Anonymous Symbol]                       0x08003228   Section        0  inv_mpu.o(.text.inv_orientation_matrix_to_scalar)
    [Anonymous Symbol]                       0x08003304   Section        0  main.o(.text.main)
    [Anonymous Symbol]                       0x0800340c   Section        0  inv_mpu.o(.text.mget_ms)
    [Anonymous Symbol]                       0x08003410   Section        0  inv_mpu.o(.text.mpu_configure_fifo)
    [Anonymous Symbol]                       0x080034c0   Section        0  inv_mpu.o(.text.mpu_dmp_get_data)
    [Anonymous Symbol]                       0x0800365c   Section        0  inv_mpu.o(.text.mpu_dmp_init)
    [Anonymous Symbol]                       0x08003758   Section        0  inv_mpu.o(.text.mpu_get_accel_fsr)
    [Anonymous Symbol]                       0x08003794   Section        0  inv_mpu.o(.text.mpu_get_accel_sens)
    [Anonymous Symbol]                       0x080037d8   Section        0  inv_mpu.o(.text.mpu_init)
    [Anonymous Symbol]                       0x080039a0   Section        0  inv_mpu.o(.text.mpu_load_firmware)
    [Anonymous Symbol]                       0x08003ae8   Section        0  inv_mpu.o(.text.mpu_lp_accel_mode)
    [Anonymous Symbol]                       0x08003d04   Section        0  inv_mpu.o(.text.mpu_read_fifo_stream)
    [Anonymous Symbol]                       0x08003dc4   Section        0  inv_mpu.o(.text.mpu_reset_fifo)
    [Anonymous Symbol]                       0x08003f48   Section        0  inv_mpu.o(.text.mpu_run_self_test)
    __arm_cp.32_17                           0x0800440c   Number         4  inv_mpu.o(.text.mpu_run_self_test)
    __arm_cp.32_19                           0x08004474   Number         4  inv_mpu.o(.text.mpu_run_self_test)
    __arm_cp.32_21                           0x0800448c   Number         4  inv_mpu.o(.text.mpu_run_self_test)
    __arm_cp.32_22                           0x08004490   Number         4  inv_mpu.o(.text.mpu_run_self_test)
    [Anonymous Symbol]                       0x080047c4   Section        0  inv_mpu.o(.text.mpu_set_accel_fsr)
    [Anonymous Symbol]                       0x08004860   Section        0  inv_mpu.o(.text.mpu_set_bypass)
    [Anonymous Symbol]                       0x08004950   Section        0  inv_mpu.o(.text.mpu_set_dmp_state)
    [Anonymous Symbol]                       0x08004a30   Section        0  inv_mpu.o(.text.mpu_set_lpf)
    [Anonymous Symbol]                       0x08004acc   Section        0  inv_mpu.o(.text.mpu_set_sample_rate)
    [Anonymous Symbol]                       0x08004c14   Section        0  inv_mpu.o(.text.mpu_set_sensors)
    [Anonymous Symbol]                       0x08004d00   Section        0  inv_mpu.o(.text.mpu_write_mem)
    [Anonymous Symbol]                       0x08004d64   Section        0  inv_mpu.o(.text.run_self_test)
    i.__0printf                              0x08004e50   Section        0  printfa.o(i.__0printf)
    i.__ARM_fpclassify                       0x08004e70   Section        0  fpclassify.o(i.__ARM_fpclassify)
    i.__hardfp_asin                          0x08004ea0   Section        0  asin.o(i.__hardfp_asin)
    i.__hardfp_atan                          0x08005200   Section        0  atan.o(i.__hardfp_atan)
    i.__hardfp_atan2                         0x080054d8   Section        0  atan2.o(i.__hardfp_atan2)
    i.__kernel_poly                          0x080056d8   Section        0  poly.o(i.__kernel_poly)
    i.__mathlib_dbl_infnan                   0x080057d0   Section        0  dunder.o(i.__mathlib_dbl_infnan)
    i.__mathlib_dbl_infnan2                  0x080057e4   Section        0  dunder.o(i.__mathlib_dbl_infnan2)
    i.__mathlib_dbl_invalid                  0x080057f8   Section        0  dunder.o(i.__mathlib_dbl_invalid)
    i.__mathlib_dbl_underflow                0x08005818   Section        0  dunder.o(i.__mathlib_dbl_underflow)
    i.__scatterload_copy                     0x08005838   Section       14  handlers.o(i.__scatterload_copy)
    i.__scatterload_null                     0x08005846   Section        2  handlers.o(i.__scatterload_null)
    i.__scatterload_zeroinit                 0x08005848   Section       14  handlers.o(i.__scatterload_zeroinit)
    i.__set_errno                            0x08005858   Section        0  errno.o(i.__set_errno)
    _fp_digits                               0x08005865   Thumb Code   366  printfa.o(i._fp_digits)
    i._fp_digits                             0x08005864   Section        0  printfa.o(i._fp_digits)
    _printf_core                             0x080059e9   Thumb Code  1744  printfa.o(i._printf_core)
    i._printf_core                           0x080059e8   Section        0  printfa.o(i._printf_core)
    _printf_post_padding                     0x080060c5   Thumb Code    36  printfa.o(i._printf_post_padding)
    i._printf_post_padding                   0x080060c4   Section        0  printfa.o(i._printf_post_padding)
    _printf_pre_padding                      0x080060e9   Thumb Code    46  printfa.o(i._printf_pre_padding)
    i._printf_pre_padding                    0x080060e8   Section        0  printfa.o(i._printf_pre_padding)
    i.atan                                   0x08006116   Section        0  atan.o(i.atan)
    i.fabs                                   0x08006126   Section        0  fabs.o(i.fabs)
    i.puts                                   0x08006140   Section        0  puts.o(i.puts)
    i.sqrt                                   0x08006164   Section        0  sqrt.o(i.sqrt)
    pS                                       0x080061d8   Data          48  asin.o(.constdata)
    .constdata                               0x080061d8   Section       80  asin.o(.constdata)
    qS                                       0x08006208   Data          32  asin.o(.constdata)
    atanhi                                   0x08006228   Data          32  atan.o(.constdata)
    .constdata                               0x08006228   Section      152  atan.o(.constdata)
    atanlo                                   0x08006248   Data          32  atan.o(.constdata)
    aTodd                                    0x08006268   Data          40  atan.o(.constdata)
    aTeven                                   0x08006290   Data          48  atan.o(.constdata)
    .constdata                               0x080062c0   Section        8  qnan.o(.constdata)
    .L__const.dmp_set_orientation.accel_axes 0x080062c8   Data           3  inv_mpu_dmp_motion_driver.o(.rodata..L__const.dmp_set_orientation.accel_axes)
    .L__const.dmp_set_orientation.gyro_axes  0x080062cb   Data           3  inv_mpu_dmp_motion_driver.o(.rodata..L__const.dmp_set_orientation.gyro_axes)
    dmp_memory                               0x080062e6   Data        3062  inv_mpu_dmp_motion_driver.o(.rodata.dmp_memory)
    [Anonymous Symbol]                       0x080062e6   Section        0  inv_mpu_dmp_motion_driver.o(.rodata.dmp_memory)
    .Lstr                                    0x08006f03   Data          76  inv_mpu.o(.rodata.str1.1)
    [Anonymous Symbol]                       0x08006f03   Section        0  inv_mpu.o(.rodata.str1.1)
    .data                                    0x20000000   Section        4  stdout.o(.data)
    _errno                                   0x20000004   Data           4  errno.o(.data)
    .data                                    0x20000004   Section        4  errno.o(.data)
    .L_MergedGlobals                         0x20000008   Data          56  inv_mpu.o(.data..L_MergedGlobals)
    gyro_orientation                         0x20000008   Data           9  inv_mpu.o(.data..L_MergedGlobals)
    [Anonymous Symbol]                       0x20000008   Section        0  inv_mpu.o(.data..L_MergedGlobals)
    st                                       0x20000014   Data          44  inv_mpu.o(.data..L_MergedGlobals)
    .L_MergedGlobals                         0x20000040   Data           8  stm32f4xx_hal.o(.data..L_MergedGlobals)
    [Anonymous Symbol]                       0x20000040   Section        0  stm32f4xx_hal.o(.data..L_MergedGlobals)
    .L_MergedGlobals                         0x20000050   Data          16  inv_mpu_dmp_motion_driver.o(.bss..L_MergedGlobals)
    dmp.5                                    0x20000050   Data           1  inv_mpu_dmp_motion_driver.o(.bss..L_MergedGlobals)
    [Anonymous Symbol]                       0x20000050   Section        0  inv_mpu_dmp_motion_driver.o(.bss..L_MergedGlobals)
    dmp.3                                    0x20000054   Data           2  inv_mpu_dmp_motion_driver.o(.bss..L_MergedGlobals)
    dmp.0                                    0x20000058   Data           4  inv_mpu_dmp_motion_driver.o(.bss..L_MergedGlobals)
    dmp.1                                    0x2000005c   Data           4  inv_mpu_dmp_motion_driver.o(.bss..L_MergedGlobals)
    dmp.2                                    0x20000060   Data           2  inv_mpu_dmp_motion_driver.o(.bss.dmp.2)
    [Anonymous Symbol]                       0x20000060   Section        0  inv_mpu_dmp_motion_driver.o(.bss.dmp.2)
    dmp.4                                    0x20000064   Data           2  inv_mpu_dmp_motion_driver.o(.bss.dmp.4)
    [Anonymous Symbol]                       0x20000064   Section        0  inv_mpu_dmp_motion_driver.o(.bss.dmp.4)
    STACK                                    0x200000f8   Section     1024  startup_stm32f407xx.o(STACK)

    Global Symbols

    Symbol Name                              Value     Ov Type        Size  Object(Section)

    BuildAttributes$$THM_ISAv4$E$P$D$K$B$S$7EM$VFPi3$EXTD16$VFPS$VFMA$PE$A:L22UL41UL21$X:L11$S22US41US21$IEEE1$IW$~IW$USESV6$~STKCKD$USESV7$~SHL$OTIME$ROPI$IEEEX$EBA8$MICROLIB$REQ8$PRES8$EABIv2 0x00000000   Number         0  anon$$obj.o ABSOLUTE
    _printf_a                                0x00000000   Number         0  printfstubs.o ABSOLUTE
    _printf_c                                0x00000000   Number         0  printfstubs.o ABSOLUTE
    _printf_charcount                        0x00000000   Number         0  printfstubs.o ABSOLUTE
    _printf_d                                0x00000000   Number         0  printfstubs.o ABSOLUTE
    _printf_e                                0x00000000   Number         0  printfstubs.o ABSOLUTE
    _printf_f                                0x00000000   Number         0  printfstubs.o ABSOLUTE
    _printf_flags                            0x00000000   Number         0  printfstubs.o ABSOLUTE
    _printf_fp_dec                           0x00000000   Number         0  printfstubs.o ABSOLUTE
    _printf_fp_hex                           0x00000000   Number         0  printfstubs.o ABSOLUTE
    _printf_g                                0x00000000   Number         0  printfstubs.o ABSOLUTE
    _printf_i                                0x00000000   Number         0  printfstubs.o ABSOLUTE
    _printf_int_dec                          0x00000000   Number         0  printfstubs.o ABSOLUTE
    _printf_l                                0x00000000   Number         0  printfstubs.o ABSOLUTE
    _printf_lc                               0x00000000   Number         0  printfstubs.o ABSOLUTE
    _printf_ll                               0x00000000   Number         0  printfstubs.o ABSOLUTE
    _printf_lld                              0x00000000   Number         0  printfstubs.o ABSOLUTE
    _printf_lli                              0x00000000   Number         0  printfstubs.o ABSOLUTE
    _printf_llo                              0x00000000   Number         0  printfstubs.o ABSOLUTE
    _printf_llu                              0x00000000   Number         0  printfstubs.o ABSOLUTE
    _printf_llx                              0x00000000   Number         0  printfstubs.o ABSOLUTE
    _printf_longlong_dec                     0x00000000   Number         0  printfstubs.o ABSOLUTE
    _printf_longlong_hex                     0x00000000   Number         0  printfstubs.o ABSOLUTE
    _printf_longlong_oct                     0x00000000   Number         0  printfstubs.o ABSOLUTE
    _printf_ls                               0x00000000   Number         0  printfstubs.o ABSOLUTE
    _printf_mbtowc                           0x00000000   Number         0  printfstubs.o ABSOLUTE
    _printf_n                                0x00000000   Number         0  printfstubs.o ABSOLUTE
    _printf_o                                0x00000000   Number         0  printfstubs.o ABSOLUTE
    _printf_p                                0x00000000   Number         0  printfstubs.o ABSOLUTE
    _printf_percent                          0x00000000   Number         0  printfstubs.o ABSOLUTE
    _printf_pre_padding                      0x00000000   Number         0  printfstubs.o ABSOLUTE
    _printf_return_value                     0x00000000   Number         0  printfstubs.o ABSOLUTE
    _printf_s                                0x00000000   Number         0  printfstubs.o ABSOLUTE
    _printf_sizespec                         0x00000000   Number         0  printfstubs.o ABSOLUTE
    _printf_str                              0x00000000   Number         0  printfstubs.o ABSOLUTE
    _printf_truncate_signed                  0x00000000   Number         0  printfstubs.o ABSOLUTE
    _printf_truncate_unsigned                0x00000000   Number         0  printfstubs.o ABSOLUTE
    _printf_u                                0x00000000   Number         0  printfstubs.o ABSOLUTE
    _printf_wc                               0x00000000   Number         0  printfstubs.o ABSOLUTE
    _printf_wctomb                           0x00000000   Number         0  printfstubs.o ABSOLUTE
    _printf_widthprec                        0x00000000   Number         0  printfstubs.o ABSOLUTE
    _printf_x                                0x00000000   Number         0  printfstubs.o ABSOLUTE
    __cpp_initialize__aeabi_                  - Undefined Weak Reference
    __cxa_finalize                            - Undefined Weak Reference
    __decompress                              - Undefined Weak Reference
    _clock_init                               - Undefined Weak Reference
    _microlib_exit                            - Undefined Weak Reference
    __Vectors_Size                           0x00000188   Number         0  startup_stm32f407xx.o ABSOLUTE
    __Vectors                                0x08000000   Data           4  startup_stm32f407xx.o(RESET)
    __Vectors_End                            0x08000188   Data           0  startup_stm32f407xx.o(RESET)
    __main                                   0x08000189   Thumb Code     0  entry.o(.ARM.Collect$$$$00000000)
    _main_stk                                0x08000189   Thumb Code     0  entry2.o(.ARM.Collect$$$$00000001)
    _main_scatterload                        0x0800018d   Thumb Code     0  entry5.o(.ARM.Collect$$$$00000004)
    __main_after_scatterload                 0x08000191   Thumb Code     0  entry5.o(.ARM.Collect$$$$00000004)
    _main_clock                              0x08000191   Thumb Code     0  entry7b.o(.ARM.Collect$$$$00000008)
    _main_cpp_init                           0x08000191   Thumb Code     0  entry8b.o(.ARM.Collect$$$$0000000A)
    _main_init                               0x08000191   Thumb Code     0  entry9a.o(.ARM.Collect$$$$0000000B)
    __rt_final_cpp                           0x08000199   Thumb Code     0  entry10a.o(.ARM.Collect$$$$0000000D)
    __rt_final_exit                          0x08000199   Thumb Code     0  entry11a.o(.ARM.Collect$$$$0000000F)
    Reset_Handler                            0x0800019d   Thumb Code     8  startup_stm32f407xx.o(.text)
    ADC_IRQHandler                           0x080001b7   Thumb Code     0  startup_stm32f407xx.o(.text)
    CAN1_RX0_IRQHandler                      0x080001b7   Thumb Code     0  startup_stm32f407xx.o(.text)
    CAN1_RX1_IRQHandler                      0x080001b7   Thumb Code     0  startup_stm32f407xx.o(.text)
    CAN1_SCE_IRQHandler                      0x080001b7   Thumb Code     0  startup_stm32f407xx.o(.text)
    CAN1_TX_IRQHandler                       0x080001b7   Thumb Code     0  startup_stm32f407xx.o(.text)
    CAN2_RX0_IRQHandler                      0x080001b7   Thumb Code     0  startup_stm32f407xx.o(.text)
    CAN2_RX1_IRQHandler                      0x080001b7   Thumb Code     0  startup_stm32f407xx.o(.text)
    CAN2_SCE_IRQHandler                      0x080001b7   Thumb Code     0  startup_stm32f407xx.o(.text)
    CAN2_TX_IRQHandler                       0x080001b7   Thumb Code     0  startup_stm32f407xx.o(.text)
    DCMI_IRQHandler                          0x080001b7   Thumb Code     0  startup_stm32f407xx.o(.text)
    DMA1_Stream0_IRQHandler                  0x080001b7   Thumb Code     0  startup_stm32f407xx.o(.text)
    DMA1_Stream1_IRQHandler                  0x080001b7   Thumb Code     0  startup_stm32f407xx.o(.text)
    DMA1_Stream2_IRQHandler                  0x080001b7   Thumb Code     0  startup_stm32f407xx.o(.text)
    DMA1_Stream3_IRQHandler                  0x080001b7   Thumb Code     0  startup_stm32f407xx.o(.text)
    DMA1_Stream4_IRQHandler                  0x080001b7   Thumb Code     0  startup_stm32f407xx.o(.text)
    DMA1_Stream5_IRQHandler                  0x080001b7   Thumb Code     0  startup_stm32f407xx.o(.text)
    DMA1_Stream6_IRQHandler                  0x080001b7   Thumb Code     0  startup_stm32f407xx.o(.text)
    DMA1_Stream7_IRQHandler                  0x080001b7   Thumb Code     0  startup_stm32f407xx.o(.text)
    DMA2_Stream0_IRQHandler                  0x080001b7   Thumb Code     0  startup_stm32f407xx.o(.text)
    DMA2_Stream1_IRQHandler                  0x080001b7   Thumb Code     0  startup_stm32f407xx.o(.text)
    DMA2_Stream2_IRQHandler                  0x080001b7   Thumb Code     0  startup_stm32f407xx.o(.text)
    DMA2_Stream3_IRQHandler                  0x080001b7   Thumb Code     0  startup_stm32f407xx.o(.text)
    DMA2_Stream4_IRQHandler                  0x080001b7   Thumb Code     0  startup_stm32f407xx.o(.text)
    DMA2_Stream5_IRQHandler                  0x080001b7   Thumb Code     0  startup_stm32f407xx.o(.text)
    DMA2_Stream6_IRQHandler                  0x080001b7   Thumb Code     0  startup_stm32f407xx.o(.text)
    DMA2_Stream7_IRQHandler                  0x080001b7   Thumb Code     0  startup_stm32f407xx.o(.text)
    ETH_IRQHandler                           0x080001b7   Thumb Code     0  startup_stm32f407xx.o(.text)
    ETH_WKUP_IRQHandler                      0x080001b7   Thumb Code     0  startup_stm32f407xx.o(.text)
    EXTI0_IRQHandler                         0x080001b7   Thumb Code     0  startup_stm32f407xx.o(.text)
    EXTI15_10_IRQHandler                     0x080001b7   Thumb Code     0  startup_stm32f407xx.o(.text)
    EXTI1_IRQHandler                         0x080001b7   Thumb Code     0  startup_stm32f407xx.o(.text)
    EXTI2_IRQHandler                         0x080001b7   Thumb Code     0  startup_stm32f407xx.o(.text)
    EXTI3_IRQHandler                         0x080001b7   Thumb Code     0  startup_stm32f407xx.o(.text)
    EXTI4_IRQHandler                         0x080001b7   Thumb Code     0  startup_stm32f407xx.o(.text)
    EXTI9_5_IRQHandler                       0x080001b7   Thumb Code     0  startup_stm32f407xx.o(.text)
    FLASH_IRQHandler                         0x080001b7   Thumb Code     0  startup_stm32f407xx.o(.text)
    FMC_IRQHandler                           0x080001b7   Thumb Code     0  startup_stm32f407xx.o(.text)
    FPU_IRQHandler                           0x080001b7   Thumb Code     0  startup_stm32f407xx.o(.text)
    HASH_RNG_IRQHandler                      0x080001b7   Thumb Code     0  startup_stm32f407xx.o(.text)
    I2C1_ER_IRQHandler                       0x080001b7   Thumb Code     0  startup_stm32f407xx.o(.text)
    I2C1_EV_IRQHandler                       0x080001b7   Thumb Code     0  startup_stm32f407xx.o(.text)
    I2C2_ER_IRQHandler                       0x080001b7   Thumb Code     0  startup_stm32f407xx.o(.text)
    I2C2_EV_IRQHandler                       0x080001b7   Thumb Code     0  startup_stm32f407xx.o(.text)
    I2C3_ER_IRQHandler                       0x080001b7   Thumb Code     0  startup_stm32f407xx.o(.text)
    I2C3_EV_IRQHandler                       0x080001b7   Thumb Code     0  startup_stm32f407xx.o(.text)
    OTG_FS_IRQHandler                        0x080001b7   Thumb Code     0  startup_stm32f407xx.o(.text)
    OTG_FS_WKUP_IRQHandler                   0x080001b7   Thumb Code     0  startup_stm32f407xx.o(.text)
    OTG_HS_EP1_IN_IRQHandler                 0x080001b7   Thumb Code     0  startup_stm32f407xx.o(.text)
    OTG_HS_EP1_OUT_IRQHandler                0x080001b7   Thumb Code     0  startup_stm32f407xx.o(.text)
    OTG_HS_IRQHandler                        0x080001b7   Thumb Code     0  startup_stm32f407xx.o(.text)
    OTG_HS_WKUP_IRQHandler                   0x080001b7   Thumb Code     0  startup_stm32f407xx.o(.text)
    PVD_IRQHandler                           0x080001b7   Thumb Code     0  startup_stm32f407xx.o(.text)
    RCC_IRQHandler                           0x080001b7   Thumb Code     0  startup_stm32f407xx.o(.text)
    RTC_Alarm_IRQHandler                     0x080001b7   Thumb Code     0  startup_stm32f407xx.o(.text)
    RTC_WKUP_IRQHandler                      0x080001b7   Thumb Code     0  startup_stm32f407xx.o(.text)
    SDIO_IRQHandler                          0x080001b7   Thumb Code     0  startup_stm32f407xx.o(.text)
    SPI1_IRQHandler                          0x080001b7   Thumb Code     0  startup_stm32f407xx.o(.text)
    SPI2_IRQHandler                          0x080001b7   Thumb Code     0  startup_stm32f407xx.o(.text)
    SPI3_IRQHandler                          0x080001b7   Thumb Code     0  startup_stm32f407xx.o(.text)
    TAMP_STAMP_IRQHandler                    0x080001b7   Thumb Code     0  startup_stm32f407xx.o(.text)
    TIM1_BRK_TIM9_IRQHandler                 0x080001b7   Thumb Code     0  startup_stm32f407xx.o(.text)
    TIM1_CC_IRQHandler                       0x080001b7   Thumb Code     0  startup_stm32f407xx.o(.text)
    TIM1_TRG_COM_TIM11_IRQHandler            0x080001b7   Thumb Code     0  startup_stm32f407xx.o(.text)
    TIM1_UP_TIM10_IRQHandler                 0x080001b7   Thumb Code     0  startup_stm32f407xx.o(.text)
    TIM2_IRQHandler                          0x080001b7   Thumb Code     0  startup_stm32f407xx.o(.text)
    TIM3_IRQHandler                          0x080001b7   Thumb Code     0  startup_stm32f407xx.o(.text)
    TIM4_IRQHandler                          0x080001b7   Thumb Code     0  startup_stm32f407xx.o(.text)
    TIM5_IRQHandler                          0x080001b7   Thumb Code     0  startup_stm32f407xx.o(.text)
    TIM6_DAC_IRQHandler                      0x080001b7   Thumb Code     0  startup_stm32f407xx.o(.text)
    TIM7_IRQHandler                          0x080001b7   Thumb Code     0  startup_stm32f407xx.o(.text)
    TIM8_BRK_TIM12_IRQHandler                0x080001b7   Thumb Code     0  startup_stm32f407xx.o(.text)
    TIM8_CC_IRQHandler                       0x080001b7   Thumb Code     0  startup_stm32f407xx.o(.text)
    TIM8_TRG_COM_TIM14_IRQHandler            0x080001b7   Thumb Code     0  startup_stm32f407xx.o(.text)
    TIM8_UP_TIM13_IRQHandler                 0x080001b7   Thumb Code     0  startup_stm32f407xx.o(.text)
    UART4_IRQHandler                         0x080001b7   Thumb Code     0  startup_stm32f407xx.o(.text)
    UART5_IRQHandler                         0x080001b7   Thumb Code     0  startup_stm32f407xx.o(.text)
    USART1_IRQHandler                        0x080001b7   Thumb Code     0  startup_stm32f407xx.o(.text)
    USART2_IRQHandler                        0x080001b7   Thumb Code     0  startup_stm32f407xx.o(.text)
    USART3_IRQHandler                        0x080001b7   Thumb Code     0  startup_stm32f407xx.o(.text)
    USART6_IRQHandler                        0x080001b7   Thumb Code     0  startup_stm32f407xx.o(.text)
    WWDG_IRQHandler                          0x080001b7   Thumb Code     0  startup_stm32f407xx.o(.text)
    __aeabi_uldivmod                         0x080001c1   Thumb Code    98  uldiv.o(.text)
    __aeabi_ldivmod                          0x08000223   Thumb Code    98  ldiv.o(.text)
    memcmp                                   0x08000285   Thumb Code    26  memcmp.o(.text)
    __aeabi_dadd                             0x0800029f   Thumb Code   322  dadd.o(.text)
    __aeabi_dsub                             0x080003e1   Thumb Code     6  dadd.o(.text)
    __aeabi_drsub                            0x080003e7   Thumb Code     6  dadd.o(.text)
    __aeabi_dmul                             0x080003ed   Thumb Code   228  dmul.o(.text)
    __aeabi_ddiv                             0x080004d1   Thumb Code   222  ddiv.o(.text)
    __aeabi_i2d                              0x080005af   Thumb Code    34  dflti.o(.text)
    __aeabi_f2d                              0x080005d1   Thumb Code    38  f2d.o(.text)
    __aeabi_d2f                              0x080005f7   Thumb Code    56  d2f.o(.text)
    __aeabi_uidiv                            0x0800062f   Thumb Code     0  uidiv.o(.text)
    __aeabi_uidivmod                         0x0800062f   Thumb Code    44  uidiv.o(.text)
    __aeabi_llsl                             0x0800065b   Thumb Code    30  llshl.o(.text)
    _ll_shift_l                              0x0800065b   Thumb Code     0  llshl.o(.text)
    __aeabi_llsr                             0x08000679   Thumb Code    32  llushr.o(.text)
    _ll_ushift_r                             0x08000679   Thumb Code     0  llushr.o(.text)
    __aeabi_lasr                             0x08000699   Thumb Code    36  llsshr.o(.text)
    _ll_sshift_r                             0x08000699   Thumb Code     0  llsshr.o(.text)
    __I$use$fp                               0x080006bd   Thumb Code     0  iusefp.o(.text)
    _float_round                             0x080006bd   Thumb Code    18  fepilogue.o(.text)
    _float_epilogue                          0x080006cf   Thumb Code    92  fepilogue.o(.text)
    _double_round                            0x0800072b   Thumb Code    30  depilogue.o(.text)
    _double_epilogue                         0x08000749   Thumb Code   156  depilogue.o(.text)
    __aeabi_d2ulz                            0x080007e5   Thumb Code    48  dfixul.o(.text)
    __aeabi_cdcmpeq                          0x08000815   Thumb Code     0  cdcmple.o(.text)
    __aeabi_cdcmple                          0x08000815   Thumb Code    48  cdcmple.o(.text)
    __aeabi_cdrcmple                         0x08000845   Thumb Code    48  cdrcmple.o(.text)
    __scatterload                            0x08000875   Thumb Code    28  init.o(.text)
    __scatterload_rt2                        0x08000875   Thumb Code     0  init.o(.text)
    _dsqrt                                   0x08000899   Thumb Code   162  dsqrt.o(.text)
    BusFault_Handler                         0x0800093d   Thumb Code     2  stm32f4xx_it.o(.text.BusFault_Handler)
    DebugMon_Handler                         0x08000941   Thumb Code     2  stm32f4xx_it.o(.text.DebugMon_Handler)
    Error_Handler                            0x08000945   Thumb Code    10  main.o(.text.Error_Handler)
    HAL_Delay                                0x08000951   Thumb Code    40  stm32f4xx_hal.o(.text.HAL_Delay)
    HAL_GPIO_Init                            0x08000979   Thumb Code   422  stm32f4xx_hal_gpio.o(.text.HAL_GPIO_Init)
    HAL_GPIO_ReadPin                         0x08000b21   Thumb Code    10  stm32f4xx_hal_gpio.o(.text.HAL_GPIO_ReadPin)
    HAL_GPIO_WritePin                        0x08000b2d   Thumb Code    10  stm32f4xx_hal_gpio.o(.text.HAL_GPIO_WritePin)
    HAL_GetTick                              0x08000b39   Thumb Code    12  stm32f4xx_hal.o(.text.HAL_GetTick)
    HAL_IncTick                              0x08000b45   Thumb Code    26  stm32f4xx_hal.o(.text.HAL_IncTick)
    HAL_Init                                 0x08000b61   Thumb Code    54  stm32f4xx_hal.o(.text.HAL_Init)
    HAL_InitTick                             0x08000b99   Thumb Code    72  stm32f4xx_hal.o(.text.HAL_InitTick)
    HAL_MspInit                              0x08000be1   Thumb Code    56  stm32f4xx_hal_msp.o(.text.HAL_MspInit)
    HAL_NVIC_SetPriority                     0x08000c19   Thumb Code    86  stm32f4xx_hal_cortex.o(.text.HAL_NVIC_SetPriority)
    HAL_NVIC_SetPriorityGrouping             0x08000c71   Thumb Code    32  stm32f4xx_hal_cortex.o(.text.HAL_NVIC_SetPriorityGrouping)
    HAL_RCC_ClockConfig                      0x08000c91   Thumb Code   352  stm32f4xx_hal_rcc.o(.text.HAL_RCC_ClockConfig)
    HAL_RCC_GetPCLK1Freq                     0x08000df1   Thumb Code    38  stm32f4xx_hal_rcc.o(.text.HAL_RCC_GetPCLK1Freq)
    HAL_RCC_GetPCLK2Freq                     0x08000e19   Thumb Code    38  stm32f4xx_hal_rcc.o(.text.HAL_RCC_GetPCLK2Freq)
    HAL_RCC_GetSysClockFreq                  0x08000e41   Thumb Code   108  stm32f4xx_hal_rcc.o(.text.HAL_RCC_GetSysClockFreq)
    HAL_RCC_OscConfig                        0x08000ead   Thumb Code   884  stm32f4xx_hal_rcc.o(.text.HAL_RCC_OscConfig)
    HAL_SYSTICK_Config                       0x08001221   Thumb Code    44  stm32f4xx_hal_cortex.o(.text.HAL_SYSTICK_Config)
    HAL_TIM_Base_Init                        0x0800124d   Thumb Code    90  stm32f4xx_hal_tim.o(.text.HAL_TIM_Base_Init)
    HAL_TIM_Base_MspInit                     0x080012a9   Thumb Code    54  tim.o(.text.HAL_TIM_Base_MspInit)
    HAL_TIM_PWM_ConfigChannel                0x080012e1   Thumb Code   546  stm32f4xx_hal_tim.o(.text.HAL_TIM_PWM_ConfigChannel)
    HAL_TIM_PWM_Init                         0x08001505   Thumb Code    90  stm32f4xx_hal_tim.o(.text.HAL_TIM_PWM_Init)
    HAL_TIM_PWM_MspInit                      0x08001561   Thumb Code     2  stm32f4xx_hal_tim.o(.text.HAL_TIM_PWM_MspInit)
    HAL_TIM_PWM_Start                        0x08001565   Thumb Code   274  stm32f4xx_hal_tim.o(.text.HAL_TIM_PWM_Start)
    HAL_UART_Init                            0x08001679   Thumb Code    94  stm32f4xx_hal_uart.o(.text.HAL_UART_Init)
    HAL_UART_MspInit                         0x080016d9   Thumb Code   104  usart.o(.text.HAL_UART_MspInit)
    HAL_UART_Transmit                        0x08001741   Thumb Code   646  stm32f4xx_hal_uart.o(.text.HAL_UART_Transmit)
    HardFault_Handler                        0x080019c9   Thumb Code     2  stm32f4xx_it.o(.text.HardFault_Handler)
    I2CGPIO_Init                             0x080019cd   Thumb Code    50  mpu6050_i2c.o(.text.I2CGPIO_Init)
    I2CRead_Byte                             0x08001a01   Thumb Code   498  mpu6050_i2c.o(.text.I2CRead_Byte)
    I2CSend_Byte                             0x08001bf5   Thumb Code   330  mpu6050_i2c.o(.text.I2CSend_Byte)
    I2CStart                                 0x08001d41   Thumb Code    62  mpu6050_i2c.o(.text.I2CStart)
    I2CStop                                  0x08001d81   Thumb Code    50  mpu6050_i2c.o(.text.I2CStop)
    I2CWait_Ack                              0x08001db5   Thumb Code    70  mpu6050_i2c.o(.text.I2CWait_Ack)
    MPU_Get_Accelerometer                    0x08001dfd   Thumb Code    66  mpu6050.o(.text.MPU_Get_Accelerometer)
    MPU_Get_Gyroscope                        0x08001e41   Thumb Code    66  mpu6050.o(.text.MPU_Get_Gyroscope)
    MPU_Get_Temperature                      0x08001e89   Thumb Code   100  mpu6050.o(.text.MPU_Get_Temperature)
    MPU_Init                                 0x08001eed   Thumb Code   188  mpu6050.o(.text.MPU_Init)
    MPU_Read_Len                             0x08001fa9   Thumb Code   112  mpu6050.o(.text.MPU_Read_Len)
    MPU_Write_Byte                           0x08002019   Thumb Code    68  mpu6050.o(.text.MPU_Write_Byte)
    MPU_Write_Len                            0x0800205d   Thumb Code    90  mpu6050.o(.text.MPU_Write_Len)
    MX_GPIO_Init                             0x080020b9   Thumb Code   208  gpio.o(.text.MX_GPIO_Init)
    MX_TIM14_Init                            0x08002189   Thumb Code   190  tim.o(.text.MX_TIM14_Init)
    MX_UART4_Init                            0x08002249   Thumb Code    60  usart.o(.text.MX_UART4_Init)
    MemManage_Handler                        0x08002285   Thumb Code     2  stm32f4xx_it.o(.text.MemManage_Handler)
    Motor_Init                               0x08002289   Thumb Code   128  bldc.o(.text.Motor_Init)
    NMI_Handler                              0x08002309   Thumb Code     2  stm32f4xx_it.o(.text.NMI_Handler)
    PendSV_Handler                           0x0800230d   Thumb Code     2  stm32f4xx_it.o(.text.PendSV_Handler)
    SVC_Handler                              0x08002311   Thumb Code     2  stm32f4xx_it.o(.text.SVC_Handler)
    SysTick_Handler                          0x08002315   Thumb Code     4  stm32f4xx_it.o(.text.SysTick_Handler)
    SystemClock_Config                       0x08002319   Thumb Code   172  main.o(.text.SystemClock_Config)
    SystemInit                               0x080023c5   Thumb Code    18  system_stm32f4xx.o(.text.SystemInit)
    TIM_Base_SetConfig                       0x080023d9   Thumb Code   316  stm32f4xx_hal_tim.o(.text.TIM_Base_SetConfig)
    UsageFault_Handler                       0x08002605   Thumb Code     2  stm32f4xx_it.o(.text.UsageFault_Handler)
    dmp_enable_feature                       0x08002609   Thumb Code   670  inv_mpu_dmp_motion_driver.o(.text.dmp_enable_feature)
    dmp_load_motion_driver_firmware          0x080028a9   Thumb Code    22  inv_mpu_dmp_motion_driver.o(.text.dmp_load_motion_driver_firmware)
    dmp_read_fifo                            0x080028c1   Thumb Code   464  inv_mpu_dmp_motion_driver.o(.text.dmp_read_fifo)
    dmp_set_accel_bias                       0x08002a91   Thumb Code   192  inv_mpu_dmp_motion_driver.o(.text.dmp_set_accel_bias)
    dmp_set_fifo_rate                        0x08002b51   Thumb Code   112  inv_mpu_dmp_motion_driver.o(.text.dmp_set_fifo_rate)
    dmp_set_gyro_bias                        0x08002bc1   Thumb Code   224  inv_mpu_dmp_motion_driver.o(.text.dmp_set_gyro_bias)
    dmp_set_orientation                      0x08002ca1   Thumb Code   232  inv_mpu_dmp_motion_driver.o(.text.dmp_set_orientation)
    dmp_set_tap_thresh                       0x08002d89   Thumb Code   332  inv_mpu_dmp_motion_driver.o(.text.dmp_set_tap_thresh)
    fputc                                    0x08002ed5   Thumb Code    32  usart.o(.text.fputc)
    inv_orientation_matrix_to_scalar         0x08003229   Thumb Code   220  inv_mpu.o(.text.inv_orientation_matrix_to_scalar)
    main                                     0x08003305   Thumb Code   220  main.o(.text.main)
    mget_ms                                  0x0800340d   Thumb Code     2  inv_mpu.o(.text.mget_ms)
    mpu_configure_fifo                       0x08003411   Thumb Code   176  inv_mpu.o(.text.mpu_configure_fifo)
    mpu_dmp_get_data                         0x080034c1   Thumb Code   412  inv_mpu.o(.text.mpu_dmp_get_data)
    mpu_dmp_init                             0x0800365d   Thumb Code   250  inv_mpu.o(.text.mpu_dmp_init)
    mpu_get_accel_fsr                        0x08003759   Thumb Code    60  inv_mpu.o(.text.mpu_get_accel_fsr)
    mpu_get_accel_sens                       0x08003795   Thumb Code    52  inv_mpu.o(.text.mpu_get_accel_sens)
    mpu_init                                 0x080037d9   Thumb Code   384  inv_mpu.o(.text.mpu_init)
    mpu_load_firmware                        0x080039a1   Thumb Code   326  inv_mpu.o(.text.mpu_load_firmware)
    mpu_lp_accel_mode                        0x08003ae9   Thumb Code   540  inv_mpu.o(.text.mpu_lp_accel_mode)
    mpu_read_fifo_stream                     0x08003d05   Thumb Code   190  inv_mpu.o(.text.mpu_read_fifo_stream)
    mpu_reset_fifo                           0x08003dc5   Thumb Code   386  inv_mpu.o(.text.mpu_reset_fifo)
    mpu_run_self_test                        0x08003f49   Thumb Code  2172  inv_mpu.o(.text.mpu_run_self_test)
    mpu_set_accel_fsr                        0x080047c5   Thumb Code   154  inv_mpu.o(.text.mpu_set_accel_fsr)
    mpu_set_bypass                           0x08004861   Thumb Code   238  inv_mpu.o(.text.mpu_set_bypass)
    mpu_set_dmp_state                        0x08004951   Thumb Code   224  inv_mpu.o(.text.mpu_set_dmp_state)
    mpu_set_lpf                              0x08004a31   Thumb Code   156  inv_mpu.o(.text.mpu_set_lpf)
    mpu_set_sample_rate                      0x08004acd   Thumb Code   326  inv_mpu.o(.text.mpu_set_sample_rate)
    mpu_set_sensors                          0x08004c15   Thumb Code   234  inv_mpu.o(.text.mpu_set_sensors)
    mpu_write_mem                            0x08004d01   Thumb Code   100  inv_mpu.o(.text.mpu_write_mem)
    run_self_test                            0x08004d65   Thumb Code   188  inv_mpu.o(.text.run_self_test)
    __0printf                                0x08004e51   Thumb Code    22  printfa.o(i.__0printf)
    __1printf                                0x08004e51   Thumb Code     0  printfa.o(i.__0printf)
    __2printf                                0x08004e51   Thumb Code     0  printfa.o(i.__0printf)
    __c89printf                              0x08004e51   Thumb Code     0  printfa.o(i.__0printf)
    printf                                   0x08004e51   Thumb Code     0  printfa.o(i.__0printf)
    __ARM_fpclassify                         0x08004e71   Thumb Code    48  fpclassify.o(i.__ARM_fpclassify)
    __hardfp_asin                            0x08004ea1   Thumb Code   770  asin.o(i.__hardfp_asin)
    __hardfp_atan                            0x08005201   Thumb Code   622  atan.o(i.__hardfp_atan)
    __hardfp_atan2                           0x080054d9   Thumb Code   448  atan2.o(i.__hardfp_atan2)
    __kernel_poly                            0x080056d9   Thumb Code   248  poly.o(i.__kernel_poly)
    __mathlib_dbl_infnan                     0x080057d1   Thumb Code    20  dunder.o(i.__mathlib_dbl_infnan)
    __mathlib_dbl_infnan2                    0x080057e5   Thumb Code    20  dunder.o(i.__mathlib_dbl_infnan2)
    __mathlib_dbl_invalid                    0x080057f9   Thumb Code    24  dunder.o(i.__mathlib_dbl_invalid)
    __mathlib_dbl_underflow                  0x08005819   Thumb Code    24  dunder.o(i.__mathlib_dbl_underflow)
    __scatterload_copy                       0x08005839   Thumb Code    14  handlers.o(i.__scatterload_copy)
    __scatterload_null                       0x08005847   Thumb Code     2  handlers.o(i.__scatterload_null)
    __scatterload_zeroinit                   0x08005849   Thumb Code    14  handlers.o(i.__scatterload_zeroinit)
    __set_errno                              0x08005859   Thumb Code     6  errno.o(i.__set_errno)
    atan                                     0x08006117   Thumb Code    16  atan.o(i.atan)
    fabs                                     0x08006127   Thumb Code    24  fabs.o(i.fabs)
    puts                                     0x08006141   Thumb Code    30  puts.o(i.puts)
    sqrt                                     0x08006165   Thumb Code   110  sqrt.o(i.sqrt)
    __mathlib_zero                           0x080062c0   Data           8  qnan.o(.constdata)
    AHBPrescTable                            0x080062ce   Data          16  system_stm32f4xx.o(.rodata.AHBPrescTable)
    APBPrescTable                            0x080062de   Data           8  system_stm32f4xx.o(.rodata.APBPrescTable)
    hw                                       0x08006edc   Data          12  inv_mpu.o(.rodata.hw)
    reg                                      0x08006ee8   Data          27  inv_mpu.o(.rodata.reg)
    test                                     0x08006f50   Data          40  inv_mpu.o(.rodata.test)
    Region$$Table$$Base                      0x08006f78   Number         0  anon$$obj.o(Region$$Table)
    Region$$Table$$Limit                     0x08006f98   Number         0  anon$$obj.o(Region$$Table)
    __stdout                                 0x20000000   Data           4  stdout.o(.data)
    uwTickFreq                               0x20000040   Data           1  stm32f4xx_hal.o(.data..L_MergedGlobals)
    uwTickPrio                               0x20000044   Data           4  stm32f4xx_hal.o(.data..L_MergedGlobals)
    SystemCoreClock                          0x20000048   Data           4  system_stm32f4xx.o(.data.SystemCoreClock)
    htim14                                   0x20000068   Data          72  tim.o(.bss.htim14)
    huart4                                   0x200000b0   Data          68  usart.o(.bss.huart4)
    uwTick                                   0x200000f4   Data           4  stm32f4xx_hal.o(.bss.uwTick)
    __initial_sp                             0x200004f8   Data           0  startup_stm32f407xx.o(STACK)



==============================================================================

Memory Map of the image

  Image Entry point : 0x08000189

  Load Region LR_IROM1 (Base: 0x08000000, Size: 0x00006fe8, Max: 0x00080000, ABSOLUTE)

    Execution Region ER_IROM1 (Exec base: 0x08000000, Load base: 0x08000000, Size: 0x00006f98, Max: 0x00080000, ABSOLUTE)

    Exec Addr    Load Addr    Size         Type   Attr      Idx    E Section Name        Object

    0x08000000   0x08000000   0x00000188   Data   RO            3    RESET               startup_stm32f407xx.o
    0x08000188   0x08000188   0x00000000   Code   RO         1200  * .ARM.Collect$$$$00000000  mc_w.l(entry.o)
    0x08000188   0x08000188   0x00000004   Code   RO         1524    .ARM.Collect$$$$00000001  mc_w.l(entry2.o)
    0x0800018c   0x0800018c   0x00000004   Code   RO         1527    .ARM.Collect$$$$00000004  mc_w.l(entry5.o)
    0x08000190   0x08000190   0x00000000   Code   RO         1529    .ARM.Collect$$$$00000008  mc_w.l(entry7b.o)
    0x08000190   0x08000190   0x00000000   Code   RO         1531    .ARM.Collect$$$$0000000A  mc_w.l(entry8b.o)
    0x08000190   0x08000190   0x00000008   Code   RO         1532    .ARM.Collect$$$$0000000B  mc_w.l(entry9a.o)
    0x08000198   0x08000198   0x00000000   Code   RO         1534    .ARM.Collect$$$$0000000D  mc_w.l(entry10a.o)
    0x08000198   0x08000198   0x00000000   Code   RO         1536    .ARM.Collect$$$$0000000F  mc_w.l(entry11a.o)
    0x08000198   0x08000198   0x00000004   Code   RO         1525    .ARM.Collect$$$$00002712  mc_w.l(entry2.o)
    0x0800019c   0x0800019c   0x00000024   Code   RO            4    .text               startup_stm32f407xx.o
    0x080001c0   0x080001c0   0x00000062   Code   RO         1207    .text               mc_w.l(uldiv.o)
    0x08000222   0x08000222   0x00000062   Code   RO         1209    .text               mc_w.l(ldiv.o)
    0x08000284   0x08000284   0x0000001a   Code   RO         1211    .text               mc_w.l(memcmp.o)
    0x0800029e   0x0800029e   0x0000014e   Code   RO         1474    .text               mf_w.l(dadd.o)
    0x080003ec   0x080003ec   0x000000e4   Code   RO         1476    .text               mf_w.l(dmul.o)
    0x080004d0   0x080004d0   0x000000de   Code   RO         1478    .text               mf_w.l(ddiv.o)
    0x080005ae   0x080005ae   0x00000022   Code   RO         1480    .text               mf_w.l(dflti.o)
    0x080005d0   0x080005d0   0x00000026   Code   RO         1482    .text               mf_w.l(f2d.o)
    0x080005f6   0x080005f6   0x00000038   Code   RO         1484    .text               mf_w.l(d2f.o)
    0x0800062e   0x0800062e   0x0000002c   Code   RO         1548    .text               mc_w.l(uidiv.o)
    0x0800065a   0x0800065a   0x0000001e   Code   RO         1550    .text               mc_w.l(llshl.o)
    0x08000678   0x08000678   0x00000020   Code   RO         1552    .text               mc_w.l(llushr.o)
    0x08000698   0x08000698   0x00000024   Code   RO         1554    .text               mc_w.l(llsshr.o)
    0x080006bc   0x080006bc   0x00000000   Code   RO         1563    .text               mc_w.l(iusefp.o)
    0x080006bc   0x080006bc   0x0000006e   Code   RO         1564    .text               mf_w.l(fepilogue.o)
    0x0800072a   0x0800072a   0x000000ba   Code   RO         1566    .text               mf_w.l(depilogue.o)
    0x080007e4   0x080007e4   0x00000030   Code   RO         1570    .text               mf_w.l(dfixul.o)
    0x08000814   0x08000814   0x00000030   Code   RO         1572    .text               mf_w.l(cdcmple.o)
    0x08000844   0x08000844   0x00000030   Code   RO         1574    .text               mf_w.l(cdrcmple.o)
    0x08000874   0x08000874   0x00000024   Code   RO         1576    .text               mc_w.l(init.o)
    0x08000898   0x08000898   0x000000a2   Code   RO         1578    .text               mf_w.l(dsqrt.o)
    0x0800093a   0x0800093a   0x00000002   PAD
    0x0800093c   0x0800093c   0x00000002   Code   RO           75    .text.BusFault_Handler  stm32f4xx_it.o
    0x0800093e   0x0800093e   0x00000002   PAD
    0x08000940   0x08000940   0x00000002   Code   RO           81    .text.DebugMon_Handler  stm32f4xx_it.o
    0x08000942   0x08000942   0x00000002   PAD
    0x08000944   0x08000944   0x0000000a   Code   RO           15    .text.Error_Handler  main.o
    0x0800094e   0x0800094e   0x00000002   PAD
    0x08000950   0x08000950   0x00000028   Code   RO          983    .text.HAL_Delay     stm32f4xx_hal.o
    0x08000978   0x08000978   0x000001a6   Code   RO          784    .text.HAL_GPIO_Init  stm32f4xx_hal_gpio.o
    0x08000b1e   0x08000b1e   0x00000002   PAD
    0x08000b20   0x08000b20   0x0000000a   Code   RO          788    .text.HAL_GPIO_ReadPin  stm32f4xx_hal_gpio.o
    0x08000b2a   0x08000b2a   0x00000002   PAD
    0x08000b2c   0x08000b2c   0x0000000a   Code   RO          790    .text.HAL_GPIO_WritePin  stm32f4xx_hal_gpio.o
    0x08000b36   0x08000b36   0x00000002   PAD
    0x08000b38   0x08000b38   0x0000000c   Code   RO          975    .text.HAL_GetTick   stm32f4xx_hal.o
    0x08000b44   0x08000b44   0x0000001a   Code   RO          973    .text.HAL_IncTick   stm32f4xx_hal.o
    0x08000b5e   0x08000b5e   0x00000002   PAD
    0x08000b60   0x08000b60   0x00000036   Code   RO          963    .text.HAL_Init      stm32f4xx_hal.o
    0x08000b96   0x08000b96   0x00000002   PAD
    0x08000b98   0x08000b98   0x00000048   Code   RO          965    .text.HAL_InitTick  stm32f4xx_hal.o
    0x08000be0   0x08000be0   0x00000038   Code   RO           94    .text.HAL_MspInit   stm32f4xx_hal_msp.o
    0x08000c18   0x08000c18   0x00000056   Code   RO          919    .text.HAL_NVIC_SetPriority  stm32f4xx_hal_cortex.o
    0x08000c6e   0x08000c6e   0x00000002   PAD
    0x08000c70   0x08000c70   0x00000020   Code   RO          917    .text.HAL_NVIC_SetPriorityGrouping  stm32f4xx_hal_cortex.o
    0x08000c90   0x08000c90   0x00000160   Code   RO          678    .text.HAL_RCC_ClockConfig  stm32f4xx_hal_rcc.o
    0x08000df0   0x08000df0   0x00000026   Code   RO          690    .text.HAL_RCC_GetPCLK1Freq  stm32f4xx_hal_rcc.o
    0x08000e16   0x08000e16   0x00000002   PAD
    0x08000e18   0x08000e18   0x00000026   Code   RO          692    .text.HAL_RCC_GetPCLK2Freq  stm32f4xx_hal_rcc.o
    0x08000e3e   0x08000e3e   0x00000002   PAD
    0x08000e40   0x08000e40   0x0000006c   Code   RO          680    .text.HAL_RCC_GetSysClockFreq  stm32f4xx_hal_rcc.o
    0x08000eac   0x08000eac   0x00000374   Code   RO          676    .text.HAL_RCC_OscConfig  stm32f4xx_hal_rcc.o
    0x08001220   0x08001220   0x0000002c   Code   RO          929    .text.HAL_SYSTICK_Config  stm32f4xx_hal_cortex.o
    0x0800124c   0x0800124c   0x0000005a   Code   RO          355    .text.HAL_TIM_Base_Init  stm32f4xx_hal_tim.o
    0x080012a6   0x080012a6   0x00000002   PAD
    0x080012a8   0x080012a8   0x00000036   Code   RO           39    .text.HAL_TIM_Base_MspInit  tim.o
    0x080012de   0x080012de   0x00000002   PAD
    0x080012e0   0x080012e0   0x00000222   Code   RO          509    .text.HAL_TIM_PWM_ConfigChannel  stm32f4xx_hal_tim.o
    0x08001502   0x08001502   0x00000002   PAD
    0x08001504   0x08001504   0x0000005a   Code   RO          409    .text.HAL_TIM_PWM_Init  stm32f4xx_hal_tim.o
    0x0800155e   0x0800155e   0x00000002   PAD
    0x08001560   0x08001560   0x00000002   Code   RO          411    .text.HAL_TIM_PWM_MspInit  stm32f4xx_hal_tim.o
    0x08001562   0x08001562   0x00000002   PAD
    0x08001564   0x08001564   0x00000112   Code   RO          417    .text.HAL_TIM_PWM_Start  stm32f4xx_hal_tim.o
    0x08001676   0x08001676   0x00000002   PAD
    0x08001678   0x08001678   0x0000005e   Code   RO         1053    .text.HAL_UART_Init  stm32f4xx_hal_uart.o
    0x080016d6   0x080016d6   0x00000002   PAD
    0x080016d8   0x080016d8   0x00000068   Code   RO           54    .text.HAL_UART_MspInit  usart.o
    0x08001740   0x08001740   0x00000286   Code   RO         1069    .text.HAL_UART_Transmit  stm32f4xx_hal_uart.o
    0x080019c6   0x080019c6   0x00000002   PAD
    0x080019c8   0x080019c8   0x00000002   Code   RO           71    .text.HardFault_Handler  stm32f4xx_it.o
    0x080019ca   0x080019ca   0x00000002   PAD
    0x080019cc   0x080019cc   0x00000032   Code   RO          343    .text.I2CGPIO_Init  mpu6050_i2c.o
    0x080019fe   0x080019fe   0x00000002   PAD
    0x08001a00   0x08001a00   0x000001f2   Code   RO          335    .text.I2CRead_Byte  mpu6050_i2c.o
    0x08001bf2   0x08001bf2   0x00000002   PAD
    0x08001bf4   0x08001bf4   0x0000014a   Code   RO          333    .text.I2CSend_Byte  mpu6050_i2c.o
    0x08001d3e   0x08001d3e   0x00000002   PAD
    0x08001d40   0x08001d40   0x0000003e   Code   RO          329    .text.I2CStart      mpu6050_i2c.o
    0x08001d7e   0x08001d7e   0x00000002   PAD
    0x08001d80   0x08001d80   0x00000032   Code   RO          331    .text.I2CStop       mpu6050_i2c.o
    0x08001db2   0x08001db2   0x00000002   PAD
    0x08001db4   0x08001db4   0x00000046   Code   RO          341    .text.I2CWait_Ack   mpu6050_i2c.o
    0x08001dfa   0x08001dfa   0x00000002   PAD
    0x08001dfc   0x08001dfc   0x00000042   Code   RO          317    .text.MPU_Get_Accelerometer  mpu6050.o
    0x08001e3e   0x08001e3e   0x00000002   PAD
    0x08001e40   0x08001e40   0x00000042   Code   RO          315    .text.MPU_Get_Gyroscope  mpu6050.o
    0x08001e82   0x08001e82   0x00000006   PAD
    0x08001e88   0x08001e88   0x00000064   Code   RO          311    .text.MPU_Get_Temperature  mpu6050.o
    0x08001eec   0x08001eec   0x000000bc   Code   RO          297    .text.MPU_Init      mpu6050.o
    0x08001fa8   0x08001fa8   0x00000070   Code   RO          313    .text.MPU_Read_Len  mpu6050.o
    0x08002018   0x08002018   0x00000044   Code   RO          299    .text.MPU_Write_Byte  mpu6050.o
    0x0800205c   0x0800205c   0x0000005a   Code   RO          319    .text.MPU_Write_Len  mpu6050.o
    0x080020b6   0x080020b6   0x00000002   PAD
    0x080020b8   0x080020b8   0x000000d0   Code   RO           26    .text.MX_GPIO_Init  gpio.o
    0x08002188   0x08002188   0x000000be   Code   RO           35    .text.MX_TIM14_Init  tim.o
    0x08002246   0x08002246   0x00000002   PAD
    0x08002248   0x08002248   0x0000003c   Code   RO           52    .text.MX_UART4_Init  usart.o
    0x08002284   0x08002284   0x00000002   Code   RO           73    .text.MemManage_Handler  stm32f4xx_it.o
    0x08002286   0x08002286   0x00000002   PAD
    0x08002288   0x08002288   0x00000080   Code   RO          102    .text.Motor_Init    bldc.o
    0x08002308   0x08002308   0x00000002   Code   RO           69    .text.NMI_Handler   stm32f4xx_it.o
    0x0800230a   0x0800230a   0x00000002   PAD
    0x0800230c   0x0800230c   0x00000002   Code   RO           83    .text.PendSV_Handler  stm32f4xx_it.o
    0x0800230e   0x0800230e   0x00000002   PAD
    0x08002310   0x08002310   0x00000002   Code   RO           79    .text.SVC_Handler   stm32f4xx_it.o
    0x08002312   0x08002312   0x00000002   PAD
    0x08002314   0x08002314   0x00000004   Code   RO           85    .text.SysTick_Handler  stm32f4xx_it.o
    0x08002318   0x08002318   0x000000ac   Code   RO           13    .text.SystemClock_Config  main.o
    0x080023c4   0x080023c4   0x00000012   Code   RO         1173    .text.SystemInit    system_stm32f4xx.o
    0x080023d6   0x080023d6   0x00000002   PAD
    0x080023d8   0x080023d8   0x0000013c   Code   RO          359    .text.TIM_Base_SetConfig  stm32f4xx_hal_tim.o
    0x08002514   0x08002514   0x000000ee   Code   RO         1057    .text.UART_SetConfig  stm32f4xx_hal_uart.o
    0x08002602   0x08002602   0x00000002   PAD
    0x08002604   0x08002604   0x00000002   Code   RO           77    .text.UsageFault_Handler  stm32f4xx_it.o
    0x08002606   0x08002606   0x00000002   PAD
    0x08002608   0x08002608   0x0000029e   Code   RO          261    .text.dmp_enable_feature  inv_mpu_dmp_motion_driver.o
    0x080028a6   0x080028a6   0x00000002   PAD
    0x080028a8   0x080028a8   0x00000016   Code   RO          225    .text.dmp_load_motion_driver_firmware  inv_mpu_dmp_motion_driver.o
    0x080028be   0x080028be   0x00000002   PAD
    0x080028c0   0x080028c0   0x000001d0   Code   RO          273    .text.dmp_read_fifo  inv_mpu_dmp_motion_driver.o
    0x08002a90   0x08002a90   0x000000c0   Code   RO          231    .text.dmp_set_accel_bias  inv_mpu_dmp_motion_driver.o
    0x08002b50   0x08002b50   0x00000070   Code   RO          233    .text.dmp_set_fifo_rate  inv_mpu_dmp_motion_driver.o
    0x08002bc0   0x08002bc0   0x000000e0   Code   RO          229    .text.dmp_set_gyro_bias  inv_mpu_dmp_motion_driver.o
    0x08002ca0   0x08002ca0   0x000000e8   Code   RO          227    .text.dmp_set_orientation  inv_mpu_dmp_motion_driver.o
    0x08002d88   0x08002d88   0x0000014c   Code   RO          237    .text.dmp_set_tap_thresh  inv_mpu_dmp_motion_driver.o
    0x08002ed4   0x08002ed4   0x00000020   Code   RO           58    .text.fputc         usart.o
    0x08002ef4   0x08002ef4   0x00000334   Code   RO          182    .text.get_st_biases  inv_mpu.o
    0x08003228   0x08003228   0x000000dc   Code   RO          202    .text.inv_orientation_matrix_to_scalar  inv_mpu.o
    0x08003304   0x08003304   0x00000108   Code   RO           11    .text.main          main.o
    0x0800340c   0x0800340c   0x00000002   Code   RO          140    .text.mget_ms       inv_mpu.o
    0x0800340e   0x0800340e   0x00000002   PAD
    0x08003410   0x08003410   0x000000b0   Code   RO          128    .text.mpu_configure_fifo  inv_mpu.o
    0x080034c0   0x080034c0   0x0000019c   Code   RO          208    .text.mpu_dmp_get_data  inv_mpu.o
    0x0800365c   0x0800365c   0x000000fa   Code   RO          206    .text.mpu_dmp_init  inv_mpu.o
    0x08003756   0x08003756   0x00000002   PAD
    0x08003758   0x08003758   0x0000003c   Code   RO          152    .text.mpu_get_accel_fsr  inv_mpu.o
    0x08003794   0x08003794   0x00000044   Code   RO          164    .text.mpu_get_accel_sens  inv_mpu.o
    0x080037d8   0x080037d8   0x000001c8   Code   RO          118    .text.mpu_init      inv_mpu.o
    0x080039a0   0x080039a0   0x00000146   Code   RO          188    .text.mpu_load_firmware  inv_mpu.o
    0x08003ae6   0x08003ae6   0x00000002   PAD
    0x08003ae8   0x08003ae8   0x0000021c   Code   RO          134    .text.mpu_lp_accel_mode  inv_mpu.o
    0x08003d04   0x08003d04   0x000000be   Code   RO          174    .text.mpu_read_fifo_stream  inv_mpu.o
    0x08003dc2   0x08003dc2   0x00000002   PAD
    0x08003dc4   0x08003dc4   0x00000182   Code   RO          148    .text.mpu_reset_fifo  inv_mpu.o
    0x08003f46   0x08003f46   0x00000002   PAD
    0x08003f48   0x08003f48   0x0000087c   Code   RO          178    .text.mpu_run_self_test  inv_mpu.o
    0x080047c4   0x080047c4   0x0000009a   Code   RO          122    .text.mpu_set_accel_fsr  inv_mpu.o
    0x0800485e   0x0800485e   0x00000002   PAD
    0x08004860   0x08004860   0x000000ee   Code   RO          130    .text.mpu_set_bypass  inv_mpu.o
    0x0800494e   0x0800494e   0x00000002   PAD
    0x08004950   0x08004950   0x000000e0   Code   RO          180    .text.mpu_set_dmp_state  inv_mpu.o
    0x08004a30   0x08004a30   0x0000009c   Code   RO          124    .text.mpu_set_lpf   inv_mpu.o
    0x08004acc   0x08004acc   0x00000146   Code   RO          126    .text.mpu_set_sample_rate  inv_mpu.o
    0x08004c12   0x08004c12   0x00000002   PAD
    0x08004c14   0x08004c14   0x000000ea   Code   RO          132    .text.mpu_set_sensors  inv_mpu.o
    0x08004cfe   0x08004cfe   0x00000002   PAD
    0x08004d00   0x08004d00   0x00000064   Code   RO          184    .text.mpu_write_mem  inv_mpu.o
    0x08004d64   0x08004d64   0x000000ec   Code   RO          200    .text.run_self_test  inv_mpu.o
    0x08004e50   0x08004e50   0x00000020   Code   RO         1446    i.__0printf         mc_w.l(printfa.o)
    0x08004e70   0x08004e70   0x00000030   Code   RO         1513    i.__ARM_fpclassify  m_wm.l(fpclassify.o)
    0x08004ea0   0x08004ea0   0x00000360   Code   RO         1187    i.__hardfp_asin     m_wm.l(asin.o)
    0x08005200   0x08005200   0x000002d8   Code   RO         1486    i.__hardfp_atan     m_wm.l(atan.o)
    0x080054d8   0x080054d8   0x00000200   Code   RO         1194    i.__hardfp_atan2    m_wm.l(atan2.o)
    0x080056d8   0x080056d8   0x000000f8   Code   RO         1515    i.__kernel_poly     m_wm.l(poly.o)
    0x080057d0   0x080057d0   0x00000014   Code   RO         1494    i.__mathlib_dbl_infnan  m_wm.l(dunder.o)
    0x080057e4   0x080057e4   0x00000014   Code   RO         1495    i.__mathlib_dbl_infnan2  m_wm.l(dunder.o)
    0x080057f8   0x080057f8   0x00000020   Code   RO         1496    i.__mathlib_dbl_invalid  m_wm.l(dunder.o)
    0x08005818   0x08005818   0x00000020   Code   RO         1499    i.__mathlib_dbl_underflow  m_wm.l(dunder.o)
    0x08005838   0x08005838   0x0000000e   Code   RO         1582    i.__scatterload_copy  mc_w.l(handlers.o)
    0x08005846   0x08005846   0x00000002   Code   RO         1583    i.__scatterload_null  mc_w.l(handlers.o)
    0x08005848   0x08005848   0x0000000e   Code   RO         1584    i.__scatterload_zeroinit  mc_w.l(handlers.o)
    0x08005856   0x08005856   0x00000002   PAD
    0x08005858   0x08005858   0x0000000c   Code   RO         1558    i.__set_errno       mc_w.l(errno.o)
    0x08005864   0x08005864   0x00000184   Code   RO         1453    i._fp_digits        mc_w.l(printfa.o)
    0x080059e8   0x080059e8   0x000006dc   Code   RO         1454    i._printf_core      mc_w.l(printfa.o)
    0x080060c4   0x080060c4   0x00000024   Code   RO         1455    i._printf_post_padding  mc_w.l(printfa.o)
    0x080060e8   0x080060e8   0x0000002e   Code   RO         1456    i._printf_pre_padding  mc_w.l(printfa.o)
    0x08006116   0x08006116   0x00000010   Code   RO         1488    i.atan              m_wm.l(atan.o)
    0x08006126   0x08006126   0x00000018   Code   RO         1509    i.fabs              m_wm.l(fabs.o)
    0x0800613e   0x0800613e   0x00000002   PAD
    0x08006140   0x08006140   0x00000024   Code   RO         1203    i.puts              mc_w.l(puts.o)
    0x08006164   0x08006164   0x0000006e   Code   RO         1520    i.sqrt              m_wm.l(sqrt.o)
    0x080061d2   0x080061d2   0x00000006   PAD
    0x080061d8   0x080061d8   0x00000050   Data   RO         1190    .constdata          m_wm.l(asin.o)
    0x08006228   0x08006228   0x00000098   Data   RO         1489    .constdata          m_wm.l(atan.o)
    0x080062c0   0x080062c0   0x00000008   Data   RO         1517    .constdata          m_wm.l(qnan.o)
    0x080062c8   0x080062c8   0x00000003   Data   RO          281    .rodata..L__const.dmp_set_orientation.accel_axes  inv_mpu_dmp_motion_driver.o
    0x080062cb   0x080062cb   0x00000003   Data   RO          280    .rodata..L__const.dmp_set_orientation.gyro_axes  inv_mpu_dmp_motion_driver.o
    0x080062ce   0x080062ce   0x00000010   Data   RO         1178    .rodata.AHBPrescTable  system_stm32f4xx.o
    0x080062de   0x080062de   0x00000008   Data   RO         1179    .rodata.APBPrescTable  system_stm32f4xx.o
    0x080062e6   0x080062e6   0x00000bf6   Data   RO          279    .rodata.dmp_memory  inv_mpu_dmp_motion_driver.o
    0x08006edc   0x08006edc   0x0000000c   Data   RO          211    .rodata.hw          inv_mpu.o
    0x08006ee8   0x08006ee8   0x0000001b   Data   RO          210    .rodata.reg         inv_mpu.o
    0x08006f03   0x08006f03   0x0000004c   Data   RO          213    .rodata.str1.1      inv_mpu.o
    0x08006f4f   0x08006f4f   0x00000001   PAD
    0x08006f50   0x08006f50   0x00000028   Data   RO          212    .rodata.test        inv_mpu.o
    0x08006f78   0x08006f78   0x00000020   Data   RO         1581    Region$$Table       anon$$obj.o


    Execution Region RW_IRAM1 (Exec base: 0x20000000, Load base: 0x08006f98, Size: 0x000004f8, Max: 0x0001c000, ABSOLUTE)

    Exec Addr    Load Addr    Size         Type   Attr      Idx    E Section Name        Object

    0x20000000   0x08006f98   0x00000004   Data   RW         1538    .data               mc_w.l(stdout.o)
    0x20000004   0x08006f9c   0x00000004   Data   RW         1559    .data               mc_w.l(errno.o)
    0x20000008   0x08006fa0   0x00000038   Data   RW          216    .data..L_MergedGlobals  inv_mpu.o
    0x20000040   0x08006fd8   0x00000008   Data   RW         1018    .data..L_MergedGlobals  stm32f4xx_hal.o
    0x20000048   0x08006fe0   0x00000004   Data   RW         1177    .data.SystemCoreClock  system_stm32f4xx.o
    0x2000004c   0x08006fe4   0x00000004   PAD
    0x20000050        -       0x00000010   Zero   RW          288    .bss..L_MergedGlobals  inv_mpu_dmp_motion_driver.o
    0x20000060        -       0x00000002   Zero   RW          282    .bss.dmp.2          inv_mpu_dmp_motion_driver.o
    0x20000062   0x08006fe4   0x00000002   PAD
    0x20000064        -       0x00000002   Zero   RW          283    .bss.dmp.4          inv_mpu_dmp_motion_driver.o
    0x20000066   0x08006fe4   0x00000002   PAD
    0x20000068        -       0x00000048   Zero   RW           43    .bss.htim14         tim.o
    0x200000b0        -       0x00000044   Zero   RW           60    .bss.huart4         usart.o
    0x200000f4        -       0x00000004   Zero   RW         1017    .bss.uwTick         stm32f4xx_hal.o
    0x200000f8        -       0x00000400   Zero   RW            1    STACK               startup_stm32f407xx.o


    Execution Region RW_IRAM2 (Exec base: 0x2001c000, Load base: 0x08006fe8, Size: 0x00000000, Max: 0x00004000, ABSOLUTE)

    **** No section assigned to this execution region ****


==============================================================================

Image component sizes


      Code (inc. data)   RO Data    RW Data    ZI Data      Debug   Object Name

       128          0          0          0          0       4188   bldc.o
       208          0          0          0          0       2227   gpio.o
      7746        292        155         56          0      33079   inv_mpu.o
      2248         68       3068          0         20      10825   inv_mpu_dmp_motion_driver.o
       446         44          0          0          0       4508   main.o
       690         20          0          0          0       5131   mpu6050.o
      1060          0          0          0          0       3403   mpu6050_i2c.o
        36          8        392          0       1024        852   startup_stm32f407xx.o
       204          0          0          8          4       7306   stm32f4xx_hal.o
       162          0          0          0          0      10536   stm32f4xx_hal_cortex.o
       442          0          0          0          0       5269   stm32f4xx_hal_gpio.o
        56          0          0          0          0       1468   stm32f4xx_hal_msp.o
      1420          0          0          0          0       7434   stm32f4xx_hal_rcc.o
      1318          4          0          0          0      55047   stm32f4xx_hal_tim.o
       978          0          0          0          0      31729   stm32f4xx_hal_uart.o
        20          0          0          0          0       1164   stm32f4xx_it.o
        18          0         24          4          0       2659   system_stm32f4xx.o
       244          0          0          0         72       6099   tim.o
       196          0          0          0         68       5450   usart.o

    ----------------------------------------------------------------------
     17720        436       3672         68       1196     198374   Object Totals
         0          0         32          0          0          0   (incl. Generated)
       100          0          1          0          8          0   (incl. Padding)

    ----------------------------------------------------------------------

      Code (inc. data)   RO Data    RW Data    ZI Data      Debug   Library Member Name

       864         94         80          0          0        280   asin.o
       744        106        152          0          0        352   atan.o
       512         64          0          0          0        208   atan2.o
       104         16          0          0          0        496   dunder.o
        24          0          0          0          0        124   fabs.o
        48          0          0          0          0        124   fpclassify.o
       248          0          0          0          0        152   poly.o
         0          0          8          0          0          0   qnan.o
       110          0          0          0          0        148   sqrt.o
         0          0          0          0          0          0   entry.o
         0          0          0          0          0          0   entry10a.o
         0          0          0          0          0          0   entry11a.o
         8          4          0          0          0          0   entry2.o
         4          0          0          0          0          0   entry5.o
         0          0          0          0          0          0   entry7b.o
         0          0          0          0          0          0   entry8b.o
         8          4          0          0          0          0   entry9a.o
        12          6          0          4          0         68   errno.o
        30          0          0          0          0          0   handlers.o
        36          8          0          0          0         68   init.o
         0          0          0          0          0          0   iusefp.o
        98          0          0          0          0         84   ldiv.o
        30          0          0          0          0         68   llshl.o
        36          0          0          0          0         68   llsshr.o
        32          0          0          0          0         68   llushr.o
        26          0          0          0          0         80   memcmp.o
      2258         90          0          0          0        452   printfa.o
        36          6          0          0          0         80   puts.o
         0          0          0          4          0          0   stdout.o
        44          0          0          0          0         80   uidiv.o
        98          0          0          0          0         92   uldiv.o
        48          0          0          0          0         68   cdcmple.o
        48          0          0          0          0         68   cdrcmple.o
        56          0          0          0          0         88   d2f.o
       334          0          0          0          0        148   dadd.o
       222          0          0          0          0        100   ddiv.o
       186          0          0          0          0        176   depilogue.o
        48          0          0          0          0         68   dfixul.o
        34          0          0          0          0         76   dflti.o
       228          0          0          0          0         96   dmul.o
       162          0          0          0          0        100   dsqrt.o
        38          0          0          0          0         68   f2d.o
       110          0          0          0          0        168   fepilogue.o

    ----------------------------------------------------------------------
      6936        398        240          8          0       4316   Library Totals
        12          0          0          0          0          0   (incl. Padding)

    ----------------------------------------------------------------------

      Code (inc. data)   RO Data    RW Data    ZI Data      Debug   Library Name

      2654        280        240          0          0       1884   m_wm.l
      2756        118          0          8          0       1208   mc_w.l
      1514          0          0          0          0       1224   mf_w.l

    ----------------------------------------------------------------------
      6936        398        240          8          0       4316   Library Totals

    ----------------------------------------------------------------------

==============================================================================


      Code (inc. data)   RO Data    RW Data    ZI Data      Debug   

     24656        834       3912         76       1196     200206   Grand Totals
     24656        834       3912         76       1196     200206   ELF Image Totals
     24656        834       3912         76          0          0   ROM Totals

==============================================================================

    Total RO  Size (Code + RO Data)                28568 (  27.90kB)
    Total RW  Size (RW Data + ZI Data)              1272 (   1.24kB)
    Total ROM Size (Code + RO Data + RW Data)      28644 (  27.97kB)

==============================================================================

