Component: Arm Compiler for Embedded 6.22 Tool: armlink [5ee90200]

==============================================================================

Section Cross References

    startup_stm32f407xx.o(RESET) refers to startup_stm32f407xx.o(STACK) for __initial_sp
    startup_stm32f407xx.o(RESET) refers to startup_stm32f407xx.o(.text) for Reset_Handler
    startup_stm32f407xx.o(RESET) refers to stm32f4xx_it.o(.text.NMI_Handler) for NMI_Handler
    startup_stm32f407xx.o(RESET) refers to stm32f4xx_it.o(.text.HardFault_Handler) for HardFault_Handler
    startup_stm32f407xx.o(RESET) refers to stm32f4xx_it.o(.text.MemManage_Handler) for MemManage_Handler
    startup_stm32f407xx.o(RESET) refers to stm32f4xx_it.o(.text.BusFault_Handler) for BusFault_Handler
    startup_stm32f407xx.o(RESET) refers to stm32f4xx_it.o(.text.UsageFault_Handler) for UsageFault_Handler
    startup_stm32f407xx.o(RESET) refers to stm32f4xx_it.o(.text.SVC_Handler) for SVC_Handler
    startup_stm32f407xx.o(RESET) refers to stm32f4xx_it.o(.text.DebugMon_Handler) for DebugMon_Handler
    startup_stm32f407xx.o(RESET) refers to stm32f4xx_it.o(.text.PendSV_Handler) for PendSV_Handler
    startup_stm32f407xx.o(RESET) refers to stm32f4xx_it.o(.text.SysTick_Handler) for SysTick_Handler
    startup_stm32f407xx.o(RESET) refers to stm32f4xx_it.o(.text.TIM6_DAC_IRQHandler) for TIM6_DAC_IRQHandler
    startup_stm32f407xx.o(.text) refers to system_stm32f4xx.o(.text.SystemInit) for SystemInit
    startup_stm32f407xx.o(.text) refers to entry.o(.ARM.Collect$$$$00000000) for __main
    main.o(.text.main) refers to stm32f4xx_hal.o(.text.HAL_Init) for HAL_Init
    main.o(.text.main) refers to main.o(.text.SystemClock_Config) for SystemClock_Config
    main.o(.text.main) refers to gpio.o(.text.MX_GPIO_Init) for MX_GPIO_Init
    main.o(.text.main) refers to usart.o(.text.MX_UART4_Init) for MX_UART4_Init
    main.o(.text.main) refers to tim.o(.text.MX_TIM14_Init) for MX_TIM14_Init
    main.o(.text.main) refers to i2c.o(.text.MX_I2C1_Init) for MX_I2C1_Init
    main.o(.text.main) refers to i2c.o(.text.MX_I2C2_Init) for MX_I2C2_Init
    main.o(.text.main) refers to i2c.o(.text.MX_I2C3_Init) for MX_I2C3_Init
    main.o(.text.main) refers to tim.o(.text.MX_TIM11_Init) for MX_TIM11_Init
    main.o(.text.main) refers to tim.o(.text.MX_TIM12_Init) for MX_TIM12_Init
    main.o(.text.main) refers to tim.o(.text.MX_TIM13_Init) for MX_TIM13_Init
    main.o(.text.main) refers to usart.o(.text.MX_UART5_Init) for MX_UART5_Init
    main.o(.text.main) refers to tim.o(.bss.htim11) for htim11
    main.o(.text.main) refers to stm32f4xx_hal_tim.o(.text.HAL_TIM_PWM_Start) for HAL_TIM_PWM_Start
    main.o(.text.main) refers to tim.o(.bss.htim12) for htim12
    main.o(.text.main) refers to tim.o(.bss.htim13) for htim13
    main.o(.text.main) refers to tim.o(.bss.htim14) for htim14
    main.o(.text.main) refers to main.o(.bss.pid) for pid
    main.o(.text.main) refers to pid.o(.text.PID_Init) for PID_Init
    main.o(.text.main) refers to bldc.o(.text.Motor_Init) for Motor_Init
    main.o(.text.main) refers to stm32f4xx_hal_gpio.o(.text.HAL_GPIO_WritePin) for HAL_GPIO_WritePin
    main.o(.text.main) refers to usart.o(.bss.huart5) for huart5
    main.o(.text.main) refers to main.o(.bss.buffer) for buffer
    main.o(.text.main) refers to main.o(.data.Speed) for Speed
    main.o(.text.main) refers to stm32f4xx_hal_uart.o(.text.HAL_UART_Receive) for HAL_UART_Receive
    main.o(.text.main) refers to bldc.o(.text.Motor_Right_Z) for Motor_Right_Z
    main.o(.text.main) refers to stm32f4xx_hal.o(.text.HAL_Delay) for HAL_Delay
    main.o(.text.main) refers to bldc.o(.text.Motor_Left_Y) for Motor_Left_Y
    main.o(.text.main) refers to bldc.o(.text.Motor_Right_Y) for Motor_Right_Y
    main.o(.text.main) refers to bldc.o(.text.Motor_Left_Z) for Motor_Left_Z
    main.o(.text.main) refers to bldc.o(.text.Motor_Stop) for Motor_Stop
    main.o(.text.main) refers to bldc.o(.text.Motor_Down) for Motor_Down
    main.o(.text.main) refers to bldc.o(.text.Motor_Rise) for Motor_Rise
    main.o(.ARM.exidx.text.main) refers to main.o(.text.main) for [Anonymous Symbol]
    main.o(.text.SystemClock_Config) refers to memseta.o(.text) for __aeabi_memclr4
    main.o(.text.SystemClock_Config) refers to stm32f4xx_hal_rcc.o(.text.HAL_RCC_OscConfig) for HAL_RCC_OscConfig
    main.o(.text.SystemClock_Config) refers to stm32f4xx_hal_rcc.o(.text.HAL_RCC_ClockConfig) for HAL_RCC_ClockConfig
    main.o(.ARM.exidx.text.SystemClock_Config) refers to main.o(.text.SystemClock_Config) for [Anonymous Symbol]
    main.o(.ARM.exidx.text.Error_Handler) refers to main.o(.text.Error_Handler) for [Anonymous Symbol]
    main.o(.text.HAL_TIM_PeriodElapsedCallback) refers to stm32f4xx_hal.o(.text.HAL_IncTick) for HAL_IncTick
    main.o(.ARM.exidx.text.HAL_TIM_PeriodElapsedCallback) refers to main.o(.text.HAL_TIM_PeriodElapsedCallback) for [Anonymous Symbol]
[...]
    Removing stm32f4xx_hal_tim_ex.o(.text.HAL_TIMEx_GetChannelNState), (30 bytes).
    Removing stm32f4xx_hal_tim_ex.o(.ARM.exidx.text.HAL_TIMEx_GetChannelNState), (8 bytes).
    Removing stm32f4xx_hal_uart.o(.text), (0 bytes).
    Removing stm32f4xx_hal_uart.o(.ARM.exidx.text.HAL_UART_Init), (8 bytes).
    Removing stm32f4xx_hal_uart.o(.text.HAL_UART_MspInit), (2 bytes).
    Removing stm32f4xx_hal_uart.o(.ARM.exidx.text.HAL_UART_MspInit), (8 bytes).
    Removing stm32f4xx_hal_uart.o(.ARM.exidx.text.UART_SetConfig), (8 bytes).
    Removing stm32f4xx_hal_uart.o(.text.HAL_HalfDuplex_Init), (104 bytes).
    Removing stm32f4xx_hal_uart.o(.ARM.exidx.text.HAL_HalfDuplex_Init), (8 bytes).
    Removing stm32f4xx_hal_uart.o(.text.HAL_LIN_Init), (120 bytes).
    Removing stm32f4xx_hal_uart.o(.ARM.exidx.text.HAL_LIN_Init), (8 bytes).
    Removing stm32f4xx_hal_uart.o(.text.HAL_MultiProcessor_Init), (128 bytes).
    Removing stm32f4xx_hal_uart.o(.ARM.exidx.text.HAL_MultiProcessor_Init), (8 bytes).
    Removing stm32f4xx_hal_uart.o(.text.HAL_UART_DeInit), (54 bytes).
    Removing stm32f4xx_hal_uart.o(.ARM.exidx.text.HAL_UART_DeInit), (8 bytes).
    Removing stm32f4xx_hal_uart.o(.text.HAL_UART_MspDeInit), (2 bytes).
    Removing stm32f4xx_hal_uart.o(.ARM.exidx.text.HAL_UART_MspDeInit), (8 bytes).
    Removing stm32f4xx_hal_uart.o(.text.HAL_UART_Transmit), (234 bytes).
    Removing stm32f4xx_hal_uart.o(.ARM.exidx.text.HAL_UART_Transmit), (8 bytes).
    Removing stm32f4xx_hal_uart.o(.ARM.exidx.text.HAL_UART_Receive), (8 bytes).
    Removing stm32f4xx_hal_uart.o(.text.HAL_UART_Transmit_IT), (60 bytes).
    Removing stm32f4xx_hal_uart.o(.ARM.exidx.text.HAL_UART_Transmit_IT), (8 bytes).
    Removing stm32f4xx_hal_uart.o(.text.HAL_UART_Receive_IT), (82 bytes).
    Removing stm32f4xx_hal_uart.o(.ARM.exidx.text.HAL_UART_Receive_IT), (8 bytes).
    Removing stm32f4xx_hal_uart.o(.text.UART_Start_Receive_IT), (50 bytes).
    Removing stm32f4xx_hal_uart.o(.ARM.exidx.text.UART_Start_Receive_IT), (8 bytes).
    Removing stm32f4xx_hal_uart.o(.text.HAL_UART_Transmit_DMA), (188 bytes).
    Removing stm32f4xx_hal_uart.o(.ARM.exidx.text.HAL_UART_Transmit_DMA), (8 bytes).
    Removing stm32f4xx_hal_uart.o(.text.UART_DMATransmitCplt), (176 bytes).
    Removing stm32f4xx_hal_uart.o(.ARM.exidx.text.UART_DMATransmitCplt), (8 bytes).
    Removing stm32f4xx_hal_uart.o(.text.UART_DMATxHalfCplt), (6 bytes).
    Removing stm32f4xx_hal_uart.o(.ARM.exidx.text.UART_DMATxHalfCplt), (8 bytes).
    Removing stm32f4xx_hal_uart.o(.text.UART_DMAError), (380 bytes).
    Removing stm32f4xx_hal_uart.o(.ARM.exidx.text.UART_DMAError), (8 bytes).
    Removing stm32f4xx_hal_uart.o(.text.HAL_UART_Receive_DMA), (354 bytes).
    Removing stm32f4xx_hal_uart.o(.ARM.exidx.text.HAL_UART_Receive_DMA), (8 bytes).
    Removing stm32f4xx_hal_uart.o(.text.UART_Start_Receive_DMA), (316 bytes).
    Removing stm32f4xx_hal_uart.o(.ARM.exidx.text.UART_Start_Receive_DMA), (8 bytes).
    Removing stm32f4xx_hal_uart.o(.text.HAL_UART_DMAPause), (342 bytes).
    Removing stm32f4xx_hal_uart.o(.ARM.exidx.text.HAL_UART_DMAPause), (8 bytes).
    Removing stm32f4xx_hal_uart.o(.text.HAL_UART_DMAResume), (348 bytes).
    Removing stm32f4xx_hal_uart.o(.ARM.exidx.text.HAL_UART_DMAResume), (8 bytes).
    Removing stm32f4xx_hal_uart.o(.text.HAL_UART_DMAStop), (540 bytes).
    Removing stm32f4xx_hal_uart.o(.ARM.exidx.text.HAL_UART_DMAStop), (8 bytes).
    Removing stm32f4xx_hal_uart.o(.text.HAL_UARTEx_ReceiveToIdle), (274 bytes).
    Removing stm32f4xx_hal_uart.o(.ARM.exidx.text.HAL_UARTEx_ReceiveToIdle), (8 bytes).
    Removing stm32f4xx_hal_uart.o(.text.HAL_UARTEx_ReceiveToIdle_IT), (190 bytes).
    Removing stm32f4xx_hal_uart.o(.ARM.exidx.text.HAL_UARTEx_ReceiveToIdle_IT), (8 bytes).
    Removing stm32f4xx_hal_uart.o(.text.HAL_UARTEx_ReceiveToIdle_DMA), (470 bytes).
    Removing stm32f4xx_hal_uart.o(.ARM.exidx.text.HAL_UARTEx_ReceiveToIdle_DMA), (8 bytes).
    Removing stm32f4xx_hal_uart.o(.text.HAL_UARTEx_GetRxEventType), (4 bytes).
    Removing stm32f4xx_hal_uart.o(.ARM.exidx.text.HAL_UARTEx_GetRxEventType), (8 bytes).
    Removing stm32f4xx_hal_uart.o(.text.HAL_UART_Abort), (480 bytes).
    Removing stm32f4xx_hal_uart.o(.ARM.exidx.text.HAL_UART_Abort), (8 bytes).
    Removing stm32f4xx_hal_uart.o(.text.HAL_UART_AbortTransmit), (206 bytes).
    Removing stm32f4xx_hal_uart.o(.ARM.exidx.text.HAL_UART_AbortTransmit), (8 bytes).
    Removing stm32f4xx_hal_uart.o(.text.HAL_UART_AbortReceive), (364 bytes).
    Removing stm32f4xx_hal_uart.o(.ARM.exidx.text.HAL_UART_AbortReceive), (8 bytes).
    Removing stm32f4xx_hal_uart.o(.text.HAL_UART_Abort_IT), (516 bytes).
    Removing stm32f4xx_hal_uart.o(.ARM.exidx.text.HAL_UART_Abort_IT), (8 bytes).
    Removing stm32f4xx_hal_uart.o(.text.UART_DMATxAbortCallback), (42 bytes).
    Removing stm32f4xx_hal_uart.o(.ARM.exidx.text.UART_DMATxAbortCallback), (8 bytes).
    Removing stm32f4xx_hal_uart.o(.text.UART_DMARxAbortCallback), (42 bytes).
    Removing stm32f4xx_hal_uart.o(.ARM.exidx.text.UART_DMARxAbortCallback), (8 bytes).
    Removing stm32f4xx_hal_uart.o(.text.HAL_UART_AbortCpltCallback), (2 bytes).
    Removing stm32f4xx_hal_uart.o(.ARM.exidx.text.HAL_UART_AbortCpltCallback), (8 bytes).
    Removing stm32f4xx_hal_uart.o(.text.HAL_UART_AbortTransmit_IT), (214 bytes).
    Removing stm32f4xx_hal_uart.o(.ARM.exidx.text.HAL_UART_AbortTransmit_IT), (8 bytes).
    Removing stm32f4xx_hal_uart.o(.text.UART_DMATxOnlyAbortCallback), (16 bytes).
    Removing stm32f4xx_hal_uart.o(.ARM.exidx.text.UART_DMATxOnlyAbortCallback), (8 bytes).
    Removing stm32f4xx_hal_uart.o(.text.HAL_UART_AbortTransmitCpltCallback), (2 bytes).
    Removing stm32f4xx_hal_uart.o(.ARM.exidx.text.HAL_UART_AbortTransmitCpltCallback), (8 bytes).
    Removing stm32f4xx_hal_uart.o(.text.HAL_UART_AbortReceive_IT), (372 bytes).
    Removing stm32f4xx_hal_uart.o(.ARM.exidx.text.HAL_UART_AbortReceive_IT), (8 bytes).
    Removing stm32f4xx_hal_uart.o(.text.UART_DMARxOnlyAbortCallback), (18 bytes).
    Removing stm32f4xx_hal_uart.o(.ARM.exidx.text.UART_DMARxOnlyAbortCallback), (8 bytes).
    Removing stm32f4xx_hal_uart.o(.text.HAL_UART_AbortReceiveCpltCallback), (2 bytes).
    Removing stm32f4xx_hal_uart.o(.ARM.exidx.text.HAL_UART_AbortReceiveCpltCallback), (8 bytes).
    Removing stm32f4xx_hal_uart.o(.text.HAL_UART_IRQHandler), (1372 bytes).
    Removing stm32f4xx_hal_uart.o(.ARM.exidx.text.HAL_UART_IRQHandler), (8 bytes).
    Removing stm32f4xx_hal_uart.o(.text.UART_Receive_IT), (250 bytes).
    Removing stm32f4xx_hal_uart.o(.ARM.exidx.text.UART_Receive_IT), (8 bytes).
    Removing stm32f4xx_hal_uart.o(.text.UART_DMAAbortOnError), (12 bytes).
    Removing stm32f4xx_hal_uart.o(.ARM.exidx.text.UART_DMAAbortOnError), (8 bytes).
    Removing stm32f4xx_hal_uart.o(.text.HAL_UART_ErrorCallback), (2 bytes).
    Removing stm32f4xx_hal_uart.o(.ARM.exidx.text.HAL_UART_ErrorCallback), (8 bytes).
    Removing stm32f4xx_hal_uart.o(.text.HAL_UARTEx_RxEventCallback), (2 bytes).
    Removing stm32f4xx_hal_uart.o(.ARM.exidx.text.HAL_UARTEx_RxEventCallback), (8 bytes).
    Removing stm32f4xx_hal_uart.o(.text.HAL_UART_TxCpltCallback), (2 bytes).
    Removing stm32f4xx_hal_uart.o(.ARM.exidx.text.HAL_UART_TxCpltCallback), (8 bytes).
    Removing stm32f4xx_hal_uart.o(.text.HAL_UART_TxHalfCpltCallback), (2 bytes).
    Removing stm32f4xx_hal_uart.o(.ARM.exidx.text.HAL_UART_TxHalfCpltCallback), (8 bytes).
    Removing stm32f4xx_hal_uart.o(.text.HAL_UART_RxCpltCallback), (2 bytes).
    Removing stm32f4xx_hal_uart.o(.ARM.exidx.text.HAL_UART_RxCpltCallback), (8 bytes).
    Removing stm32f4xx_hal_uart.o(.text.HAL_UART_RxHalfCpltCallback), (2 bytes).
    Removing stm32f4xx_hal_uart.o(.ARM.exidx.text.HAL_UART_RxHalfCpltCallback), (8 bytes).
    Removing stm32f4xx_hal_uart.o(.text.HAL_LIN_SendBreak), (114 bytes).
    Removing stm32f4xx_hal_uart.o(.ARM.exidx.text.HAL_LIN_SendBreak), (8 bytes).
    Removing stm32f4xx_hal_uart.o(.text.HAL_MultiProcessor_EnterMuteMode), (116 bytes).
    Removing stm32f4xx_hal_uart.o(.ARM.exidx.text.HAL_MultiProcessor_EnterMuteMode), (8 bytes).
    Removing stm32f4xx_hal_uart.o(.text.HAL_MultiProcessor_ExitMuteMode), (116 bytes).
    Removing stm32f4xx_hal_uart.o(.ARM.exidx.text.HAL_MultiProcessor_ExitMuteMode), (8 bytes).
    Removing stm32f4xx_hal_uart.o(.text.HAL_HalfDuplex_EnableTransmitter), (44 bytes).
    Removing stm32f4xx_hal_uart.o(.ARM.exidx.text.HAL_HalfDuplex_EnableTransmitter), (8 bytes).
    Removing stm32f4xx_hal_uart.o(.text.HAL_HalfDuplex_EnableReceiver), (46 bytes).
    Removing stm32f4xx_hal_uart.o(.ARM.exidx.text.HAL_HalfDuplex_EnableReceiver), (8 bytes).
    Removing stm32f4xx_hal_uart.o(.text.HAL_UART_GetState), (14 bytes).
    Removing stm32f4xx_hal_uart.o(.ARM.exidx.text.HAL_UART_GetState), (8 bytes).
    Removing stm32f4xx_hal_uart.o(.text.HAL_UART_GetError), (4 bytes).
    Removing stm32f4xx_hal_uart.o(.ARM.exidx.text.HAL_UART_GetError), (8 bytes).
    Removing stm32f4xx_hal_uart.o(.text.UART_DMAReceiveCplt), (350 bytes).
    Removing stm32f4xx_hal_uart.o(.ARM.exidx.text.UART_DMAReceiveCplt), (8 bytes).
    Removing stm32f4xx_hal_uart.o(.text.UART_DMARxHalfCplt), (24 bytes).
    Removing stm32f4xx_hal_uart.o(.ARM.exidx.text.UART_DMARxHalfCplt), (8 bytes).
    Removing system_stm32f4xx.o(.text), (0 bytes).
    Removing system_stm32f4xx.o(.ARM.exidx.text.SystemInit), (8 bytes).
    Removing system_stm32f4xx.o(.text.SystemCoreClockUpdate), (132 bytes).
    Removing system_stm32f4xx.o(.ARM.exidx.text.SystemCoreClockUpdate), (8 bytes).
    Removing bldc.o(.text), (0 bytes).
    Removing bldc.o(.ARM.exidx.text.Motor_Init), (8 bytes).
    Removing bldc.o(.text.Motor_Speed), (32 bytes).
    Removing bldc.o(.ARM.exidx.text.Motor_Speed), (8 bytes).
    Removing bldc.o(.text.Motor_Land), (54 bytes).
    Removing bldc.o(.ARM.exidx.text.Motor_Land), (8 bytes).
    Removing bldc.o(.text.Motor_Hanging), (50 bytes).
    Removing bldc.o(.ARM.exidx.text.Motor_Hanging), (8 bytes).
    Removing bldc.o(.text.Motor_Forward), (68 bytes).
    Removing bldc.o(.ARM.exidx.text.Motor_Forward), (8 bytes).
    Removing bldc.o(.text.Motor_Back), (68 bytes).
    Removing bldc.o(.ARM.exidx.text.Motor_Back), (8 bytes).
    Removing bldc.o(.ARM.exidx.text.Motor_Right_Y), (8 bytes).
    Removing bldc.o(.ARM.exidx.text.Motor_Left_Y), (8 bytes).
    Removing bldc.o(.ARM.exidx.text.Motor_Right_Z), (8 bytes).
    Removing bldc.o(.ARM.exidx.text.Motor_Left_Z), (8 bytes).
    Removing bldc.o(.ARM.exidx.text.Motor_Rise), (8 bytes).
    Removing bldc.o(.ARM.exidx.text.Motor_Down), (8 bytes).
    Removing bldc.o(.ARM.exidx.text.Motor_Stop), (8 bytes).
    Removing bldc.o(.text.Motor_High_Position), (94 bytes).
    Removing bldc.o(.ARM.exidx.text.Motor_High_Position), (8 bytes).
    Removing bldc.o(.text.Motor_XY_Position), (4 bytes).
    Removing bldc.o(.ARM.exidx.text.Motor_XY_Position), (8 bytes).
    Removing inv_mpu.o(.text), (0 bytes).
    Removing inv_mpu.o(.text.mpu_reg_dump), (144 bytes).
    Removing inv_mpu.o(.ARM.exidx.text.mpu_reg_dump), (8 bytes).
    Removing inv_mpu.o(.text.mpu_read_reg), (86 bytes).
    Removing inv_mpu.o(.ARM.exidx.text.mpu_read_reg), (8 bytes).
    Removing inv_mpu.o(.text.mpu_init), (500 bytes).
    Removing inv_mpu.o(.ARM.exidx.text.mpu_init), (8 bytes).
    Removing inv_mpu.o(.text.mpu_set_gyro_fsr), (156 bytes).
    Removing inv_mpu.o(.ARM.exidx.text.mpu_set_gyro_fsr), (8 bytes).
    Removing inv_mpu.o(.text.mpu_set_accel_fsr), (150 bytes).
    Removing inv_mpu.o(.ARM.exidx.text.mpu_set_accel_fsr), (8 bytes).
    Removing inv_mpu.o(.text.mpu_set_lpf), (128 bytes).
    Removing inv_mpu.o(.ARM.exidx.text.mpu_set_lpf), (8 bytes).
    Removing inv_mpu.o(.text.mpu_set_sample_rate), (250 bytes).
    Removing inv_mpu.o(.ARM.exidx.text.mpu_set_sample_rate), (8 bytes).
    Removing inv_mpu.o(.text.mpu_configure_fifo), (140 bytes).
    Removing inv_mpu.o(.ARM.exidx.text.mpu_configure_fifo), (8 bytes).
    Removing inv_mpu.o(.text.mpu_set_bypass), (296 bytes).
    Removing inv_mpu.o(.ARM.exidx.text.mpu_set_bypass), (8 bytes).
    Removing inv_mpu.o(.text.mpu_set_sensors), (288 bytes).
    Removing inv_mpu.o(.ARM.exidx.text.mpu_set_sensors), (8 bytes).
    Removing inv_mpu.o(.text.mpu_lp_accel_mode), (652 bytes).
    Removing inv_mpu.o(.ARM.exidx.text.mpu_lp_accel_mode), (8 bytes).
    Removing inv_mpu.o(.text.mpu_set_int_latched), (120 bytes).
    Removing inv_mpu.o(.ARM.exidx.text.mpu_set_int_latched), (8 bytes).
    Removing inv_mpu.o(.text.mpu_get_gyro_reg), (124 bytes).
    Removing inv_mpu.o(.ARM.exidx.text.mpu_get_gyro_reg), (8 bytes).
    Removing inv_mpu.o(.text.mpu_get_accel_reg), (112 bytes).
    Removing inv_mpu.o(.ARM.exidx.text.mpu_get_accel_reg), (8 bytes).
    Removing inv_mpu.o(.text.mpu_get_temperature), (164 bytes).
    Removing inv_mpu.o(.ARM.exidx.text.mpu_get_temperature), (8 bytes).
    Removing inv_mpu.o(.text.mpu_set_accel_bias), (290 bytes).
    Removing inv_mpu.o(.ARM.exidx.text.mpu_set_accel_bias), (8 bytes).
    Removing inv_mpu.o(.text.mpu_reset_fifo), (506 bytes).
    Removing inv_mpu.o(.ARM.exidx.text.mpu_reset_fifo), (8 bytes).
    Removing inv_mpu.o(.text.mpu_get_gyro_fsr), (38 bytes).
    Removing inv_mpu.o(.ARM.exidx.text.mpu_get_gyro_fsr), (8 bytes).
    Removing inv_mpu.o(.text.mpu_get_accel_fsr), (54 bytes).
    Removing inv_mpu.o(.ARM.exidx.text.mpu_get_accel_fsr), (8 bytes).
    Removing inv_mpu.o(.text.mpu_get_lpf), (42 bytes).
    Removing inv_mpu.o(.ARM.exidx.text.mpu_get_lpf), (8 bytes).
    Removing inv_mpu.o(.text.mpu_get_sample_rate), (30 bytes).
    Removing inv_mpu.o(.ARM.exidx.text.mpu_get_sample_rate), (8 bytes).
    Removing inv_mpu.o(.text.mpu_get_compass_sample_rate), (12 bytes).
    Removing inv_mpu.o(.ARM.exidx.text.mpu_get_compass_sample_rate), (8 bytes).
    Removing inv_mpu.o(.text.mpu_set_compass_sample_rate), (6 bytes).
    Removing inv_mpu.o(.ARM.exidx.text.mpu_set_compass_sample_rate), (8 bytes).
    Removing inv_mpu.o(.text.mpu_get_gyro_sens), (48 bytes).
    Removing inv_mpu.o(.ARM.exidx.text.mpu_get_gyro_sens), (8 bytes).
    Removing inv_mpu.o(.text.mpu_get_accel_sens), (64 bytes).
    Removing inv_mpu.o(.ARM.exidx.text.mpu_get_accel_sens), (8 bytes).
    Removing inv_mpu.o(.text.mpu_get_fifo_config), (18 bytes).
    Removing inv_mpu.o(.ARM.exidx.text.mpu_get_fifo_config), (8 bytes).
    Removing inv_mpu.o(.text.set_int_enable), (104 bytes).
    Removing inv_mpu.o(.ARM.exidx.text.set_int_enable), (8 bytes).
    Removing inv_mpu.o(.text.mpu_get_power_state), (24 bytes).
    Removing inv_mpu.o(.ARM.exidx.text.mpu_get_power_state), (8 bytes).
    Removing inv_mpu.o(.text.mpu_get_int_status), (92 bytes).
    Removing inv_mpu.o(.ARM.exidx.text.mpu_get_int_status), (8 bytes).
    Removing inv_mpu.o(.text.mpu_read_fifo), (444 bytes).
    Removing inv_mpu.o(.ARM.exidx.text.mpu_read_fifo), (8 bytes).
    Removing inv_mpu.o(.text.mpu_read_fifo_stream), (228 bytes).
    Removing inv_mpu.o(.ARM.exidx.text.mpu_read_fifo_stream), (8 bytes).
    Removing inv_mpu.o(.text.mpu_set_int_level), (18 bytes).
    Removing inv_mpu.o(.ARM.exidx.text.mpu_set_int_level), (8 bytes).
    Removing inv_mpu.o(.text.mpu_run_self_test), (2232 bytes).
    Removing inv_mpu.o(.ARM.exidx.text.mpu_run_self_test), (8 bytes).
    Removing inv_mpu.o(.text.mpu_set_dmp_state), (276 bytes).
    Removing inv_mpu.o(.ARM.exidx.text.mpu_set_dmp_state), (8 bytes).
    Removing inv_mpu.o(.text.get_st_biases), (1070 bytes).
    Removing inv_mpu.o(.ARM.exidx.text.get_st_biases), (8 bytes).
    Removing inv_mpu.o(.text.mpu_write_mem), (136 bytes).
    Removing inv_mpu.o(.ARM.exidx.text.mpu_write_mem), (8 bytes).
    Removing inv_mpu.o(.text.mpu_read_mem), (136 bytes).
    Removing inv_mpu.o(.ARM.exidx.text.mpu_read_mem), (8 bytes).
    Removing inv_mpu.o(.text.mpu_load_firmware), (424 bytes).
    Removing inv_mpu.o(.ARM.exidx.text.mpu_load_firmware), (8 bytes).
    Removing inv_mpu.o(.text.mpu_get_dmp_state), (20 bytes).
    Removing inv_mpu.o(.ARM.exidx.text.mpu_get_dmp_state), (8 bytes).
    Removing inv_mpu.o(.text.mpu_get_compass_reg), (6 bytes).
    Removing inv_mpu.o(.ARM.exidx.text.mpu_get_compass_reg), (8 bytes).
    Removing inv_mpu.o(.text.mpu_get_compass_fsr), (6 bytes).
    Removing inv_mpu.o(.ARM.exidx.text.mpu_get_compass_fsr), (8 bytes).
    Removing inv_mpu.o(.text.mpu_lp_motion_interrupt), (1048 bytes).
    Removing inv_mpu.o(.ARM.exidx.text.mpu_lp_motion_interrupt), (8 bytes).
    Removing inv_mpu.o(.rodata.reg), (30 bytes).
    Removing inv_mpu.o(.rodata.hw), (12 bytes).
    Removing inv_mpu.o(.rodata.test), (40 bytes).
    Removing inv_mpu.o(.data.st), (44 bytes).
    Removing inv_mpu.o(.rodata.str1.1), (76 bytes).
    Removing inv_mpu.o(.rodata.cst8), (8 bytes).
    Removing inv_mpu.o(.rodata..Lswitch.table.mpu_lp_motion_interrupt.8), (12 bytes).
    Removing inv_mpu_dmp_motion_driver.o(.text), (0 bytes).
    Removing inv_mpu_dmp_motion_driver.o(.text.dmp_load_motion_driver_firmware), (22 bytes).
    Removing inv_mpu_dmp_motion_driver.o(.ARM.exidx.text.dmp_load_motion_driver_firmware), (8 bytes).
    Removing inv_mpu_dmp_motion_driver.o(.text.dmp_set_orientation), (228 bytes).
    Removing inv_mpu_dmp_motion_driver.o(.ARM.exidx.text.dmp_set_orientation), (8 bytes).
    Removing inv_mpu_dmp_motion_driver.o(.text.dmp_set_gyro_bias), (222 bytes).
    Removing inv_mpu_dmp_motion_driver.o(.ARM.exidx.text.dmp_set_gyro_bias), (8 bytes).
    Removing inv_mpu_dmp_motion_driver.o(.text.dmp_set_accel_bias), (194 bytes).
    Removing inv_mpu_dmp_motion_driver.o(.ARM.exidx.text.dmp_set_accel_bias), (8 bytes).
    Removing inv_mpu_dmp_motion_driver.o(.text.dmp_set_fifo_rate), (112 bytes).
    Removing inv_mpu_dmp_motion_driver.o(.ARM.exidx.text.dmp_set_fifo_rate), (8 bytes).
    Removing inv_mpu_dmp_motion_driver.o(.text.dmp_get_fifo_rate), (18 bytes).
    Removing inv_mpu_dmp_motion_driver.o(.ARM.exidx.text.dmp_get_fifo_rate), (8 bytes).
    Removing inv_mpu_dmp_motion_driver.o(.text.dmp_set_tap_thresh), (324 bytes).
    Removing inv_mpu_dmp_motion_driver.o(.ARM.exidx.text.dmp_set_tap_thresh), (8 bytes).
    Removing inv_mpu_dmp_motion_driver.o(.text.dmp_set_tap_axes), (56 bytes).
    Removing inv_mpu_dmp_motion_driver.o(.ARM.exidx.text.dmp_set_tap_axes), (8 bytes).
    Removing inv_mpu_dmp_motion_driver.o(.text.dmp_set_tap_count), (40 bytes).
    Removing inv_mpu_dmp_motion_driver.o(.ARM.exidx.text.dmp_set_tap_count), (8 bytes).
    Removing inv_mpu_dmp_motion_driver.o(.text.dmp_set_tap_time), (36 bytes).
    Removing inv_mpu_dmp_motion_driver.o(.ARM.exidx.text.dmp_set_tap_time), (8 bytes).
    Removing inv_mpu_dmp_motion_driver.o(.text.dmp_set_tap_time_multi), (36 bytes).
    Removing inv_mpu_dmp_motion_driver.o(.ARM.exidx.text.dmp_set_tap_time_multi), (8 bytes).
    Removing inv_mpu_dmp_motion_driver.o(.text.dmp_set_shake_reject_thresh), (44 bytes).
    Removing inv_mpu_dmp_motion_driver.o(.ARM.exidx.text.dmp_set_shake_reject_thresh), (8 bytes).
    Removing inv_mpu_dmp_motion_driver.o(.text.dmp_set_shake_reject_time), (36 bytes).
    Removing inv_mpu_dmp_motion_driver.o(.ARM.exidx.text.dmp_set_shake_reject_time), (8 bytes).
    Removing inv_mpu_dmp_motion_driver.o(.text.dmp_set_shake_reject_timeout), (36 bytes).
    Removing inv_mpu_dmp_motion_driver.o(.ARM.exidx.text.dmp_set_shake_reject_timeout), (8 bytes).
    Removing inv_mpu_dmp_motion_driver.o(.text.dmp_get_pedometer_step_count), (50 bytes).
    Removing inv_mpu_dmp_motion_driver.o(.ARM.exidx.text.dmp_get_pedometer_step_count), (8 bytes).
    Removing inv_mpu_dmp_motion_driver.o(.text.dmp_set_pedometer_step_count), (24 bytes).
    Removing inv_mpu_dmp_motion_driver.o(.ARM.exidx.text.dmp_set_pedometer_step_count), (8 bytes).
    Removing inv_mpu_dmp_motion_driver.o(.text.dmp_get_pedometer_walk_time), (56 bytes).
    Removing inv_mpu_dmp_motion_driver.o(.ARM.exidx.text.dmp_get_pedometer_walk_time), (8 bytes).
    Removing inv_mpu_dmp_motion_driver.o(.text.dmp_set_pedometer_walk_time), (38 bytes).
    Removing inv_mpu_dmp_motion_driver.o(.ARM.exidx.text.dmp_set_pedometer_walk_time), (8 bytes).
    Removing inv_mpu_dmp_motion_driver.o(.text.dmp_enable_feature), (678 bytes).
    Removing inv_mpu_dmp_motion_driver.o(.ARM.exidx.text.dmp_enable_feature), (8 bytes).
    Removing inv_mpu_dmp_motion_driver.o(.text.dmp_enable_gyro_cal), (70 bytes).
    Removing inv_mpu_dmp_motion_driver.o(.ARM.exidx.text.dmp_enable_gyro_cal), (8 bytes).
    Removing inv_mpu_dmp_motion_driver.o(.text.dmp_enable_lp_quat), (42 bytes).
    Removing inv_mpu_dmp_motion_driver.o(.ARM.exidx.text.dmp_enable_lp_quat), (8 bytes).
    Removing inv_mpu_dmp_motion_driver.o(.text.dmp_enable_6x_lp_quat), (42 bytes).
    Removing inv_mpu_dmp_motion_driver.o(.ARM.exidx.text.dmp_enable_6x_lp_quat), (8 bytes).
    Removing inv_mpu_dmp_motion_driver.o(.text.dmp_get_enabled_features), (18 bytes).
    Removing inv_mpu_dmp_motion_driver.o(.ARM.exidx.text.dmp_get_enabled_features), (8 bytes).
    Removing inv_mpu_dmp_motion_driver.o(.text.dmp_set_interrupt_mode), (92 bytes).
    Removing inv_mpu_dmp_motion_driver.o(.ARM.exidx.text.dmp_set_interrupt_mode), (8 bytes).
    Removing inv_mpu_dmp_motion_driver.o(.text.dmp_read_fifo), (434 bytes).
    Removing inv_mpu_dmp_motion_driver.o(.ARM.exidx.text.dmp_read_fifo), (8 bytes).
    Removing inv_mpu_dmp_motion_driver.o(.text.dmp_register_tap_cb), (16 bytes).
    Removing inv_mpu_dmp_motion_driver.o(.ARM.exidx.text.dmp_register_tap_cb), (8 bytes).
    Removing inv_mpu_dmp_motion_driver.o(.text.dmp_register_android_orient_cb), (16 bytes).
    Removing inv_mpu_dmp_motion_driver.o(.ARM.exidx.text.dmp_register_android_orient_cb), (8 bytes).
    Removing inv_mpu_dmp_motion_driver.o(.rodata.dmp_memory), (3062 bytes).
    Removing inv_mpu_dmp_motion_driver.o(.rodata..L__const.dmp_set_orientation.gyro_axes), (3 bytes).
    Removing inv_mpu_dmp_motion_driver.o(.rodata..L__const.dmp_set_orientation.accel_axes), (3 bytes).
    Removing inv_mpu_dmp_motion_driver.o(.bss.dmp.0), (4 bytes).
    Removing inv_mpu_dmp_motion_driver.o(.bss.dmp.1), (4 bytes).
    Removing inv_mpu_dmp_motion_driver.o(.bss.dmp.2), (2 bytes).
    Removing inv_mpu_dmp_motion_driver.o(.bss.dmp.3), (2 bytes).
    Removing inv_mpu_dmp_motion_driver.o(.bss.dmp.4), (2 bytes).
    Removing inv_mpu_dmp_motion_driver.o(.bss.dmp.5), (1 bytes).
    Removing inv_mpu_dmp_motion_driver.o(.rodata..L__const.dmp_set_fifo_rate.regs_end), (12 bytes).
    Removing inv_mpu_dmp_motion_driver.o(.rodata..L__unnamed_1), (12 bytes).
    Removing inv_mpu_dmp_motion_driver.o(.rodata..L__unnamed_2), (12 bytes).
    Removing inv_mpu_dmp_motion_driver.o(.rodata.str1.4), (24 bytes).
    Removing mpu6050.o(.text), (0 bytes).
    Removing mpu6050.o(.text.MPU6050_DMP_Init), (166 bytes).
    Removing mpu6050.o(.ARM.exidx.text.MPU6050_DMP_Init), (8 bytes).
    Removing mpu6050.o(.text.inv_orientation_matrix_to_scalar), (4 bytes).
    Removing mpu6050.o(.ARM.exidx.text.inv_orientation_matrix_to_scalar), (8 bytes).
    Removing mpu6050.o(.text.run_self_test), (144 bytes).
    Removing mpu6050.o(.ARM.exidx.text.run_self_test), (8 bytes).
    Removing mpu6050.o(.text.MPU6050_DMP_GetData), (396 bytes).
    Removing mpu6050.o(.ARM.exidx.text.MPU6050_DMP_GetData), (8 bytes).
    Removing bmp280.o(.text), (0 bytes).
    Removing bmp280.o(.text.BMP280_Restart), (50 bytes).
    Removing bmp280.o(.ARM.exidx.text.BMP280_Restart), (8 bytes).
    Removing bmp280.o(.text.BMP280_ReadParameter), (350 bytes).
    Removing bmp280.o(.ARM.exidx.text.BMP280_ReadParameter), (8 bytes).
    Removing bmp280.o(.text.BMP280_Init), (116 bytes).
    Removing bmp280.o(.ARM.exidx.text.BMP280_Init), (8 bytes).
    Removing bmp280.o(.text.BMP280_Measure_Cmd), (50 bytes).
    Removing bmp280.o(.ARM.exidx.text.BMP280_Measure_Cmd), (8 bytes).
    Removing bmp280.o(.text.BMP280_ReadData), (100 bytes).
    Removing bmp280.o(.ARM.exidx.text.BMP280_ReadData), (8 bytes).
    Removing bmp280.o(.text.BMP280_Calculate_Temp), (92 bytes).
    Removing bmp280.o(.ARM.exidx.text.BMP280_Calculate_Temp), (8 bytes).
    Removing bmp280.o(.text.BMP280_Calculate_Press), (412 bytes).
    Removing bmp280.o(.ARM.exidx.text.BMP280_Calculate_Press), (8 bytes).
    Removing bmp280.o(.text.BMP280_HighCalculate), (160 bytes).
    Removing bmp280.o(.ARM.exidx.text.BMP280_HighCalculate), (8 bytes).
    Removing bmp280.o(.bss.BMP280), (52 bytes).
    Removing oled.o(.text), (0 bytes).
    Removing oled.o(.text.OLED_Clear), (160 bytes).
    Removing oled.o(.ARM.exidx.text.OLED_Clear), (8 bytes).
    Removing oled.o(.text.OLED_Init), (692 bytes).
    Removing oled.o(.ARM.exidx.text.OLED_Init), (8 bytes).
    Removing oled.o(.text.OLED_Set_Pos), (108 bytes).
    Removing oled.o(.ARM.exidx.text.OLED_Set_Pos), (8 bytes).
    Removing oled.o(.text.OLED_Display_On), (90 bytes).
    Removing oled.o(.ARM.exidx.text.OLED_Display_On), (8 bytes).
    Removing oled.o(.text.OLED_Display_Off), (90 bytes).
    Removing oled.o(.ARM.exidx.text.OLED_Display_Off), (8 bytes).
    Removing oled.o(.text.OLED_ShowChar_EN), (956 bytes).
    Removing oled.o(.ARM.exidx.text.OLED_ShowChar_EN), (8 bytes).
    Removing oled.o(.text.OLED_ShowNum), (380 bytes).
    Removing oled.o(.ARM.exidx.text.OLED_ShowNum), (8 bytes).
    Removing oled.o(.text.OLED_ShowString), (64 bytes).
    Removing oled.o(.ARM.exidx.text.OLED_ShowString), (8 bytes).
    Removing oled.o(.text.OLED_DrawBMP), (246 bytes).
    Removing oled.o(.ARM.exidx.text.OLED_DrawBMP), (8 bytes).
    Removing oled.o(.rodata.F6x8), (552 bytes).
    Removing oled.o(.rodata.F8X16), (1520 bytes).
    Removing lora.o(.text), (0 bytes).
    Removing lora.o(.text.LoRa_SendData), (8 bytes).
    Removing lora.o(.ARM.exidx.text.LoRa_SendData), (8 bytes).
    Removing lora.o(.text.LORA_ReceiveData), (8 bytes).
    Removing lora.o(.ARM.exidx.text.LORA_ReceiveData), (8 bytes).
    Removing pid.o(.text), (0 bytes).
    Removing pid.o(.ARM.exidx.text.PID_Init), (8 bytes).
    Removing pid.o(.text.PID_Reset), (18 bytes).
    Removing pid.o(.ARM.exidx.text.PID_Reset), (8 bytes).
    Removing pid.o(.text.PID_Increase_Calculate), (86 bytes).
    Removing pid.o(.ARM.exidx.text.PID_Increase_Calculate), (8 bytes).
    Removing pid.o(.text.PID_Position_Calculate), (78 bytes).
    Removing pid.o(.ARM.exidx.text.PID_Position_Calculate), (8 bytes).
    Removing dadd.o(.text), (334 bytes).
    Removing dmul.o(.text), (228 bytes).
    Removing ddiv.o(.text), (222 bytes).
    Removing ffltl.o(.text), (44 bytes).
    Removing dflti.o(.text), (34 bytes).
    Removing dfixi.o(.text), (62 bytes).
    Removing f2d.o(.text), (38 bytes).
    Removing d2f.o(.text), (56 bytes).
    Removing fepilogue.o(.text), (110 bytes).
    Removing depilogue.o(.text), (186 bytes).
    Removing dneg.o(.text), (6 bytes).
    Removing dscalb.o(.text), (46 bytes).
    Removing dfixul.o(.text), (48 bytes).
    Removing cdcmple.o(.text), (48 bytes).
    Removing cdrcmple.o(.text), (48 bytes).
    Removing dsqrt.o(.text), (162 bytes).

1132 unused section(s) (total 86531 bytes) removed from the image.

==============================================================================

Image Symbol Table

    Local Symbols

    Symbol Name                              Value     Ov Type        Size  Object(Section)

    ../clib/division.s                       0x00000000   Number         0  aeabi_sdiv.o ABSOLUTE
    ../clib/microlib/division.c              0x00000000   Number         0  uldiv.o ABSOLUTE
    ../clib/microlib/division.c              0x00000000   Number         0  ldiv.o ABSOLUTE
    ../clib/microlib/division.c              0x00000000   Number         0  uidiv.o ABSOLUTE
    ../clib/microlib/errno.c                 0x00000000   Number         0  errno.o ABSOLUTE
    ../clib/microlib/init/entry.s            0x00000000   Number         0  entry.o ABSOLUTE
    ../clib/microlib/init/entry.s            0x00000000   Number         0  entry2.o ABSOLUTE
    ../clib/microlib/init/entry.s            0x00000000   Number         0  entry5.o ABSOLUTE
    ../clib/microlib/init/entry.s            0x00000000   Number         0  entry7a.o ABSOLUTE
    ../clib/microlib/init/entry.s            0x00000000   Number         0  entry7b.o ABSOLUTE
    ../clib/microlib/init/entry.s            0x00000000   Number         0  entry8a.o ABSOLUTE
    ../clib/microlib/init/entry.s            0x00000000   Number         0  entry8b.o ABSOLUTE
    ../clib/microlib/init/entry.s            0x00000000   Number         0  entry9a.o ABSOLUTE
    ../clib/microlib/init/entry.s            0x00000000   Number         0  entry9b.o ABSOLUTE
    ../clib/microlib/init/entry.s            0x00000000   Number         0  entry10a.o ABSOLUTE
    ../clib/microlib/init/entry.s            0x00000000   Number         0  entry10b.o ABSOLUTE
    ../clib/microlib/init/entry.s            0x00000000   Number         0  entry11a.o ABSOLUTE
    ../clib/microlib/init/entry.s            0x00000000   Number         0  entry11b.o ABSOLUTE
    ../clib/microlib/longlong.c              0x00000000   Number         0  llshl.o ABSOLUTE
    ../clib/microlib/longlong.c              0x00000000   Number         0  llushr.o ABSOLUTE
    ../clib/microlib/longlong.c              0x00000000   Number         0  llsshr.o ABSOLUTE
    ../clib/microlib/printf/printf.c         0x00000000   Number         0  printfb.o ABSOLUTE
    ../clib/microlib/printf/printf.c         0x00000000   Number         0  printf0.o ABSOLUTE
    ../clib/microlib/printf/printf.c         0x00000000   Number         0  printf1.o ABSOLUTE
    ../clib/microlib/printf/printf.c         0x00000000   Number         0  printf2.o ABSOLUTE
    ../clib/microlib/printf/printf.c         0x00000000   Number         0  printf3.o ABSOLUTE
    ../clib/microlib/printf/printf.c         0x00000000   Number         0  printf4.o ABSOLUTE
    ../clib/microlib/printf/printf.c         0x00000000   Number         0  printf5.o ABSOLUTE
    ../clib/microlib/printf/printf.c         0x00000000   Number         0  printf6.o ABSOLUTE
    ../clib/microlib/printf/printf.c         0x00000000   Number         0  printf7.o ABSOLUTE
    ../clib/microlib/printf/printf.c         0x00000000   Number         0  printf8.o ABSOLUTE
    ../clib/microlib/printf/printf.c         0x00000000   Number         0  printfa.o ABSOLUTE
    ../clib/microlib/printf/stubs.s          0x00000000   Number         0  printfstubs.o ABSOLUTE
    ../clib/microlib/stdio/puts.c            0x00000000   Number         0  puts.o ABSOLUTE
    ../clib/microlib/stdio/puts.c            0x00000000   Number         0  puts_e.o ABSOLUTE
    ../clib/microlib/stdio/streams.c         0x00000000   Number         0  stdout.o ABSOLUTE
    ../clib/microlib/string/memcmp.c         0x00000000   Number         0  memcmp.o ABSOLUTE
    ../clib/microlib/string/memset.c         0x00000000   Number         0  memseta.o ABSOLUTE
    ../clib/microlib/stubs.s                 0x00000000   Number         0  iusefp.o ABSOLUTE
    ../fplib/microlib/d2f.c                  0x00000000   Number         0  d2f.o ABSOLUTE
    ../fplib/microlib/f2d.c                  0x00000000   Number         0  f2d.o ABSOLUTE
    ../fplib/microlib/fpadd.c                0x00000000   Number         0  dadd.o ABSOLUTE
    ../fplib/microlib/fpdiv.c                0x00000000   Number         0  ddiv.o ABSOLUTE
    ../fplib/microlib/fpepilogue.c           0x00000000   Number         0  fepilogue.o ABSOLUTE
    ../fplib/microlib/fpepilogue.c           0x00000000   Number         0  depilogue.o ABSOLUTE
    ../fplib/microlib/fpfix.c                0x00000000   Number         0  dfixi.o ABSOLUTE
    ../fplib/microlib/fpfix.c                0x00000000   Number         0  dfixul.o ABSOLUTE
    ../fplib/microlib/fpflt.c                0x00000000   Number         0  ffltl.o ABSOLUTE
    ../fplib/microlib/fpflt.c                0x00000000   Number         0  dflti.o ABSOLUTE
    ../fplib/microlib/fpmul.c                0x00000000   Number         0  dmul.o ABSOLUTE
    ../fplib/microlib/fpneg.c                0x00000000   Number         0  dneg.o ABSOLUTE
    ../fplib/microlib/fpscalb.c              0x00000000   Number         0  dscalb.o ABSOLUTE
    ../fplib/microlib/fpsqrt.c               0x00000000   Number         0  dsqrt.o ABSOLUTE
    ../mathlib/asin.c                        0x00000000   Number         0  asin.o ABSOLUTE
    ../mathlib/atan.c                        0x00000000   Number         0  atan.o ABSOLUTE
    ../mathlib/atan2.c                       0x00000000   Number         0  atan2.o ABSOLUTE
    ../mathlib/dunder.c                      0x00000000   Number         0  dunder.o ABSOLUTE
    ../mathlib/fabs.c                        0x00000000   Number         0  fabs.o ABSOLUTE
    ../mathlib/fpclassify.c                  0x00000000   Number         0  fpclassify.o ABSOLUTE
    ../mathlib/poly.c                        0x00000000   Number         0  poly.o ABSOLUTE
    ../mathlib/pow.c                         0x00000000   Number         0  pow.o ABSOLUTE
    ../mathlib/qnan.c                        0x00000000   Number         0  qnan.o ABSOLUTE
    ../mathlib/sqrt.c                        0x00000000   Number         0  sqrt.o ABSOLUTE
    bldc.c                                   0x00000000   Number         0  bldc.o ABSOLUTE
    bmp280.c                                 0x00000000   Number         0  bmp280.o ABSOLUTE
    cdcmple.s                                0x00000000   Number         0  cdcmple.o ABSOLUTE
    cdrcmple.s                               0x00000000   Number         0  cdrcmple.o ABSOLUTE
    dc.s                                     0x00000000   Number         0  dc.o ABSOLUTE
    gpio.c                                   0x00000000   Number         0  gpio.o ABSOLUTE
    handlers.s                               0x00000000   Number         0  handlers.o ABSOLUTE
    i2c.c                                    0x00000000   Number         0  i2c.o ABSOLUTE
    init.s                                   0x00000000   Number         0  init.o ABSOLUTE
    inv_mpu.c                                0x00000000   Number         0  inv_mpu.o ABSOLUTE
    inv_mpu_dmp_motion_driver.c              0x00000000   Number         0  inv_mpu_dmp_motion_driver.o ABSOLUTE
    lora.c                                   0x00000000   Number         0  lora.o ABSOLUTE
    main.c                                   0x00000000   Number         0  main.o ABSOLUTE
    mpu6050.c                                0x00000000   Number         0  mpu6050.o ABSOLUTE
    oled.c                                   0x00000000   Number         0  oled.o ABSOLUTE
    pid.c                                    0x00000000   Number         0  pid.o ABSOLUTE
    startup_stm32f407xx.s                    0x00000000   Number         0  startup_stm32f407xx.o ABSOLUTE
    stm32f4xx_hal.c                          0x00000000   Number         0  stm32f4xx_hal.o ABSOLUTE
    stm32f4xx_hal_cortex.c                   0x00000000   Number         0  stm32f4xx_hal_cortex.o ABSOLUTE
    stm32f4xx_hal_dma.c                      0x00000000   Number         0  stm32f4xx_hal_dma.o ABSOLUTE
    stm32f4xx_hal_dma_ex.c                   0x00000000   Number         0  stm32f4xx_hal_dma_ex.o ABSOLUTE
    stm32f4xx_hal_exti.c                     0x00000000   Number         0  stm32f4xx_hal_exti.o ABSOLUTE
    stm32f4xx_hal_flash.c                    0x00000000   Number         0  stm32f4xx_hal_flash.o ABSOLUTE
    stm32f4xx_hal_flash_ex.c                 0x00000000   Number         0  stm32f4xx_hal_flash_ex.o ABSOLUTE
    stm32f4xx_hal_flash_ramfunc.c            0x00000000   Number         0  stm32f4xx_hal_flash_ramfunc.o ABSOLUTE
    stm32f4xx_hal_gpio.c                     0x00000000   Number         0  stm32f4xx_hal_gpio.o ABSOLUTE
    stm32f4xx_hal_i2c.c                      0x00000000   Number         0  stm32f4xx_hal_i2c.o ABSOLUTE
    stm32f4xx_hal_i2c_ex.c                   0x00000000   Number         0  stm32f4xx_hal_i2c_ex.o ABSOLUTE
    stm32f4xx_hal_msp.c                      0x00000000   Number         0  stm32f4xx_hal_msp.o ABSOLUTE
    stm32f4xx_hal_pwr.c                      0x00000000   Number         0  stm32f4xx_hal_pwr.o ABSOLUTE
    stm32f4xx_hal_pwr_ex.c                   0x00000000   Number         0  stm32f4xx_hal_pwr_ex.o ABSOLUTE
    stm32f4xx_hal_rcc.c                      0x00000000   Number         0  stm32f4xx_hal_rcc.o ABSOLUTE
    stm32f4xx_hal_rcc_ex.c                   0x00000000   Number         0  stm32f4xx_hal_rcc_ex.o ABSOLUTE
    stm32f4xx_hal_tim.c                      0x00000000   Number         0  stm32f4xx_hal_tim.o ABSOLUTE
    stm32f4xx_hal_tim_ex.c                   0x00000000   Number         0  stm32f4xx_hal_tim_ex.o ABSOLUTE
    stm32f4xx_hal_timebase_tim.c             0x00000000   Number         0  stm32f4xx_hal_timebase_tim.o ABSOLUTE
    stm32f4xx_hal_uart.c                     0x00000000   Number         0  stm32f4xx_hal_uart.o ABSOLUTE
    stm32f4xx_it.c                           0x00000000   Number         0  stm32f4xx_it.o ABSOLUTE
    system_stm32f4xx.c                       0x00000000   Number         0  system_stm32f4xx.o ABSOLUTE
    tim.c                                    0x00000000   Number         0  tim.o ABSOLUTE
    usart.c                                  0x00000000   Number         0  usart.o ABSOLUTE
    RESET                                    0x08000000   Section      392  startup_stm32f407xx.o(RESET)
    .ARM.Collect$$$$00000000                 0x08000188   Section        0  entry.o(.ARM.Collect$$$$00000000)
    .ARM.Collect$$$$00000001                 0x08000188   Section        4  entry2.o(.ARM.Collect$$$$00000001)
    .ARM.Collect$$$$00000004                 0x0800018c   Section        4  entry5.o(.ARM.Collect$$$$00000004)
    .ARM.Collect$$$$00000008                 0x08000190   Section        0  entry7b.o(.ARM.Collect$$$$00000008)
    .ARM.Collect$$$$0000000A                 0x08000190   Section        0  entry8b.o(.ARM.Collect$$$$0000000A)
    .ARM.Collect$$$$0000000B                 0x08000190   Section        8  entry9a.o(.ARM.Collect$$$$0000000B)
    __lit__00000000                          0x08000198   Data           4  entry2.o(.ARM.Collect$$$$00002712)
    .ARM.Collect$$$$0000000D                 0x08000198   Section        0  entry10a.o(.ARM.Collect$$$$0000000D)
    .ARM.Collect$$$$0000000F                 0x08000198   Section        0  entry11a.o(.ARM.Collect$$$$0000000F)
    .ARM.Collect$$$$00002712                 0x08000198   Section        4  entry2.o(.ARM.Collect$$$$00002712)
    $v0                                      0x0800019c   Number         0  startup_stm32f407xx.o(.text)
    .text                                    0x0800019c   Section       36  startup_stm32f407xx.o(.text)
    .text                                    0x080001c0   Section        0  uldiv.o(.text)
    .text                                    0x08000222   Section        0  memseta.o(.text)
    .text                                    0x08000246   Section        0  llshl.o(.text)
    .text                                    0x08000264   Section        0  llushr.o(.text)
    .text                                    0x08000284   Section       48  init.o(.text)
    [Anonymous Symbol]                       0x080002b4   Section        0  stm32f4xx_it.o(.text.BusFault_Handler)
    [Anonymous Symbol]                       0x080002b8   Section        0  stm32f4xx_it.o(.text.DebugMon_Handler)
    [Anonymous Symbol]                       0x080002bc   Section        0  main.o(.text.Error_Handler)
    [Anonymous Symbol]                       0x080002c4   Section        0  stm32f4xx_hal.o(.text.HAL_Delay)
    [Anonymous Symbol]                       0x080002ec   Section        0  stm32f4xx_hal_gpio.o(.text.HAL_GPIO_Init)
    [Anonymous Symbol]                       0x0800048c   Section        0  stm32f4xx_hal_gpio.o(.text.HAL_GPIO_WritePin)
    [Anonymous Symbol]                       0x08000498   Section        0  stm32f4xx_hal.o(.text.HAL_GetTick)
    [Anonymous Symbol]                       0x080004a4   Section        0  stm32f4xx_hal_i2c.o(.text.HAL_I2C_Init)
    [Anonymous Symbol]                       0x08000604   Section        0  i2c.o(.text.HAL_I2C_MspInit)
    [Anonymous Symbol]                       0x08000770   Section        0  stm32f4xx_hal.o(.text.HAL_IncTick)
    [Anonymous Symbol]                       0x0800078c   Section        0  stm32f4xx_hal.o(.text.HAL_Init)
    [Anonymous Symbol]                       0x080007c4   Section        0  stm32f4xx_hal_timebase_tim.o(.text.HAL_InitTick)
    [Anonymous Symbol]                       0x08000878   Section        0  stm32f4xx_hal_msp.o(.text.HAL_MspInit)
    [Anonymous Symbol]                       0x080008b0   Section        0  stm32f4xx_hal_cortex.o(.text.HAL_NVIC_EnableIRQ)
    [Anonymous Symbol]                       0x080008d4   Section        0  stm32f4xx_hal_cortex.o(.text.HAL_NVIC_SetPriority)
    [Anonymous Symbol]                       0x0800092c   Section        0  stm32f4xx_hal_cortex.o(.text.HAL_NVIC_SetPriorityGrouping)
    [Anonymous Symbol]                       0x0800094c   Section        0  stm32f4xx_hal_rcc.o(.text.HAL_RCC_ClockConfig)
    [Anonymous Symbol]                       0x08000aac   Section        0  stm32f4xx_hal_rcc.o(.text.HAL_RCC_GetClockConfig)
    [Anonymous Symbol]                       0x08000aec   Section        0  stm32f4xx_hal_rcc.o(.text.HAL_RCC_GetPCLK1Freq)
    [Anonymous Symbol]                       0x08000b14   Section        0  stm32f4xx_hal_rcc.o(.text.HAL_RCC_GetPCLK2Freq)
    [Anonymous Symbol]                       0x08000b3c   Section        0  stm32f4xx_hal_rcc.o(.text.HAL_RCC_GetSysClockFreq)
    [Anonymous Symbol]                       0x08000ba8   Section        0  stm32f4xx_hal_rcc.o(.text.HAL_RCC_OscConfig)
    [Anonymous Symbol]                       0x08000f18   Section        0  stm32f4xx_hal_tim_ex.o(.text.HAL_TIMEx_BreakCallback)
    [Anonymous Symbol]                       0x08000f1c   Section        0  stm32f4xx_hal_tim_ex.o(.text.HAL_TIMEx_CommutCallback)
    [Anonymous Symbol]                       0x08000f20   Section        0  stm32f4xx_hal_tim.o(.text.HAL_TIM_Base_Init)
    [Anonymous Symbol]                       0x08000f7c   Section        0  tim.o(.text.HAL_TIM_Base_MspInit)
    [Anonymous Symbol]                       0x0800100c   Section        0  stm32f4xx_hal_tim.o(.text.HAL_TIM_Base_Start_IT)
    [Anonymous Symbol]                       0x080010b4   Section        0  stm32f4xx_hal_tim.o(.text.HAL_TIM_IC_CaptureCallback)
    [Anonymous Symbol]                       0x080010b8   Section        0  stm32f4xx_hal_tim.o(.text.HAL_TIM_IRQHandler)
    [Anonymous Symbol]                       0x08001204   Section        0  tim.o(.text.HAL_TIM_MspPostInit)
    [Anonymous Symbol]                       0x08001314   Section        0  stm32f4xx_hal_tim.o(.text.HAL_TIM_OC_DelayElapsedCallback)
    [Anonymous Symbol]                       0x08001318   Section        0  stm32f4xx_hal_tim.o(.text.HAL_TIM_PWM_ConfigChannel)
    [Anonymous Symbol]                       0x0800152c   Section        0  stm32f4xx_hal_tim.o(.text.HAL_TIM_PWM_Init)
    [Anonymous Symbol]                       0x08001588   Section        0  tim.o(.text.HAL_TIM_PWM_MspInit)
    [Anonymous Symbol]                       0x080015bc   Section        0  stm32f4xx_hal_tim.o(.text.HAL_TIM_PWM_PulseFinishedCallback)
    [Anonymous Symbol]                       0x080015c0   Section        0  stm32f4xx_hal_tim.o(.text.HAL_TIM_PWM_Start)
    [Anonymous Symbol]                       0x080016c4   Section        0  main.o(.text.HAL_TIM_PeriodElapsedCallback)
    [Anonymous Symbol]                       0x080016d8   Section        0  stm32f4xx_hal_tim.o(.text.HAL_TIM_TriggerCallback)
    [Anonymous Symbol]                       0x080016dc   Section        0  stm32f4xx_hal_uart.o(.text.HAL_UART_Init)
    [Anonymous Symbol]                       0x0800173c   Section        0  usart.o(.text.HAL_UART_MspInit)
    [Anonymous Symbol]                       0x08001830   Section        0  stm32f4xx_hal_uart.o(.text.HAL_UART_Receive)
    [Anonymous Symbol]                       0x08001a28   Section        0  stm32f4xx_it.o(.text.HardFault_Handler)
    [Anonymous Symbol]                       0x08001a2c   Section        0  gpio.o(.text.MX_GPIO_Init)
    [Anonymous Symbol]                       0x08001aec   Section        0  i2c.o(.text.MX_I2C1_Init)
    [Anonymous Symbol]                       0x08001b30   Section        0  i2c.o(.text.MX_I2C2_Init)
    [Anonymous Symbol]                       0x08001b74   Section        0  i2c.o(.text.MX_I2C3_Init)
    [Anonymous Symbol]                       0x08001bb8   Section        0  tim.o(.text.MX_TIM11_Init)
    [Anonymous Symbol]                       0x08001c3c   Section        0  tim.o(.text.MX_TIM12_Init)
    [Anonymous Symbol]                       0x08001ca8   Section        0  tim.o(.text.MX_TIM13_Init)
    [Anonymous Symbol]                       0x08001d2c   Section        0  tim.o(.text.MX_TIM14_Init)
    [Anonymous Symbol]                       0x08001db0   Section        0  usart.o(.text.MX_UART4_Init)
    [Anonymous Symbol]                       0x08001dec   Section        0  usart.o(.text.MX_UART5_Init)
    [Anonymous Symbol]                       0x08001e28   Section        0  stm32f4xx_it.o(.text.MemManage_Handler)
    [Anonymous Symbol]                       0x08001e2c   Section        0  bldc.o(.text.Motor_Down)
    [Anonymous Symbol]                       0x08001e6c   Section        0  bldc.o(.text.Motor_Init)
    [Anonymous Symbol]                       0x08001ed0   Section        0  bldc.o(.text.Motor_Left_Y)
    [Anonymous Symbol]                       0x08001f14   Section        0  bldc.o(.text.Motor_Left_Z)
    [Anonymous Symbol]                       0x08001f58   Section        0  bldc.o(.text.Motor_Right_Y)
    [Anonymous Symbol]                       0x08001f9c   Section        0  bldc.o(.text.Motor_Right_Z)
    [Anonymous Symbol]                       0x08001fe0   Section        0  bldc.o(.text.Motor_Rise)
    [Anonymous Symbol]                       0x08002020   Section        0  bldc.o(.text.Motor_Stop)
    [Anonymous Symbol]                       0x0800205c   Section        0  stm32f4xx_it.o(.text.NMI_Handler)
    [Anonymous Symbol]                       0x08002060   Section        0  pid.o(.text.PID_Init)
    [Anonymous Symbol]                       0x0800206c   Section        0  stm32f4xx_it.o(.text.PendSV_Handler)
    [Anonymous Symbol]                       0x08002070   Section        0  stm32f4xx_it.o(.text.SVC_Handler)
    [Anonymous Symbol]                       0x08002074   Section        0  stm32f4xx_it.o(.text.SysTick_Handler)
    [Anonymous Symbol]                       0x08002078   Section        0  main.o(.text.SystemClock_Config)
    [Anonymous Symbol]                       0x08002120   Section        0  system_stm32f4xx.o(.text.SystemInit)
    [Anonymous Symbol]                       0x08002134   Section        0  stm32f4xx_it.o(.text.TIM6_DAC_IRQHandler)
    [Anonymous Symbol]                       0x08002140   Section        0  stm32f4xx_hal_tim.o(.text.TIM_Base_SetConfig)
    UART_SetConfig                           0x08002275   Thumb Code   222  stm32f4xx_hal_uart.o(.text.UART_SetConfig)
    [Anonymous Symbol]                       0x08002274   Section        0  stm32f4xx_hal_uart.o(.text.UART_SetConfig)
    [Anonymous Symbol]                       0x08002354   Section        0  stm32f4xx_it.o(.text.UsageFault_Handler)
    [Anonymous Symbol]                       0x08002358   Section        0  main.o(.text.main)
    i.__scatterload_copy                     0x0800247e   Section       14  handlers.o(i.__scatterload_copy)
    i.__scatterload_null                     0x0800248c   Section        2  handlers.o(i.__scatterload_null)
    i.__scatterload_zeroinit                 0x0800248e   Section       14  handlers.o(i.__scatterload_zeroinit)
    STACK                                    0x20000310   Section     1024  startup_stm32f407xx.o(STACK)

    Global Symbols

    Symbol Name                              Value     Ov Type        Size  Object(Section)

    BuildAttributes$$THM_ISAv4$E$P$D$K$B$S$7EM$VFPi3$EXTD16$VFPS$VFMA$PE$A:L22UL41UL21$X:L11$S22US41US21$IEEE1$IW$~IW$USESV6$~STKCKD$USESV7$~SHL$OTIME$ROPI$IEEEX$EBA8$MICROLIB$REQ8$PRES8$EABIv2 0x00000000   Number         0  anon$$obj.o ABSOLUTE
    _printf_a                                0x00000000   Number         0  printfstubs.o ABSOLUTE
    _printf_c                                0x00000000   Number         0  printfstubs.o ABSOLUTE
    _printf_charcount                        0x00000000   Number         0  printfstubs.o ABSOLUTE
    _printf_d                                0x00000000   Number         0  printfstubs.o ABSOLUTE
    _printf_e                                0x00000000   Number         0  printfstubs.o ABSOLUTE
    _printf_f                                0x00000000   Number         0  printfstubs.o ABSOLUTE
    _printf_flags                            0x00000000   Number         0  printfstubs.o ABSOLUTE
    _printf_fp_dec                           0x00000000   Number         0  printfstubs.o ABSOLUTE
    _printf_fp_hex                           0x00000000   Number         0  printfstubs.o ABSOLUTE
    _printf_g                                0x00000000   Number         0  printfstubs.o ABSOLUTE
    _printf_i                                0x00000000   Number         0  printfstubs.o ABSOLUTE
    _printf_int_dec                          0x00000000   Number         0  printfstubs.o ABSOLUTE
    _printf_l                                0x00000000   Number         0  printfstubs.o ABSOLUTE
    _printf_lc                               0x00000000   Number         0  printfstubs.o ABSOLUTE
    _printf_ll                               0x00000000   Number         0  printfstubs.o ABSOLUTE
    _printf_lld                              0x00000000   Number         0  printfstubs.o ABSOLUTE
    _printf_lli                              0x00000000   Number         0  printfstubs.o ABSOLUTE
    _printf_llo                              0x00000000   Number         0  printfstubs.o ABSOLUTE
    _printf_llu                              0x00000000   Number         0  printfstubs.o ABSOLUTE
    _printf_llx                              0x00000000   Number         0  printfstubs.o ABSOLUTE
    _printf_longlong_dec                     0x00000000   Number         0  printfstubs.o ABSOLUTE
    _printf_longlong_hex                     0x00000000   Number         0  printfstubs.o ABSOLUTE
    _printf_longlong_oct                     0x00000000   Number         0  printfstubs.o ABSOLUTE
    _printf_ls                               0x00000000   Number         0  printfstubs.o ABSOLUTE
    _printf_mbtowc                           0x00000000   Number         0  printfstubs.o ABSOLUTE
    _printf_n                                0x00000000   Number         0  printfstubs.o ABSOLUTE
    _printf_o                                0x00000000   Number         0  printfstubs.o ABSOLUTE
    _printf_p                                0x00000000   Number         0  printfstubs.o ABSOLUTE
    _printf_percent                          0x00000000   Number         0  printfstubs.o ABSOLUTE
    _printf_pre_padding                      0x00000000   Number         0  printfstubs.o ABSOLUTE
    _printf_return_value                     0x00000000   Number         0  printfstubs.o ABSOLUTE
    _printf_s                                0x00000000   Number         0  printfstubs.o ABSOLUTE
    _printf_sizespec                         0x00000000   Number         0  printfstubs.o ABSOLUTE
    _printf_str                              0x00000000   Number         0  printfstubs.o ABSOLUTE
    _printf_truncate_signed                  0x00000000   Number         0  printfstubs.o ABSOLUTE
    _printf_truncate_unsigned                0x00000000   Number         0  printfstubs.o ABSOLUTE
    _printf_u                                0x00000000   Number         0  printfstubs.o ABSOLUTE
    _printf_wc                               0x00000000   Number         0  printfstubs.o ABSOLUTE
    _printf_wctomb                           0x00000000   Number         0  printfstubs.o ABSOLUTE
    _printf_widthprec                        0x00000000   Number         0  printfstubs.o ABSOLUTE
    _printf_x                                0x00000000   Number         0  printfstubs.o ABSOLUTE
    __cpp_initialize__aeabi_                  - Undefined Weak Reference
    __cxa_finalize                            - Undefined Weak Reference
    __decompress                              - Undefined Weak Reference
    _clock_init                               - Undefined Weak Reference
    _microlib_exit                            - Undefined Weak Reference
    __Vectors_Size                           0x00000188   Number         0  startup_stm32f407xx.o ABSOLUTE
    __Vectors                                0x08000000   Data           4  startup_stm32f407xx.o(RESET)
    __Vectors_End                            0x08000188   Data           0  startup_stm32f407xx.o(RESET)
    __main                                   0x08000189   Thumb Code     0  entry.o(.ARM.Collect$$$$00000000)
    _main_stk                                0x08000189   Thumb Code     0  entry2.o(.ARM.Collect$$$$00000001)
    _main_scatterload                        0x0800018d   Thumb Code     0  entry5.o(.ARM.Collect$$$$00000004)
    __main_after_scatterload                 0x08000191   Thumb Code     0  entry5.o(.ARM.Collect$$$$00000004)
    _main_clock                              0x08000191   Thumb Code     0  entry7b.o(.ARM.Collect$$$$00000008)
    _main_cpp_init                           0x08000191   Thumb Code     0  entry8b.o(.ARM.Collect$$$$0000000A)
    _main_init                               0x08000191   Thumb Code     0  entry9a.o(.ARM.Collect$$$$0000000B)
    __rt_final_cpp                           0x08000199   Thumb Code     0  entry10a.o(.ARM.Collect$$$$0000000D)
    __rt_final_exit                          0x08000199   Thumb Code     0  entry11a.o(.ARM.Collect$$$$0000000F)
    Reset_Handler                            0x0800019d   Thumb Code     8  startup_stm32f407xx.o(.text)
    ADC_IRQHandler                           0x080001b7   Thumb Code     0  startup_stm32f407xx.o(.text)
    CAN1_RX0_IRQHandler                      0x080001b7   Thumb Code     0  startup_stm32f407xx.o(.text)
    CAN1_RX1_IRQHandler                      0x080001b7   Thumb Code     0  startup_stm32f407xx.o(.text)
    CAN1_SCE_IRQHandler                      0x080001b7   Thumb Code     0  startup_stm32f407xx.o(.text)
    CAN1_TX_IRQHandler                       0x080001b7   Thumb Code     0  startup_stm32f407xx.o(.text)
    CAN2_RX0_IRQHandler                      0x080001b7   Thumb Code     0  startup_stm32f407xx.o(.text)
    CAN2_RX1_IRQHandler                      0x080001b7   Thumb Code     0  startup_stm32f407xx.o(.text)
    CAN2_SCE_IRQHandler                      0x080001b7   Thumb Code     0  startup_stm32f407xx.o(.text)
    CAN2_TX_IRQHandler                       0x080001b7   Thumb Code     0  startup_stm32f407xx.o(.text)
    DCMI_IRQHandler                          0x080001b7   Thumb Code     0  startup_stm32f407xx.o(.text)
    DMA1_Stream0_IRQHandler                  0x080001b7   Thumb Code     0  startup_stm32f407xx.o(.text)
    DMA1_Stream1_IRQHandler                  0x080001b7   Thumb Code     0  startup_stm32f407xx.o(.text)
    DMA1_Stream2_IRQHandler                  0x080001b7   Thumb Code     0  startup_stm32f407xx.o(.text)
    DMA1_Stream3_IRQHandler                  0x080001b7   Thumb Code     0  startup_stm32f407xx.o(.text)
    DMA1_Stream4_IRQHandler                  0x080001b7   Thumb Code     0  startup_stm32f407xx.o(.text)
    DMA1_Stream5_IRQHandler                  0x080001b7   Thumb Code     0  startup_stm32f407xx.o(.text)
    DMA1_Stream6_IRQHandler                  0x080001b7   Thumb Code     0  startup_stm32f407xx.o(.text)
    DMA1_Stream7_IRQHandler                  0x080001b7   Thumb Code     0  startup_stm32f407xx.o(.text)
    DMA2_Stream0_IRQHandler                  0x080001b7   Thumb Code     0  startup_stm32f407xx.o(.text)
    DMA2_Stream1_IRQHandler                  0x080001b7   Thumb Code     0  startup_stm32f407xx.o(.text)
    DMA2_Stream2_IRQHandler                  0x080001b7   Thumb Code     0  startup_stm32f407xx.o(.text)
    DMA2_Stream3_IRQHandler                  0x080001b7   Thumb Code     0  startup_stm32f407xx.o(.text)
    DMA2_Stream4_IRQHandler                  0x080001b7   Thumb Code     0  startup_stm32f407xx.o(.text)
    DMA2_Stream5_IRQHandler                  0x080001b7   Thumb Code     0  startup_stm32f407xx.o(.text)
    DMA2_Stream6_IRQHandler                  0x080001b7   Thumb Code     0  startup_stm32f407xx.o(.text)
    DMA2_Stream7_IRQHandler                  0x080001b7   Thumb Code     0  startup_stm32f407xx.o(.text)
    ETH_IRQHandler                           0x080001b7   Thumb Code     0  startup_stm32f407xx.o(.text)
    ETH_WKUP_IRQHandler                      0x080001b7   Thumb Code     0  startup_stm32f407xx.o(.text)
    EXTI0_IRQHandler                         0x080001b7   Thumb Code     0  startup_stm32f407xx.o(.text)
    EXTI15_10_IRQHandler                     0x080001b7   Thumb Code     0  startup_stm32f407xx.o(.text)
    EXTI1_IRQHandler                         0x080001b7   Thumb Code     0  startup_stm32f407xx.o(.text)
    EXTI2_IRQHandler                         0x080001b7   Thumb Code     0  startup_stm32f407xx.o(.text)
    EXTI3_IRQHandler                         0x080001b7   Thumb Code     0  startup_stm32f407xx.o(.text)
    EXTI4_IRQHandler                         0x080001b7   Thumb Code     0  startup_stm32f407xx.o(.text)
    EXTI9_5_IRQHandler                       0x080001b7   Thumb Code     0  startup_stm32f407xx.o(.text)
    FLASH_IRQHandler                         0x080001b7   Thumb Code     0  startup_stm32f407xx.o(.text)
    FMC_IRQHandler                           0x080001b7   Thumb Code     0  startup_stm32f407xx.o(.text)
    FPU_IRQHandler                           0x080001b7   Thumb Code     0  startup_stm32f407xx.o(.text)
    HASH_RNG_IRQHandler                      0x080001b7   Thumb Code     0  startup_stm32f407xx.o(.text)
    I2C1_ER_IRQHandler                       0x080001b7   Thumb Code     0  startup_stm32f407xx.o(.text)
    I2C1_EV_IRQHandler                       0x080001b7   Thumb Code     0  startup_stm32f407xx.o(.text)
    I2C2_ER_IRQHandler                       0x080001b7   Thumb Code     0  startup_stm32f407xx.o(.text)
    I2C2_EV_IRQHandler                       0x080001b7   Thumb Code     0  startup_stm32f407xx.o(.text)
    I2C3_ER_IRQHandler                       0x080001b7   Thumb Code     0  startup_stm32f407xx.o(.text)
    I2C3_EV_IRQHandler                       0x080001b7   Thumb Code     0  startup_stm32f407xx.o(.text)
    OTG_FS_IRQHandler                        0x080001b7   Thumb Code     0  startup_stm32f407xx.o(.text)
    OTG_FS_WKUP_IRQHandler                   0x080001b7   Thumb Code     0  startup_stm32f407xx.o(.text)
    OTG_HS_EP1_IN_IRQHandler                 0x080001b7   Thumb Code     0  startup_stm32f407xx.o(.text)
    OTG_HS_EP1_OUT_IRQHandler                0x080001b7   Thumb Code     0  startup_stm32f407xx.o(.text)
    OTG_HS_IRQHandler                        0x080001b7   Thumb Code     0  startup_stm32f407xx.o(.text)
    OTG_HS_WKUP_IRQHandler                   0x080001b7   Thumb Code     0  startup_stm32f407xx.o(.text)
    PVD_IRQHandler                           0x080001b7   Thumb Code     0  startup_stm32f407xx.o(.text)
    RCC_IRQHandler                           0x080001b7   Thumb Code     0  startup_stm32f407xx.o(.text)
    RTC_Alarm_IRQHandler                     0x080001b7   Thumb Code     0  startup_stm32f407xx.o(.text)
    RTC_WKUP_IRQHandler                      0x080001b7   Thumb Code     0  startup_stm32f407xx.o(.text)
    SDIO_IRQHandler                          0x080001b7   Thumb Code     0  startup_stm32f407xx.o(.text)
    SPI1_IRQHandler                          0x080001b7   Thumb Code     0  startup_stm32f407xx.o(.text)
    SPI2_IRQHandler                          0x080001b7   Thumb Code     0  startup_stm32f407xx.o(.text)
    SPI3_IRQHandler                          0x080001b7   Thumb Code     0  startup_stm32f407xx.o(.text)
    TAMP_STAMP_IRQHandler                    0x080001b7   Thumb Code     0  startup_stm32f407xx.o(.text)
    TIM1_BRK_TIM9_IRQHandler                 0x080001b7   Thumb Code     0  startup_stm32f407xx.o(.text)
    TIM1_CC_IRQHandler                       0x080001b7   Thumb Code     0  startup_stm32f407xx.o(.text)
    TIM1_TRG_COM_TIM11_IRQHandler            0x080001b7   Thumb Code     0  startup_stm32f407xx.o(.text)
    TIM1_UP_TIM10_IRQHandler                 0x080001b7   Thumb Code     0  startup_stm32f407xx.o(.text)
    TIM2_IRQHandler                          0x080001b7   Thumb Code     0  startup_stm32f407xx.o(.text)
    TIM3_IRQHandler                          0x080001b7   Thumb Code     0  startup_stm32f407xx.o(.text)
    TIM4_IRQHandler                          0x080001b7   Thumb Code     0  startup_stm32f407xx.o(.text)
    TIM5_IRQHandler                          0x080001b7   Thumb Code     0  startup_stm32f407xx.o(.text)
    TIM7_IRQHandler                          0x080001b7   Thumb Code     0  startup_stm32f407xx.o(.text)
    TIM8_BRK_TIM12_IRQHandler                0x080001b7   Thumb Code     0  startup_stm32f407xx.o(.text)
    TIM8_CC_IRQHandler                       0x080001b7   Thumb Code     0  startup_stm32f407xx.o(.text)
    TIM8_TRG_COM_TIM14_IRQHandler            0x080001b7   Thumb Code     0  startup_stm32f407xx.o(.text)
    TIM8_UP_TIM13_IRQHandler                 0x080001b7   Thumb Code     0  startup_stm32f407xx.o(.text)
    UART4_IRQHandler                         0x080001b7   Thumb Code     0  startup_stm32f407xx.o(.text)
    UART5_IRQHandler                         0x080001b7   Thumb Code     0  startup_stm32f407xx.o(.text)
    USART1_IRQHandler                        0x080001b7   Thumb Code     0  startup_stm32f407xx.o(.text)
    USART2_IRQHandler                        0x080001b7   Thumb Code     0  startup_stm32f407xx.o(.text)
    USART3_IRQHandler                        0x080001b7   Thumb Code     0  startup_stm32f407xx.o(.text)
    USART6_IRQHandler                        0x080001b7   Thumb Code     0  startup_stm32f407xx.o(.text)
    WWDG_IRQHandler                          0x080001b7   Thumb Code     0  startup_stm32f407xx.o(.text)
    __aeabi_uldivmod                         0x080001c1   Thumb Code    98  uldiv.o(.text)
    __aeabi_memset                           0x08000223   Thumb Code    14  memseta.o(.text)
    __aeabi_memset4                          0x08000223   Thumb Code     0  memseta.o(.text)
    __aeabi_memset8                          0x08000223   Thumb Code     0  memseta.o(.text)
    __aeabi_memclr                           0x08000231   Thumb Code     4  memseta.o(.text)
    __aeabi_memclr4                          0x08000231   Thumb Code     0  memseta.o(.text)
    __aeabi_memclr8                          0x08000231   Thumb Code     0  memseta.o(.text)
    _memset$wrapper                          0x08000235   Thumb Code    18  memseta.o(.text)
    __aeabi_llsl                             0x08000247   Thumb Code    30  llshl.o(.text)
    _ll_shift_l                              0x08000247   Thumb Code     0  llshl.o(.text)
    __aeabi_llsr                             0x08000265   Thumb Code    32  llushr.o(.text)
    _ll_ushift_r                             0x08000265   Thumb Code     0  llushr.o(.text)
    __scatterload                            0x08000285   Thumb Code    38  init.o(.text)
    __scatterload_rt2                        0x08000285   Thumb Code     0  init.o(.text)
    BusFault_Handler                         0x080002b5   Thumb Code     2  stm32f4xx_it.o(.text.BusFault_Handler)
    DebugMon_Handler                         0x080002b9   Thumb Code     2  stm32f4xx_it.o(.text.DebugMon_Handler)
    Error_Handler                            0x080002bd   Thumb Code     6  main.o(.text.Error_Handler)
    HAL_Delay                                0x080002c5   Thumb Code    40  stm32f4xx_hal.o(.text.HAL_Delay)
    HAL_GPIO_Init                            0x080002ed   Thumb Code   414  stm32f4xx_hal_gpio.o(.text.HAL_GPIO_Init)
    HAL_GPIO_WritePin                        0x0800048d   Thumb Code    10  stm32f4xx_hal_gpio.o(.text.HAL_GPIO_WritePin)
    HAL_GetTick                              0x08000499   Thumb Code    12  stm32f4xx_hal.o(.text.HAL_GetTick)
    HAL_I2C_Init                             0x080004a5   Thumb Code   352  stm32f4xx_hal_i2c.o(.text.HAL_I2C_Init)
    HAL_I2C_MspInit                          0x08000605   Thumb Code   364  i2c.o(.text.HAL_I2C_MspInit)
    HAL_IncTick                              0x08000771   Thumb Code    26  stm32f4xx_hal.o(.text.HAL_IncTick)
    HAL_Init                                 0x0800078d   Thumb Code    54  stm32f4xx_hal.o(.text.HAL_Init)
    HAL_InitTick                             0x080007c5   Thumb Code   178  stm32f4xx_hal_timebase_tim.o(.text.HAL_InitTick)
    HAL_MspInit                              0x08000879   Thumb Code    56  stm32f4xx_hal_msp.o(.text.HAL_MspInit)
    HAL_NVIC_EnableIRQ                       0x080008b1   Thumb Code    34  stm32f4xx_hal_cortex.o(.text.HAL_NVIC_EnableIRQ)
    HAL_NVIC_SetPriority                     0x080008d5   Thumb Code    86  stm32f4xx_hal_cortex.o(.text.HAL_NVIC_SetPriority)
    HAL_NVIC_SetPriorityGrouping             0x0800092d   Thumb Code    32  stm32f4xx_hal_cortex.o(.text.HAL_NVIC_SetPriorityGrouping)
    HAL_RCC_ClockConfig                      0x0800094d   Thumb Code   352  stm32f4xx_hal_rcc.o(.text.HAL_RCC_ClockConfig)
    HAL_RCC_GetClockConfig                   0x08000aad   Thumb Code    62  stm32f4xx_hal_rcc.o(.text.HAL_RCC_GetClockConfig)
    HAL_RCC_GetPCLK1Freq                     0x08000aed   Thumb Code    38  stm32f4xx_hal_rcc.o(.text.HAL_RCC_GetPCLK1Freq)
    HAL_RCC_GetPCLK2Freq                     0x08000b15   Thumb Code    38  stm32f4xx_hal_rcc.o(.text.HAL_RCC_GetPCLK2Freq)
    HAL_RCC_GetSysClockFreq                  0x08000b3d   Thumb Code   106  stm32f4xx_hal_rcc.o(.text.HAL_RCC_GetSysClockFreq)
    HAL_RCC_OscConfig                        0x08000ba9   Thumb Code   880  stm32f4xx_hal_rcc.o(.text.HAL_RCC_OscConfig)
    HAL_TIMEx_BreakCallback                  0x08000f19   Thumb Code     2  stm32f4xx_hal_tim_ex.o(.text.HAL_TIMEx_BreakCallback)
    HAL_TIMEx_CommutCallback                 0x08000f1d   Thumb Code     2  stm32f4xx_hal_tim_ex.o(.text.HAL_TIMEx_CommutCallback)
    HAL_TIM_Base_Init                        0x08000f21   Thumb Code    90  stm32f4xx_hal_tim.o(.text.HAL_TIM_Base_Init)
    HAL_TIM_Base_MspInit                     0x08000f7d   Thumb Code   142  tim.o(.text.HAL_TIM_Base_MspInit)
    HAL_TIM_Base_Start_IT                    0x0800100d   Thumb Code   168  stm32f4xx_hal_tim.o(.text.HAL_TIM_Base_Start_IT)
    HAL_TIM_IC_CaptureCallback               0x080010b5   Thumb Code     2  stm32f4xx_hal_tim.o(.text.HAL_TIM_IC_CaptureCallback)
    HAL_TIM_IRQHandler                       0x080010b9   Thumb Code   330  stm32f4xx_hal_tim.o(.text.HAL_TIM_IRQHandler)
    HAL_TIM_MspPostInit                      0x08001205   Thumb Code   272  tim.o(.text.HAL_TIM_MspPostInit)
    HAL_TIM_OC_DelayElapsedCallback          0x08001315   Thumb Code     2  stm32f4xx_hal_tim.o(.text.HAL_TIM_OC_DelayElapsedCallback)
    HAL_TIM_PWM_ConfigChannel                0x08001319   Thumb Code   532  stm32f4xx_hal_tim.o(.text.HAL_TIM_PWM_ConfigChannel)
    HAL_TIM_PWM_Init                         0x0800152d   Thumb Code    90  stm32f4xx_hal_tim.o(.text.HAL_TIM_PWM_Init)
    HAL_TIM_PWM_MspInit                      0x08001589   Thumb Code    52  tim.o(.text.HAL_TIM_PWM_MspInit)
    HAL_TIM_PWM_PulseFinishedCallback        0x080015bd   Thumb Code     2  stm32f4xx_hal_tim.o(.text.HAL_TIM_PWM_PulseFinishedCallback)
    HAL_TIM_PWM_Start                        0x080015c1   Thumb Code   258  stm32f4xx_hal_tim.o(.text.HAL_TIM_PWM_Start)
    HAL_TIM_PeriodElapsedCallback            0x080016c5   Thumb Code    20  main.o(.text.HAL_TIM_PeriodElapsedCallback)
    HAL_TIM_TriggerCallback                  0x080016d9   Thumb Code     2  stm32f4xx_hal_tim.o(.text.HAL_TIM_TriggerCallback)
    HAL_UART_Init                            0x080016dd   Thumb Code    96  stm32f4xx_hal_uart.o(.text.HAL_UART_Init)
    HAL_UART_MspInit                         0x0800173d   Thumb Code   244  usart.o(.text.HAL_UART_MspInit)
    HAL_UART_Receive                         0x08001831   Thumb Code   502  stm32f4xx_hal_uart.o(.text.HAL_UART_Receive)
    HardFault_Handler                        0x08001a29   Thumb Code     2  stm32f4xx_it.o(.text.HardFault_Handler)
    MX_GPIO_Init                             0x08001a2d   Thumb Code   190  gpio.o(.text.MX_GPIO_Init)
    MX_I2C1_Init                             0x08001aed   Thumb Code    66  i2c.o(.text.MX_I2C1_Init)
    MX_I2C2_Init                             0x08001b31   Thumb Code    66  i2c.o(.text.MX_I2C2_Init)
    MX_I2C3_Init                             0x08001b75   Thumb Code    66  i2c.o(.text.MX_I2C3_Init)
    MX_TIM11_Init                            0x08001bb9   Thumb Code   132  tim.o(.text.MX_TIM11_Init)
    MX_TIM12_Init                            0x08001c3d   Thumb Code   108  tim.o(.text.MX_TIM12_Init)
    MX_TIM13_Init                            0x08001ca9   Thumb Code   132  tim.o(.text.MX_TIM13_Init)
    MX_TIM14_Init                            0x08001d2d   Thumb Code   132  tim.o(.text.MX_TIM14_Init)
    MX_UART4_Init                            0x08001db1   Thumb Code    60  usart.o(.text.MX_UART4_Init)
    MX_UART5_Init                            0x08001ded   Thumb Code    60  usart.o(.text.MX_UART5_Init)
    MemManage_Handler                        0x08001e29   Thumb Code     2  stm32f4xx_it.o(.text.MemManage_Handler)
    Motor_Down                               0x08001e2d   Thumb Code    62  bldc.o(.text.Motor_Down)
    Motor_Init                               0x08001e6d   Thumb Code    98  bldc.o(.text.Motor_Init)
    Motor_Left_Y                             0x08001ed1   Thumb Code    66  bldc.o(.text.Motor_Left_Y)
    Motor_Left_Z                             0x08001f15   Thumb Code    68  bldc.o(.text.Motor_Left_Z)
    Motor_Right_Y                            0x08001f59   Thumb Code    68  bldc.o(.text.Motor_Right_Y)
    Motor_Right_Z                            0x08001f9d   Thumb Code    68  bldc.o(.text.Motor_Right_Z)
    Motor_Rise                               0x08001fe1   Thumb Code    62  bldc.o(.text.Motor_Rise)
    Motor_Stop                               0x08002021   Thumb Code    58  bldc.o(.text.Motor_Stop)
    NMI_Handler                              0x0800205d   Thumb Code     2  stm32f4xx_it.o(.text.NMI_Handler)
    PID_Init                                 0x08002061   Thumb Code    10  pid.o(.text.PID_Init)
    PendSV_Handler                           0x0800206d   Thumb Code     2  stm32f4xx_it.o(.text.PendSV_Handler)
    SVC_Handler                              0x08002071   Thumb Code     2  stm32f4xx_it.o(.text.SVC_Handler)
    SysTick_Handler                          0x08002075   Thumb Code     2  stm32f4xx_it.o(.text.SysTick_Handler)
    SystemClock_Config                       0x08002079   Thumb Code   166  main.o(.text.SystemClock_Config)
    SystemInit                               0x08002121   Thumb Code    18  system_stm32f4xx.o(.text.SystemInit)
    TIM6_DAC_IRQHandler                      0x08002135   Thumb Code    12  stm32f4xx_it.o(.text.TIM6_DAC_IRQHandler)
    TIM_Base_SetConfig                       0x08002141   Thumb Code   308  stm32f4xx_hal_tim.o(.text.TIM_Base_SetConfig)
    UsageFault_Handler                       0x08002355   Thumb Code     2  stm32f4xx_it.o(.text.UsageFault_Handler)
    main                                     0x08002359   Thumb Code   294  main.o(.text.main)
    __scatterload_copy                       0x0800247f   Thumb Code    14  handlers.o(i.__scatterload_copy)
    __scatterload_null                       0x0800248d   Thumb Code     2  handlers.o(i.__scatterload_null)
    __scatterload_zeroinit                   0x0800248f   Thumb Code    14  handlers.o(i.__scatterload_zeroinit)
    AHBPrescTable                            0x0800249c   Data          16  system_stm32f4xx.o(.rodata.AHBPrescTable)
    APBPrescTable                            0x080024ac   Data           8  system_stm32f4xx.o(.rodata.APBPrescTable)
    Region$$Table$$Base                      0x080024b4   Number         0  anon$$obj.o(Region$$Table)
    Region$$Table$$Limit                     0x080024d4   Number         0  anon$$obj.o(Region$$Table)
    Speed                                    0x20000000   Data           2  main.o(.data.Speed)
    SystemCoreClock                          0x20000004   Data           4  system_stm32f4xx.o(.data.SystemCoreClock)
    uwTickFreq                               0x20000008   Data           1  stm32f4xx_hal.o(.data.uwTickFreq)
    uwTickPrio                               0x2000000c   Data           4  stm32f4xx_hal.o(.data.uwTickPrio)
    buffer                                   0x20000010   Data           1  main.o(.bss.buffer)
    hi2c1                                    0x20000014   Data          84  i2c.o(.bss.hi2c1)
    hi2c2                                    0x20000068   Data          84  i2c.o(.bss.hi2c2)
    hi2c3                                    0x200000bc   Data          84  i2c.o(.bss.hi2c3)
    htim11                                   0x20000110   Data          72  tim.o(.bss.htim11)
    htim12                                   0x20000158   Data          72  tim.o(.bss.htim12)
    htim13                                   0x200001a0   Data          72  tim.o(.bss.htim13)
    htim14                                   0x200001e8   Data          72  tim.o(.bss.htim14)
    htim6                                    0x20000230   Data          72  stm32f4xx_hal_timebase_tim.o(.bss.htim6)
    huart4                                   0x20000278   Data          72  usart.o(.bss.huart4)
    huart5                                   0x200002c0   Data          72  usart.o(.bss.huart5)
    pid                                      0x20000308   Data           4  main.o(.bss.pid)
    uwTick                                   0x2000030c   Data           4  stm32f4xx_hal.o(.bss.uwTick)
    __initial_sp                             0x20000710   Data           0  startup_stm32f407xx.o(STACK)



==============================================================================

Memory Map of the image

  Image Entry point : 0x08000189

  Load Region LR_IROM1 (Base: 0x08000000, Size: 0x000024e8, Max: 0x00080000, ABSOLUTE)

    Execution Region ER_IROM1 (Exec base: 0x08000000, Load base: 0x08000000, Size: 0x000024d4, Max: 0x00080000, ABSOLUTE)

    Exec Addr    Load Addr    Size         Type   Attr      Idx    E Section Name        Object

    0x08000000   0x08000000   0x00000188   Data   RO            3    RESET               startup_stm32f407xx.o
    0x08000188   0x08000188   0x00000000   Code   RO         1463  * .ARM.Collect$$$$00000000  mc_w.l(entry.o)
    0x08000188   0x08000188   0x00000004   Code   RO         1793    .ARM.Collect$$$$00000001  mc_w.l(entry2.o)
    0x0800018c   0x0800018c   0x00000004   Code   RO         1796    .ARM.Collect$$$$00000004  mc_w.l(entry5.o)
    0x08000190   0x08000190   0x00000000   Code   RO         1798    .ARM.Collect$$$$00000008  mc_w.l(entry7b.o)
    0x08000190   0x08000190   0x00000000   Code   RO         1800    .ARM.Collect$$$$0000000A  mc_w.l(entry8b.o)
    0x08000190   0x08000190   0x00000008   Code   RO         1801    .ARM.Collect$$$$0000000B  mc_w.l(entry9a.o)
    0x08000198   0x08000198   0x00000000   Code   RO         1803    .ARM.Collect$$$$0000000D  mc_w.l(entry10a.o)
    0x08000198   0x08000198   0x00000000   Code   RO         1805    .ARM.Collect$$$$0000000F  mc_w.l(entry11a.o)
    0x08000198   0x08000198   0x00000004   Code   RO         1794    .ARM.Collect$$$$00002712  mc_w.l(entry2.o)
    0x0800019c   0x0800019c   0x00000024   Code   RO            4    .text               startup_stm32f407xx.o
    0x080001c0   0x080001c0   0x00000062   Code   RO         1470    .text               mc_w.l(uldiv.o)
    0x08000222   0x08000222   0x00000024   Code   RO         1474    .text               mc_w.l(memseta.o)
    0x08000246   0x08000246   0x0000001e   Code   RO         1819    .text               mc_w.l(llshl.o)
    0x08000264   0x08000264   0x00000020   Code   RO         1821    .text               mc_w.l(llushr.o)
    0x08000284   0x08000284   0x00000030   Code   RO         1847    .text               mc_w.l(init.o)
    0x080002b4   0x080002b4   0x00000002   Code   RO          119    .text.BusFault_Handler  stm32f4xx_it.o
    0x080002b6   0x080002b6   0x00000002   PAD
    0x080002b8   0x080002b8   0x00000002   Code   RO          125    .text.DebugMon_Handler  stm32f4xx_it.o
    0x080002ba   0x080002ba   0x00000002   PAD
    0x080002bc   0x080002bc   0x00000006   Code   RO           15    .text.Error_Handler  main.o
    0x080002c2   0x080002c2   0x00000002   PAD
    0x080002c4   0x080002c4   0x00000028   Code   RO          474    .text.HAL_Delay     stm32f4xx_hal.o
    0x080002ec   0x080002ec   0x0000019e   Code   RO          273    .text.HAL_GPIO_Init  stm32f4xx_hal_gpio.o
    0x0800048a   0x0800048a   0x00000002   PAD
    0x0800048c   0x0800048c   0x0000000a   Code   RO          279    .text.HAL_GPIO_WritePin  stm32f4xx_hal_gpio.o
    0x08000496   0x08000496   0x00000002   PAD
    0x08000498   0x08000498   0x0000000c   Code   RO          466    .text.HAL_GetTick   stm32f4xx_hal.o
    0x080004a4   0x080004a4   0x00000160   Code   RO          545    .text.HAL_I2C_Init  stm32f4xx_hal_i2c.o
    0x08000604   0x08000604   0x0000016c   Code   RO           48    .text.HAL_I2C_MspInit  i2c.o
    0x08000770   0x08000770   0x0000001a   Code   RO          464    .text.HAL_IncTick   stm32f4xx_hal.o
    0x0800078a   0x0800078a   0x00000002   PAD
    0x0800078c   0x0800078c   0x00000036   Code   RO          454    .text.HAL_Init      stm32f4xx_hal.o
    0x080007c2   0x080007c2   0x00000002   PAD
    0x080007c4   0x080007c4   0x000000b2   Code   RO          148    .text.HAL_InitTick  stm32f4xx_hal_timebase_tim.o
    0x08000876   0x08000876   0x00000002   PAD
    0x08000878   0x08000878   0x00000038   Code   RO          140    .text.HAL_MspInit   stm32f4xx_hal_msp.o
    0x080008b0   0x080008b0   0x00000022   Code   RO          410    .text.HAL_NVIC_EnableIRQ  stm32f4xx_hal_cortex.o
    0x080008d2   0x080008d2   0x00000002   PAD
    0x080008d4   0x080008d4   0x00000056   Code   RO          408    .text.HAL_NVIC_SetPriority  stm32f4xx_hal_cortex.o
    0x0800092a   0x0800092a   0x00000002   PAD
    0x0800092c   0x0800092c   0x00000020   Code   RO          406    .text.HAL_NVIC_SetPriorityGrouping  stm32f4xx_hal_cortex.o
    0x0800094c   0x0800094c   0x00000160   Code   RO          167    .text.HAL_RCC_ClockConfig  stm32f4xx_hal_rcc.o
    0x08000aac   0x08000aac   0x0000003e   Code   RO          185    .text.HAL_RCC_GetClockConfig  stm32f4xx_hal_rcc.o
    0x08000aea   0x08000aea   0x00000002   PAD
    0x08000aec   0x08000aec   0x00000026   Code   RO          179    .text.HAL_RCC_GetPCLK1Freq  stm32f4xx_hal_rcc.o
    0x08000b12   0x08000b12   0x00000002   PAD
    0x08000b14   0x08000b14   0x00000026   Code   RO          181    .text.HAL_RCC_GetPCLK2Freq  stm32f4xx_hal_rcc.o
    0x08000b3a   0x08000b3a   0x00000002   PAD
    0x08000b3c   0x08000b3c   0x0000006a   Code   RO          169    .text.HAL_RCC_GetSysClockFreq  stm32f4xx_hal_rcc.o
    0x08000ba6   0x08000ba6   0x00000002   PAD
    0x08000ba8   0x08000ba8   0x00000370   Code   RO          165    .text.HAL_RCC_OscConfig  stm32f4xx_hal_rcc.o
    0x08000f18   0x08000f18   0x00000002   Code   RO          985    .text.HAL_TIMEx_BreakCallback  stm32f4xx_hal_tim_ex.o
    0x08000f1a   0x08000f1a   0x00000002   PAD
    0x08000f1c   0x08000f1c   0x00000002   Code   RO          981    .text.HAL_TIMEx_CommutCallback  stm32f4xx_hal_tim_ex.o
    0x08000f1e   0x08000f1e   0x00000002   PAD
    0x08000f20   0x08000f20   0x0000005a   Code   RO          680    .text.HAL_TIM_Base_Init  stm32f4xx_hal_tim.o
    0x08000f7a   0x08000f7a   0x00000002   PAD
    0x08000f7c   0x08000f7c   0x0000008e   Code   RO           73    .text.HAL_TIM_Base_MspInit  tim.o
    0x0800100a   0x0800100a   0x00000002   PAD
    0x0800100c   0x0800100c   0x000000a8   Code   RO          694    .text.HAL_TIM_Base_Start_IT  stm32f4xx_hal_tim.o
    0x080010b4   0x080010b4   0x00000002   Code   RO          816    .text.HAL_TIM_IC_CaptureCallback  stm32f4xx_hal_tim.o
    0x080010b6   0x080010b6   0x00000002   PAD
    0x080010b8   0x080010b8   0x0000014a   Code   RO          814    .text.HAL_TIM_IRQHandler  stm32f4xx_hal_tim.o
    0x08001202   0x08001202   0x00000002   PAD
    0x08001204   0x08001204   0x00000110   Code   RO           65    .text.HAL_TIM_MspPostInit  tim.o
    0x08001314   0x08001314   0x00000002   Code   RO          818    .text.HAL_TIM_OC_DelayElapsedCallback  stm32f4xx_hal_tim.o
    0x08001316   0x08001316   0x00000002   PAD
    0x08001318   0x08001318   0x00000214   Code   RO          834    .text.HAL_TIM_PWM_ConfigChannel  stm32f4xx_hal_tim.o
    0x0800152c   0x0800152c   0x0000005a   Code   RO          734    .text.HAL_TIM_PWM_Init  stm32f4xx_hal_tim.o
    0x08001586   0x08001586   0x00000002   PAD
    0x08001588   0x08001588   0x00000034   Code   RO           75    .text.HAL_TIM_PWM_MspInit  tim.o
    0x080015bc   0x080015bc   0x00000002   Code   RO          820    .text.HAL_TIM_PWM_PulseFinishedCallback  stm32f4xx_hal_tim.o
    0x080015be   0x080015be   0x00000002   PAD
    0x080015c0   0x080015c0   0x00000102   Code   RO          742    .text.HAL_TIM_PWM_Start  stm32f4xx_hal_tim.o
    0x080016c2   0x080016c2   0x00000002   PAD
    0x080016c4   0x080016c4   0x00000014   Code   RO           17    .text.HAL_TIM_PeriodElapsedCallback  main.o
    0x080016d8   0x080016d8   0x00000002   Code   RO          824    .text.HAL_TIM_TriggerCallback  stm32f4xx_hal_tim.o
    0x080016da   0x080016da   0x00000002   PAD
    0x080016dc   0x080016dc   0x00000060   Code   RO          999    .text.HAL_UART_Init  stm32f4xx_hal_uart.o
    0x0800173c   0x0800173c   0x000000f4   Code   RO           97    .text.HAL_UART_MspInit  usart.o
    0x08001830   0x08001830   0x000001f6   Code   RO         1017    .text.HAL_UART_Receive  stm32f4xx_hal_uart.o
    0x08001a26   0x08001a26   0x00000002   PAD
    0x08001a28   0x08001a28   0x00000002   Code   RO          115    .text.HardFault_Handler  stm32f4xx_it.o
    0x08001a2a   0x08001a2a   0x00000002   PAD
    0x08001a2c   0x08001a2c   0x000000be   Code   RO           33    .text.MX_GPIO_Init  gpio.o
    0x08001aea   0x08001aea   0x00000002   PAD
    0x08001aec   0x08001aec   0x00000042   Code   RO           42    .text.MX_I2C1_Init  i2c.o
    0x08001b2e   0x08001b2e   0x00000002   PAD
    0x08001b30   0x08001b30   0x00000042   Code   RO           44    .text.MX_I2C2_Init  i2c.o
    0x08001b72   0x08001b72   0x00000002   PAD
    0x08001b74   0x08001b74   0x00000042   Code   RO           46    .text.MX_I2C3_Init  i2c.o
    0x08001bb6   0x08001bb6   0x00000002   PAD
    0x08001bb8   0x08001bb8   0x00000084   Code   RO           63    .text.MX_TIM11_Init  tim.o
    0x08001c3c   0x08001c3c   0x0000006c   Code   RO           67    .text.MX_TIM12_Init  tim.o
    0x08001ca8   0x08001ca8   0x00000084   Code   RO           69    .text.MX_TIM13_Init  tim.o
    0x08001d2c   0x08001d2c   0x00000084   Code   RO           71    .text.MX_TIM14_Init  tim.o
    0x08001db0   0x08001db0   0x0000003c   Code   RO           93    .text.MX_UART4_Init  usart.o
    0x08001dec   0x08001dec   0x0000003c   Code   RO           95    .text.MX_UART5_Init  usart.o
    0x08001e28   0x08001e28   0x00000002   Code   RO          117    .text.MemManage_Handler  stm32f4xx_it.o
    0x08001e2a   0x08001e2a   0x00000002   PAD
    0x08001e2c   0x08001e2c   0x0000003e   Code   RO         1158    .text.Motor_Down    bldc.o
    0x08001e6a   0x08001e6a   0x00000002   PAD
    0x08001e6c   0x08001e6c   0x00000062   Code   RO         1136    .text.Motor_Init    bldc.o
    0x08001ece   0x08001ece   0x00000002   PAD
    0x08001ed0   0x08001ed0   0x00000042   Code   RO         1150    .text.Motor_Left_Y  bldc.o
    0x08001f12   0x08001f12   0x00000002   PAD
    0x08001f14   0x08001f14   0x00000044   Code   RO         1154    .text.Motor_Left_Z  bldc.o
    0x08001f58   0x08001f58   0x00000044   Code   RO         1148    .text.Motor_Right_Y  bldc.o
    0x08001f9c   0x08001f9c   0x00000044   Code   RO         1152    .text.Motor_Right_Z  bldc.o
    0x08001fe0   0x08001fe0   0x0000003e   Code   RO         1156    .text.Motor_Rise    bldc.o
    0x0800201e   0x0800201e   0x00000002   PAD
    0x08002020   0x08002020   0x0000003a   Code   RO         1160    .text.Motor_Stop    bldc.o
    0x0800205a   0x0800205a   0x00000002   PAD
    0x0800205c   0x0800205c   0x00000002   Code   RO          113    .text.NMI_Handler   stm32f4xx_it.o
    0x0800205e   0x0800205e   0x00000002   PAD
    0x08002060   0x08002060   0x0000000a   Code   RO         1428    .text.PID_Init      pid.o
    0x0800206a   0x0800206a   0x00000002   PAD
    0x0800206c   0x0800206c   0x00000002   Code   RO          127    .text.PendSV_Handler  stm32f4xx_it.o
    0x0800206e   0x0800206e   0x00000002   PAD
    0x08002070   0x08002070   0x00000002   Code   RO          123    .text.SVC_Handler   stm32f4xx_it.o
    0x08002072   0x08002072   0x00000002   PAD
    0x08002074   0x08002074   0x00000002   Code   RO          129    .text.SysTick_Handler  stm32f4xx_it.o
    0x08002076   0x08002076   0x00000002   PAD
    0x08002078   0x08002078   0x000000a6   Code   RO           13    .text.SystemClock_Config  main.o
    0x0800211e   0x0800211e   0x00000002   PAD
    0x08002120   0x08002120   0x00000012   Code   RO         1121    .text.SystemInit    system_stm32f4xx.o
    0x08002132   0x08002132   0x00000002   PAD
    0x08002134   0x08002134   0x0000000c   Code   RO          131    .text.TIM6_DAC_IRQHandler  stm32f4xx_it.o
    0x08002140   0x08002140   0x00000134   Code   RO          684    .text.TIM_Base_SetConfig  stm32f4xx_hal_tim.o
    0x08002274   0x08002274   0x000000de   Code   RO         1003    .text.UART_SetConfig  stm32f4xx_hal_uart.o
    0x08002352   0x08002352   0x00000002   PAD
    0x08002354   0x08002354   0x00000002   Code   RO          121    .text.UsageFault_Handler  stm32f4xx_it.o
    0x08002356   0x08002356   0x00000002   PAD
    0x08002358   0x08002358   0x00000126   Code   RO           11    .text.main          main.o
    0x0800247e   0x0800247e   0x0000000e   Code   RO         1853    i.__scatterload_copy  mc_w.l(handlers.o)
    0x0800248c   0x0800248c   0x00000002   Code   RO         1854    i.__scatterload_null  mc_w.l(handlers.o)
    0x0800248e   0x0800248e   0x0000000e   Code   RO         1855    i.__scatterload_zeroinit  mc_w.l(handlers.o)
    0x0800249c   0x0800249c   0x00000010   Data   RO         1126    .rodata.AHBPrescTable  system_stm32f4xx.o
    0x080024ac   0x080024ac   0x00000008   Data   RO         1127    .rodata.APBPrescTable  system_stm32f4xx.o
    0x080024b4   0x080024b4   0x00000020   Data   RO         1852    Region$$Table       anon$$obj.o


    Execution Region RW_IRAM1 (Exec base: 0x20000000, Load base: 0x080024d8, Size: 0x00000710, Max: 0x0001c000, ABSOLUTE)

    Exec Addr    Load Addr    Size         Type   Attr      Idx    E Section Name        Object

    0x20000000   0x080024d8   0x00000002   Data   RW           19    .data.Speed         main.o
    0x20000002   0x080024da   0x00000002   PAD
    0x20000004   0x080024dc   0x00000004   Data   RW         1125    .data.SystemCoreClock  system_stm32f4xx.o
    0x20000008   0x080024e0   0x00000001   Data   RW          509    .data.uwTickFreq    stm32f4xx_hal.o
    0x20000009   0x080024e1   0x00000003   PAD
    0x2000000c   0x080024e4   0x00000004   Data   RW          508    .data.uwTickPrio    stm32f4xx_hal.o
    0x20000010        -       0x00000001   Zero   RW           21    .bss.buffer         main.o
    0x20000011   0x080024e8   0x00000003   PAD
    0x20000014        -       0x00000054   Zero   RW           52    .bss.hi2c1          i2c.o
    0x20000068        -       0x00000054   Zero   RW           53    .bss.hi2c2          i2c.o
    0x200000bc        -       0x00000054   Zero   RW           54    .bss.hi2c3          i2c.o
    0x20000110        -       0x00000048   Zero   RW           81    .bss.htim11         tim.o
    0x20000158        -       0x00000048   Zero   RW           82    .bss.htim12         tim.o
    0x200001a0        -       0x00000048   Zero   RW           83    .bss.htim13         tim.o
    0x200001e8        -       0x00000048   Zero   RW           84    .bss.htim14         tim.o
    0x20000230        -       0x00000048   Zero   RW          154    .bss.htim6          stm32f4xx_hal_timebase_tim.o
    0x20000278        -       0x00000048   Zero   RW          103    .bss.huart4         usart.o
    0x200002c0        -       0x00000048   Zero   RW          104    .bss.huart5         usart.o
    0x20000308        -       0x00000004   Zero   RW           20    .bss.pid            main.o
    0x2000030c        -       0x00000004   Zero   RW          510    .bss.uwTick         stm32f4xx_hal.o
    0x20000310        -       0x00000400   Zero   RW            1    STACK               startup_stm32f407xx.o


    Execution Region RW_IRAM2 (Exec base: 0x2001c000, Load base: 0x080024e8, Size: 0x00000000, Max: 0x00004000, ABSOLUTE)

    **** No section assigned to this execution region ****


==============================================================================

Image component sizes


      Code (inc. data)   RO Data    RW Data    ZI Data      Debug   Object Name

       550          0          0          0          0      10166   bldc.o
       190          0          0          0          0       2248   gpio.o
       562          0          0          0        252       5862   i2c.o
       486         26          0          2          5       7266   main.o
        10          0          0          0          0       1473   pid.o
        36          8        392          0       1024        852   startup_stm32f407xx.o
       132          0          0          5          4       7340   stm32f4xx_hal.o
       152          0          0          0          0      10563   stm32f4xx_hal_cortex.o
       424          0          0          0          0       5389   stm32f4xx_hal_gpio.o
       352          0          0          0          0      50325   stm32f4xx_hal_i2c.o
        56          0          0          0          0       1497   stm32f4xx_hal_msp.o
      1476          0          0          0          0       7450   stm32f4xx_hal_rcc.o
      1784          4          0          0          0      56216   stm32f4xx_hal_tim.o
         4          0          0          0          0      21323   stm32f4xx_hal_tim_ex.o
       178          0          0          0         72       7290   stm32f4xx_hal_timebase_tim.o
       820          0          0          0          0      30907   stm32f4xx_hal_uart.o
        30          0          0          0          0       4425   stm32f4xx_it.o
        18          0         24          4          0       2686   system_stm32f4xx.o
       970          0          0          0        288       7884   tim.o
       364          0          0          0        144       5941   usart.o

    ----------------------------------------------------------------------
      8686         38        448         16       1792     247103   Object Totals
         0          0         32          0          0          0   (incl. Generated)
        92          0          0          5          3          0   (incl. Padding)

    ----------------------------------------------------------------------

      Code (inc. data)   RO Data    RW Data    ZI Data      Debug   Library Member Name

         0          0          0          0          0          0   entry.o
         0          0          0          0          0          0   entry10a.o
         0          0          0          0          0          0   entry11a.o
         8          4          0          0          0          0   entry2.o
         4          0          0          0          0          0   entry5.o
         0          0          0          0          0          0   entry7b.o
         0          0          0          0          0          0   entry8b.o
         8          4          0          0          0          0   entry9a.o
        30          0          0          0          0          0   handlers.o
        48         10          0          0          0         68   init.o
        30          0          0          0          0         68   llshl.o
        32          0          0          0          0         68   llushr.o
        36          0          0          0          0        108   memseta.o
        98          0          0          0          0         92   uldiv.o

    ----------------------------------------------------------------------
       294         18          0          0          0        404   Library Totals
         0          0          0          0          0          0   (incl. Padding)

    ----------------------------------------------------------------------

      Code (inc. data)   RO Data    RW Data    ZI Data      Debug   Library Name

       294         18          0          0          0        404   mc_w.l

    ----------------------------------------------------------------------
       294         18          0          0          0        404   Library Totals

    ----------------------------------------------------------------------

==============================================================================


      Code (inc. data)   RO Data    RW Data    ZI Data      Debug   

      8980         56        448         16       1792     247247   Grand Totals
      8980         56        448         16       1792     247247   ELF Image Totals
      8980         56        448         16          0          0   ROM Totals

==============================================================================

    Total RO  Size (Code + RO Data)                 9428 (   9.21kB)
    Total RW  Size (RW Data + ZI Data)              1808 (   1.77kB)
    Total ROM Size (Code + RO Data + RW Data)       9444 (   9.22kB)

==============================================================================

